Archive member included to satisfy reference by file (symbol)

/usr/lib/gcc/arm-none-eabi/10.3.1/thumb/v7-m/nofp/libgcc.a(_arm_mulsf3.o)
                              obj/ltc268x.o (__aeabi_fmul)
/usr/lib/gcc/arm-none-eabi/10.3.1/thumb/v7-m/nofp/libgcc.a(_arm_addsubsf3.o)
                              obj/ltc268x.o (__aeabi_fsub)
/usr/lib/gcc/arm-none-eabi/10.3.1/thumb/v7-m/nofp/libgcc.a(_arm_muldivsf3.o)
                              obj/ltc268x.o (__aeabi_fdiv)
/usr/lib/gcc/arm-none-eabi/10.3.1/thumb/v7-m/nofp/libgcc.a(_arm_fixunssfsi.o)
                              obj/ltc268x.o (__aeabi_f2uiz)
/usr/lib/gcc/arm-none-eabi/10.3.1/thumb/v7-m/nofp/libgcc.a(_aeabi_ldivmod.o)
                              obj/no_os_util.o (__aeabi_ldivmod)
/usr/lib/gcc/arm-none-eabi/10.3.1/thumb/v7-m/nofp/libgcc.a(_aeabi_uldivmod.o)
                              obj/no_os_util.o (__aeabi_uldivmod)
/usr/lib/gcc/arm-none-eabi/10.3.1/thumb/v7-m/nofp/libgcc.a(_udivmoddi4.o)
                              /usr/lib/gcc/arm-none-eabi/10.3.1/thumb/v7-m/nofp/libgcc.a(_aeabi_ldivmod.o) (__udivmoddi4)
/usr/lib/gcc/arm-none-eabi/10.3.1/thumb/v7-m/nofp/libgcc.a(_dvmd_tls.o)
                              /usr/lib/gcc/arm-none-eabi/10.3.1/thumb/v7-m/nofp/libgcc.a(_aeabi_ldivmod.o) (__aeabi_ldiv0)
/usr/lib/gcc/arm-none-eabi/10.3.1/../../../arm-none-eabi/lib/thumb/v7-m/nofp/libc_nano.a(lib_a-atexit.o)
                              /usr/lib/gcc/arm-none-eabi/10.3.1/../../../arm-none-eabi/lib/thumb/v7-m/nofp/crt0.o (atexit)
/usr/lib/gcc/arm-none-eabi/10.3.1/../../../arm-none-eabi/lib/thumb/v7-m/nofp/libc_nano.a(lib_a-exit.o)
                              /usr/lib/gcc/arm-none-eabi/10.3.1/../../../arm-none-eabi/lib/thumb/v7-m/nofp/crt0.o (exit)
/usr/lib/gcc/arm-none-eabi/10.3.1/../../../arm-none-eabi/lib/thumb/v7-m/nofp/libc_nano.a(lib_a-fini.o)
                              /usr/lib/gcc/arm-none-eabi/10.3.1/../../../arm-none-eabi/lib/thumb/v7-m/nofp/crt0.o (__libc_fini_array)
/usr/lib/gcc/arm-none-eabi/10.3.1/../../../arm-none-eabi/lib/thumb/v7-m/nofp/libc_nano.a(lib_a-impure.o)
                              /usr/lib/gcc/arm-none-eabi/10.3.1/../../../arm-none-eabi/lib/thumb/v7-m/nofp/libc_nano.a(lib_a-exit.o) (_global_impure_ptr)
/usr/lib/gcc/arm-none-eabi/10.3.1/../../../arm-none-eabi/lib/thumb/v7-m/nofp/libc_nano.a(lib_a-init.o)
                              /usr/lib/gcc/arm-none-eabi/10.3.1/../../../arm-none-eabi/lib/thumb/v7-m/nofp/crt0.o (__libc_init_array)
/usr/lib/gcc/arm-none-eabi/10.3.1/../../../arm-none-eabi/lib/thumb/v7-m/nofp/libc_nano.a(lib_a-memcpy.o)
                              obj/no_os_util.o (memcpy)
/usr/lib/gcc/arm-none-eabi/10.3.1/../../../arm-none-eabi/lib/thumb/v7-m/nofp/libc_nano.a(lib_a-memset.o)
                              /usr/lib/gcc/arm-none-eabi/10.3.1/../../../arm-none-eabi/lib/thumb/v7-m/nofp/crt0.o (memset)
/usr/lib/gcc/arm-none-eabi/10.3.1/../../../arm-none-eabi/lib/thumb/v7-m/nofp/libc_nano.a(lib_a-printf.o)
                              obj/ltc268x.o (printf)
/usr/lib/gcc/arm-none-eabi/10.3.1/../../../arm-none-eabi/lib/thumb/v7-m/nofp/libc_nano.a(lib_a-puts.o)
                              obj/ltc268x.o (puts)
/usr/lib/gcc/arm-none-eabi/10.3.1/../../../arm-none-eabi/lib/thumb/v7-m/nofp/libc_nano.a(lib_a-snprintf.o)
                              obj/lantask.o (snprintf)
/usr/lib/gcc/arm-none-eabi/10.3.1/../../../arm-none-eabi/lib/thumb/v7-m/nofp/libc_nano.a(lib_a-strtol.o)
                              obj/no_os_util.o (strtol)
/usr/lib/gcc/arm-none-eabi/10.3.1/../../../arm-none-eabi/lib/thumb/v7-m/nofp/libc_nano.a(lib_a-strtoul.o)
                              obj/no_os_util.o (strtoul)
/usr/lib/gcc/arm-none-eabi/10.3.1/../../../arm-none-eabi/lib/thumb/v7-m/nofp/libc_nano.a(lib_a-wbuf.o)
                              /usr/lib/gcc/arm-none-eabi/10.3.1/../../../arm-none-eabi/lib/thumb/v7-m/nofp/libc_nano.a(lib_a-puts.o) (__swbuf_r)
/usr/lib/gcc/arm-none-eabi/10.3.1/../../../arm-none-eabi/lib/thumb/v7-m/nofp/libc_nano.a(lib_a-wsetup.o)
                              /usr/lib/gcc/arm-none-eabi/10.3.1/../../../arm-none-eabi/lib/thumb/v7-m/nofp/libc_nano.a(lib_a-puts.o) (__swsetup_r)
/usr/lib/gcc/arm-none-eabi/10.3.1/../../../arm-none-eabi/lib/thumb/v7-m/nofp/libc_nano.a(lib_a-__atexit.o)
                              /usr/lib/gcc/arm-none-eabi/10.3.1/../../../arm-none-eabi/lib/thumb/v7-m/nofp/libc_nano.a(lib_a-atexit.o) (__register_exitproc)
/usr/lib/gcc/arm-none-eabi/10.3.1/../../../arm-none-eabi/lib/thumb/v7-m/nofp/libc_nano.a(lib_a-__call_atexit.o)
                              /usr/lib/gcc/arm-none-eabi/10.3.1/../../../arm-none-eabi/lib/thumb/v7-m/nofp/libc_nano.a(lib_a-__atexit.o) (__call_exitprocs)
/usr/lib/gcc/arm-none-eabi/10.3.1/../../../arm-none-eabi/lib/thumb/v7-m/nofp/libc_nano.a(lib_a-ctype_.o)
                              /usr/lib/gcc/arm-none-eabi/10.3.1/../../../arm-none-eabi/lib/thumb/v7-m/nofp/libc_nano.a(lib_a-strtol.o) (_ctype_)
[...]
Memory Configuration

Name             Origin             Length             Attributes
RAM              0x0000000020000000 0x0000000000010000 xrw
FLASH            0x0000000008000000 0x0000000000080000 xr
*default*        0x0000000000000000 0xffffffffffffffff

Linker script and memory map

LOAD /usr/lib/gcc/arm-none-eabi/10.3.1/thumb/v7-m/nofp/crti.o
LOAD /usr/lib/gcc/arm-none-eabi/10.3.1/thumb/v7-m/nofp/crtbegin.o
LOAD /usr/lib/gcc/arm-none-eabi/10.3.1/../../../arm-none-eabi/lib/thumb/v7-m/nofp/crt0.o
LOAD obj/I2C.o
LOAD obj/lantask.o
LOAD obj/main.o
LOAD obj/parser.o
LOAD obj/system.o
LOAD obj/HSE_CLK.o
LOAD obj/delay.o
LOAD obj/fact_reset.o
LOAD obj/flash.o
LOAD obj/ltc268x.o
LOAD obj/matrix_io.o
LOAD obj/mux_io.o
LOAD obj/no_os_platform.o
LOAD obj/no_os_util.o
LOAD obj/pin_intr.o
LOAD obj/spi.o
LOAD obj/uart.o
LOAD obj/socket.o
LOAD obj/w5500.o
LOAD obj/wizchip_conf.o
LOAD obj/all_asm.o
START GROUP
LOAD /usr/lib/gcc/arm-none-eabi/10.3.1/thumb/v7-m/nofp/libgcc.a
LOAD /usr/lib/gcc/arm-none-eabi/10.3.1/../../../arm-none-eabi/lib/thumb/v7-m/nofp/libc_nano.a
END GROUP
START GROUP
LOAD /usr/lib/gcc/arm-none-eabi/10.3.1/thumb/v7-m/nofp/libgcc.a
LOAD /usr/lib/gcc/arm-none-eabi/10.3.1/../../../arm-none-eabi/lib/thumb/v7-m/nofp/libc_nano.a
LOAD /usr/lib/gcc/arm-none-eabi/10.3.1/../../../arm-none-eabi/lib/thumb/v7-m/nofp/libnosys.a
END GROUP
START GROUP
LOAD /usr/lib/gcc/arm-none-eabi/10.3.1/thumb/v7-m/nofp/libgcc.a
LOAD /usr/lib/gcc/arm-none-eabi/10.3.1/../../../arm-none-eabi/lib/thumb/v7-m/nofp/libc_nano.a
LOAD /usr/lib/gcc/arm-none-eabi/10.3.1/../../../arm-none-eabi/lib/thumb/v7-m/nofp/libnosys.a
END GROUP
LOAD /usr/lib/gcc/arm-none-eabi/10.3.1/thumb/v7-m/nofp/crtend.o
LOAD /usr/lib/gcc/arm-none-eabi/10.3.1/thumb/v7-m/nofp/crtn.o
                0x0000000020010000                _estack = (ORIGIN (RAM) + LENGTH (RAM))
                0x0000000000000200                _Min_Heap_Size = 0x200
                0x0000000000000400                _Min_Stack_Size = 0x400

.isr_vector     0x0000000008000000      0x1e4
                0x0000000008000000                . = ALIGN (0x4)
 *(.isr_vector)
 .isr_vector    0x0000000008000000      0x1e4 obj/all_asm.o
                0x0000000008000000                g_pfnVectors
                0x00000000080001e4                . = ALIGN (0x4)

.text           0x00000000080001e4     0x45a8
                0x00000000080001e4                . = ALIGN (0x4)
 *(.text)
 .text          0x00000000080001e4       0x88 /usr/lib/gcc/arm-none-eabi/10.3.1/thumb/v7-m/nofp/crtbegin.o
 .text          0x000000000800026c      0x424 obj/I2C.o
                0x0000000008000284                i2c_init
                0x00000000080002f0                i2c_start
                0x0000000008000354                i2c_write
                0x0000000008000384                i2c_read_ack
                0x00000000080003ac                i2c_read_nack
                0x00000000080003dc                i2c_stop
                0x00000000080003f8                eui48_read_mac
                0x00000000080005f0                eui48_get_last_source
                0x0000000008000614                eui48_get_probe_status
                0x000000000800063c                eui48_get_last_raw_read
                0x0000000008000668                eui48_get_diag_counters
 .text          0x0000000008000690      0x218 obj/lantask.o
                0x00000000080006b2                set_tcp_server_port
                0x00000000080006c8                run_tcp_server
                0x0000000008000834                hardware_reset
                0x0000000008000870                w5500_port_init
 .text          0x00000000080008a8       0x7c obj/main.o
                0x00000000080008e4                SystemInit
 .text          0x0000000008000924      0x19c obj/parser.o
                0x0000000008000924                set_voltage
                0x000000000800095c                set_matrix
                0x0000000008000994                set_mux
                0x00000000080009bc                writeIP
                0x0000000008000a5c                parse_command
 .text          0x0000000008000ac0       0xd0 obj/HSE_CLK.o
                0x0000000008000ac0                X_Clock_Init
 .text          0x0000000008000b90       0x54 obj/fact_reset.o
                0x0000000008000b90                Increment_Reset_Counter
 .text          0x0000000008000be4      0x11c obj/flash.o
                0x0000000008000be4                flash_read32
                0x0000000008000bf8                flash_erase_page
                0x0000000008000c4c                flash_write32
 .text          0x0000000008000d00      0x128 obj/matrix_io.o
                0x0000000008000d00                matrix_apply_masks
                0x0000000008000db8                matrix_init
 .text          0x0000000008000e28       0xb0 obj/mux_io.o
                0x0000000008000e28                mux_init
                0x0000000008000e90                mux_select
 .text          0x0000000008000ed8      0x50e obj/no_os_util.o
                0x0000000008000ed8                no_os_test_bit
                0x0000000008000ef2                no_os_find_first_set_bit
                0x0000000008000f06                no_os_find_first_set_bit_u64
                0x0000000008000f30                no_os_find_last_set_bit
                0x0000000008000f48                no_os_find_last_set_bit_u64
                0x0000000008000f78                no_os_find_closest
                0x0000000008000fa8                no_os_field_prep
                0x0000000008000fb8                no_os_field_prep_u64
                0x0000000008000fe8                no_os_field_get
                0x0000000008000ff6                no_os_field_max
                0x0000000008001004                no_os_field_max_u64
                0x000000000800102c                no_os_log_base_2
                0x0000000008001030                no_os_greatest_common_divisor
                0x0000000008001052                no_os_greatest_common_divisor_u64
                0x000000000800108a                no_os_lowest_common_multiple
                0x00000000080010a6                no_os_rational_best_approximation
                0x00000000080010da                no_os_rational_best_approximation_u64
                0x0000000008001140                no_os_hweight8
                0x0000000008001152                no_os_hweight16
                0x0000000008001168                no_os_hweight32
                0x000000000800117e                no_os_do_div
                0x0000000008001192                no_os_div64_u64_rem
                0x00000000080011a0                no_os_div_u64_rem
                0x00000000080011ae                no_os_div_s64_rem
                0x00000000080011bc                no_os_div_u64
                0x00000000080011c6                no_os_div_s64
                0x00000000080011d0                no_os_str_to_int32
                0x00000000080011ea                no_os_str_to_uint32
                0x0000000008001204                no_os_put_unaligned_be16
                0x000000000800120c                no_os_get_unaligned_be16
                0x0000000008001214                no_os_put_unaligned_le16
                0x000000000800121c                no_os_get_unaligned_le16
                0x0000000008001220                no_os_put_unaligned_be24
                0x000000000800122c                no_os_get_unaligned_be24
                0x000000000800123c                no_os_put_unaligned_le24
                0x0000000008001248                no_os_get_unaligned_le24
                0x0000000008001252                no_os_put_unaligned_be32
                0x0000000008001262                no_os_get_unaligned_be32
                0x0000000008001268                no_os_put_unaligned_le32
                0x0000000008001278                no_os_get_unaligned_le32
                0x000000000800127c                no_os_put_unaligned_be64
                0x000000000800129a                no_os_get_unaligned_be64
                0x00000000080012a4                no_os_put_unaligned_le64
                0x00000000080012c2                no_os_get_unaligned_le64
                0x00000000080012ca                no_os_sign_extend16
                0x00000000080012d8                no_os_sign_extend32
                0x00000000080012e4                no_os_mul_u32_u32
                0x00000000080012ea                no_os_mul_u64_u32_shr
                0x0000000008001334                no_os_mul_u64_u32_div
                0x000000000800139c                no_os_is_big_endian
                0x00000000080013a0                no_os_memswap64
 *fill*         0x00000000080013e6        0x2 
 .text          0x00000000080013e8       0x88 obj/pin_intr.o
                0x00000000080013e8                ExternIntInit
                0x0000000008001454                EXTI2_IRQHandler
 .text          0x0000000008001470      0x2b4 obj/spi.o
                0x0000000008001488                ethernet_spi_init
                0x0000000008001554                wizchip_select
                0x0000000008001564                wizchip_deselect
                0x0000000008001574                spi_write
                0x0000000008001576                spi_read
                0x000000000800157a                spi_write_burst
                0x0000000008001590                spi_read_burst
                0x00000000080015a8                ltc_spi_init
                0x0000000008001650                spi2_transfer_byte
                0x0000000008001668                ltc_write_dac_cs
                0x00000000080016bc                ltc_write_dac
                0x00000000080016c2                ltc_read_data_cs
                0x000000000800171c                ltc_read_data
 .text          0x0000000008001724      0x164 obj/uart.o
                0x0000000008001724                uart1_write
                0x0000000008001738                uart1_read
                0x000000000800174c                uart1_set_rx_callback
                0x0000000008001758                uart1_init
                0x00000000080017f4                USART1_IRQHandler
                0x0000000008001814                uart1_print
                0x0000000008001826                uart1_print_hex
 .text          0x0000000008001888      0xca0 obj/socket.o
                0x0000000008001b44                close
                0x0000000008001bb0                socket
                0x0000000008001f0c                listen
                0x0000000008001f76                connect_W5x00
                0x0000000008001f7a                connect_W6x00
                0x0000000008001f7c                disconnect
                0x0000000008002008                send
                0x0000000008002168                recv
                0x0000000008002240                sendto_W5x00
                0x0000000008002254                sendto_W6x00
                0x0000000008002268                recvfrom_W5x00
                0x000000000800226a                recvfrom_W6x00
                0x000000000800226c                ctlsocket
                0x0000000008002328                setsockopt
                0x0000000008002426                getsockopt
 .text          0x0000000008002528      0x31c obj/w5500.o
                0x0000000008002528                WIZCHIP_READ
                0x0000000008002584                WIZCHIP_WRITE
                0x00000000080025e8                WIZCHIP_READ_BUF
                0x000000000800265c                WIZCHIP_WRITE_BUF
                0x00000000080026d0                getSn_TX_FSR
                0x0000000008002712                getSn_RX_RSR
                0x0000000008002754                wiz_send_data
                0x00000000080027ae                wiz_recv_data
                0x0000000008002808                wiz_recv_ignore
 .text          0x0000000008002844      0x734 obj/wizchip_conf.o
                0x0000000008002844                wizchip_cris_enter
                0x0000000008002846                wizchip_bus_readdata
                0x000000000800284a                wizchip_bus_writedata
                0x000000000800284e                wizchip_bus_read_buf
                0x0000000008002888                wizchip_bus_write_buf
                0x00000000080028c0                wizchip_spi_readbyte
                0x00000000080028c4                wizchip_spi_writebyte
                0x00000000080028c6                wizchip_spi_readburst
                0x00000000080028e4                wizchip_spi_writeburst
                0x0000000008002900                wizchip_qspi_read
                0x0000000008002902                wizchip_qspi_write
                0x0000000008002904                wizchip_cris_exit
                0x0000000008002906                wizchip_cs_select
                0x0000000008002908                wizchip_cs_deselect
                0x000000000800290a                reg_wizchip_cris_cbfunc
                0x000000000800292c                reg_wizchip_cs_cbfunc
                0x0000000008002950                reg_wizchip_bus_cbfunc
                0x000000000800297c                reg_wizchip_busbuf_cbfunc
                0x00000000080029a8                reg_wizchip_spi_cbfunc
                0x00000000080029d4                reg_wizchip_spiburst_cbfunc
                0x0000000008002a00                reg_wizchip_qspi_cbfunc
                0x0000000008002a2c                wizchip_sw_reset
                0x0000000008002aa6                wizchip_init
                0x0000000008002b20                wizchip_clrinterrupt
                0x0000000008002b4e                wizchip_getinterrupt
                0x0000000008002b6e                wizchip_setinterruptmask
                0x0000000008002b8a                wizchip_getinterruptmask
                0x0000000008002ba6                wizphy_getphylink
                0x0000000008002bb6                wizphy_getphypmode
                0x0000000008002bce                wizphy_reset
                0x0000000008002bfe                wizphy_setphyconf
                0x0000000008002c44                wizphy_getphyconf
                0x0000000008002cae                wizphy_getphystat
                0x0000000008002cc8                wizphy_setphypmode
                0x0000000008002d1a                ctlwizchip
                0x0000000008002e08                wizchip_setnetinfo
                0x0000000008002e5c                wizchip_getnetinfo
                0x0000000008002eb0                wizchip_setnetmode
                0x0000000008002ed6                wizchip_getnetmode
                0x0000000008002edc                wizchip_settimeout
                0x0000000008002f04                wizchip_gettimeout
                0x0000000008002f2c                ctlnetwork
 .text          0x0000000008002f78       0xa0 /usr/lib/gcc/arm-none-eabi/10.3.1/thumb/v7-m/nofp/libgcc.a(_aeabi_ldivmod.o)
                0x0000000008002f78                __aeabi_ldivmod
 .text          0x0000000008003018       0x30 /usr/lib/gcc/arm-none-eabi/10.3.1/thumb/v7-m/nofp/libgcc.a(_aeabi_uldivmod.o)
                0x0000000008003018                __aeabi_uldivmod
 .text          0x0000000008003048      0x2d4 /usr/lib/gcc/arm-none-eabi/10.3.1/thumb/v7-m/nofp/libgcc.a(_udivmoddi4.o)
                0x0000000008003048                __udivmoddi4
 .text          0x000000000800331c        0x4 /usr/lib/gcc/arm-none-eabi/10.3.1/thumb/v7-m/nofp/libgcc.a(_dvmd_tls.o)
                0x000000000800331c                __aeabi_ldiv0
                0x000000000800331c                __aeabi_idiv0
 .text          0x0000000008003320       0xec /usr/lib/gcc/arm-none-eabi/10.3.1/../../../arm-none-eabi/lib/thumb/v7-m/nofp/libc_nano.a(lib_a-memcpy.o)
                0x0000000008003320                memcpy
 .text          0x000000000800340c      0x100 /usr/lib/gcc/arm-none-eabi/10.3.1/../../../arm-none-eabi/lib/thumb/v7-m/nofp/libc_nano.a(lib_a-snprintf.o)
                0x000000000800340c                _sniprintf_r
                0x000000000800340c                _snprintf_r
                0x0000000008003488                snprintf
                0x0000000008003488                sniprintf
 .text          0x000000000800350c      0x190 /usr/lib/gcc/arm-none-eabi/10.3.1/../../../arm-none-eabi/lib/thumb/v7-m/nofp/libc_nano.a(lib_a-strtol.o)
                0x000000000800362c                _strtol_r
                0x0000000008003644                strtol_l
                0x0000000008003670                strtol
 .text          0x000000000800369c      0x178 /usr/lib/gcc/arm-none-eabi/10.3.1/../../../arm-none-eabi/lib/thumb/v7-m/nofp/libc_nano.a(lib_a-strtoul.o)
                0x00000000080037d8                _strtoul_r
                0x00000000080037dc                strtoul_l
                0x00000000080037f8                strtoul
 .text          0x0000000008003814        0xc /usr/lib/gcc/arm-none-eabi/10.3.1/../../../arm-none-eabi/lib/thumb/v7-m/nofp/libc_nano.a(lib_a-errno.o)
                0x0000000008003814                __errno
 .text          0x0000000008003820       0xcc /usr/lib/gcc/arm-none-eabi/10.3.1/../../../arm-none-eabi/lib/thumb/v7-m/nofp/libc_nano.a(lib_a-nano-freer.o)
                0x0000000008003820                _free_r
 .text          0x00000000080038ec       0xb8 /usr/lib/gcc/arm-none-eabi/10.3.1/../../../arm-none-eabi/lib/thumb/v7-m/nofp/libc_nano.a(lib_a-nano-mallocr.o)
                0x00000000080038ec                _malloc_r
 .text          0x00000000080039a4      0x3f4 /usr/lib/gcc/arm-none-eabi/10.3.1/../../../arm-none-eabi/lib/thumb/v7-m/nofp/libc_nano.a(lib_a-nano-svfprintf.o)
                0x00000000080039a4                __ssputs_r
                0x0000000008003a68                __ssprint_r
                0x0000000008003b64                _svfprintf_r
                0x0000000008003b64                _svfiprintf_r
 .text          0x0000000008003d98      0x3d8 /usr/lib/gcc/arm-none-eabi/10.3.1/../../../arm-none-eabi/lib/thumb/v7-m/nofp/libc_nano.a(lib_a-nano-vfprintf_i.o)
                0x0000000008003d98                _printf_common
                0x0000000008003ec4                _printf_i
 .text          0x0000000008004170       0x24 /usr/lib/gcc/arm-none-eabi/10.3.1/../../../arm-none-eabi/lib/thumb/v7-m/nofp/libc_nano.a(lib_a-sbrkr.o)
                0x0000000008004170                _sbrk_r
 .text          0x0000000008004194       0x90 /usr/lib/gcc/arm-none-eabi/10.3.1/../../../arm-none-eabi/lib/thumb/v7-m/nofp/libc_nano.a(lib_a-memchr-stub.o)
                0x0000000008004194                memchr
 .text          0x0000000008004224       0xf8 /usr/lib/gcc/arm-none-eabi/10.3.1/../../../arm-none-eabi/lib/thumb/v7-m/nofp/libc_nano.a(lib_a-memmove.o)
                0x0000000008004224                memmove
 .text          0x000000000800431c        0x8 /usr/lib/gcc/arm-none-eabi/10.3.1/../../../arm-none-eabi/lib/thumb/v7-m/nofp/libc_nano.a(lib_a-mlock.o)
                0x000000000800431c                __malloc_lock
                0x0000000008004320                __malloc_unlock
 .text          0x0000000008004324       0x50 /usr/lib/gcc/arm-none-eabi/10.3.1/../../../arm-none-eabi/lib/thumb/v7-m/nofp/libc_nano.a(lib_a-nano-reallocr.o)
                0x0000000008004324                _realloc_r
 .text          0x0000000008004374       0x14 /usr/lib/gcc/arm-none-eabi/10.3.1/../../../arm-none-eabi/lib/thumb/v7-m/nofp/libc_nano.a(lib_a-nano-msizer.o)
                0x0000000008004374                _malloc_usable_size_r
 .text          0x0000000008004388       0x1c /usr/lib/gcc/arm-none-eabi/10.3.1/../../../arm-none-eabi/lib/thumb/v7-m/nofp/libnosys.a(sbrk.o)
                0x0000000008004388                _sbrk
 *(.text*)
 .text.startup  0x00000000080043a4      0x388 obj/main.o
                0x00000000080043a4                main
 .text.Reset_Handler
                0x000000000800472c       0x44 obj/all_asm.o
                0x000000000800472c                Reset_Handler
 .text.Default_Handler
                0x0000000008004770        0x2 obj/all_asm.o
                0x0000000008004770                TIM8_TRG_COM_IRQHandler
                0x0000000008004770                TIM8_CC_IRQHandler
                0x0000000008004770                DebugMon_Handler
                0x0000000008004770                TIM1_CC_IRQHandler
                0x0000000008004770                HardFault_Handler
                0x0000000008004770                TIM6_IRQHandler
                0x0000000008004770                SysTick_Handler
                0x0000000008004770                PVD_IRQHandler
                0x0000000008004770                SDIO_IRQHandler
                0x0000000008004770                PendSV_Handler
                0x0000000008004770                NMI_Handler
                0x0000000008004770                EXTI3_IRQHandler
                0x0000000008004770                EXTI0_IRQHandler
                0x0000000008004770                I2C2_EV_IRQHandler
                0x0000000008004770                UsageFault_Handler
                0x0000000008004770                ADC1_2_IRQHandler
                0x0000000008004770                SPI1_IRQHandler
                0x0000000008004770                TAMPER_IRQHandler
                0x0000000008004770                TIM8_UP_IRQHandler
                0x0000000008004770                DMA2_Channel2_IRQHandler
                0x0000000008004770                DMA1_Channel4_IRQHandler
                0x0000000008004770                USART3_IRQHandler
                0x0000000008004770                RTC_IRQHandler
                0x0000000008004770                DMA1_Channel7_IRQHandler
                0x0000000008004770                CAN1_RX1_IRQHandler
                0x0000000008004770                UART5_IRQHandler
                0x0000000008004770                ADC3_IRQHandler
                0x0000000008004770                TIM4_IRQHandler
                0x0000000008004770                DMA2_Channel1_IRQHandler
                0x0000000008004770                I2C1_EV_IRQHandler
                0x0000000008004770                DMA1_Channel6_IRQHandler
                0x0000000008004770                UART4_IRQHandler
                0x0000000008004770                TIM3_IRQHandler
                0x0000000008004770                RCC_IRQHandler
                0x0000000008004770                TIM1_TRG_COM_IRQHandler
                0x0000000008004770                DMA1_Channel1_IRQHandler
                0x0000000008004770                Default_Handler
                0x0000000008004770                EXTI15_10_IRQHandler
                0x0000000008004770                TIM7_IRQHandler
                0x0000000008004770                TIM5_IRQHandler
                0x0000000008004770                EXTI9_5_IRQHandler
                0x0000000008004770                SPI2_IRQHandler
                0x0000000008004770                MemManage_Handler
                0x0000000008004770                SVC_Handler
                0x0000000008004770                DMA1_Channel5_IRQHandler
                0x0000000008004770                EXTI4_IRQHandler
                0x0000000008004770                USB_LP_CAN1_RX0_IRQHandler
                0x0000000008004770                USB_HP_CAN1_TX_IRQHandler
                0x0000000008004770                DMA1_Channel3_IRQHandler
                0x0000000008004770                FSMC_IRQHandler
                0x0000000008004770                TIM1_UP_IRQHandler
                0x0000000008004770                WWDG_IRQHandler
                0x0000000008004770                TIM2_IRQHandler
                0x0000000008004770                TIM1_BRK_IRQHandler
                0x0000000008004770                EXTI1_IRQHandler
                0x0000000008004770                RTCAlarm_IRQHandler
                0x0000000008004770                DMA2_Channel4_5_IRQHandler
                0x0000000008004770                USART2_IRQHandler
                0x0000000008004770                I2C2_ER_IRQHandler
                0x0000000008004770                DMA1_Channel2_IRQHandler
                0x0000000008004770                TIM8_BRK_IRQHandler
                0x0000000008004770                CAN1_SCE_IRQHandler
                0x0000000008004770                FLASH_IRQHandler
                0x0000000008004770                BusFault_Handler
                0x0000000008004770                SPI3_IRQHandler
                0x0000000008004770                I2C1_ER_IRQHandler
                0x0000000008004770                USBWakeUp_IRQHandler
                0x0000000008004770                DMA2_Channel3_IRQHandler
 *(.glue_7)
 .glue_7        0x0000000008004772        0x0 linker stubs
 *(.glue_7t)
 .glue_7t       0x0000000008004772        0x0 linker stubs
 *(.eh_frame)
 *fill*         0x0000000008004772        0x2 
 .eh_frame      0x0000000008004774        0x0 /usr/lib/gcc/arm-none-eabi/10.3.1/thumb/v7-m/nofp/crtbegin.o
 *(.init)
 .init          0x0000000008004774        0x4 /usr/lib/gcc/arm-none-eabi/10.3.1/thumb/v7-m/nofp/crti.o
                0x0000000008004774                _init
 .init          0x0000000008004778        0x8 /usr/lib/gcc/arm-none-eabi/10.3.1/thumb/v7-m/nofp/crtn.o
 *(.fini)
 .fini          0x0000000008004780        0x4 /usr/lib/gcc/arm-none-eabi/10.3.1/thumb/v7-m/nofp/crti.o
                0x0000000008004780                _fini
 .fini          0x0000000008004784        0x8 /usr/lib/gcc/arm-none-eabi/10.3.1/thumb/v7-m/nofp/crtn.o
                0x000000000800478c                . = ALIGN (0x4)
                0x000000000800478c                _etext = .

.vfp11_veneer   0x000000000800478c        0x0
 .vfp11_veneer  0x000000000800478c        0x0 linker stubs

.v4_bx          0x000000000800478c        0x0
 .v4_bx         0x000000000800478c        0x0 linker stubs

.iplt           0x000000000800478c        0x0
 .iplt          0x000000000800478c        0x0 /usr/lib/gcc/arm-none-eabi/10.3.1/thumb/v7-m/nofp/crtbegin.o

.rodata         0x000000000800478c      0x5dc
                0x000000000800478c                . = ALIGN (0x4)
 *(.rodata)
 .rodata        0x000000000800478c       0x74 obj/lantask.o
 .rodata        0x0000000008004800       0x17 obj/main.o
 *fill*         0x0000000008004817        0x1 
 .rodata        0x0000000008004818      0x101 /usr/lib/gcc/arm-none-eabi/10.3.1/../../../arm-none-eabi/lib/thumb/v7-m/nofp/libc_nano.a(lib_a-ctype_.o)
                0x0000000008004818                _ctype_
 *fill*         0x0000000008004919        0x3 
 .rodata        0x000000000800491c       0x60 /usr/lib/gcc/arm-none-eabi/10.3.1/../../../arm-none-eabi/lib/thumb/v7-m/nofp/libc_nano.a(lib_a-findfp.o)
                0x000000000800491c                __sf_fake_stderr
                0x000000000800493c                __sf_fake_stdout
                0x000000000800495c                __sf_fake_stdin
 *(.rodata*)
 .rodata.str1.1
                0x000000000800497c       0xa4 obj/lantask.o
 .rodata.str1.1
                0x0000000008004a20      0x1f8 obj/main.o
 .rodata.str1.1
                0x0000000008004c18      0x101 obj/parser.o
 .rodata.str1.1
                0x0000000008004d19       0x11 obj/uart.o
 *fill*         0x0000000008004d2a        0x2 
 .rodata.str1.4
                0x0000000008004d2c       0x13 /usr/lib/gcc/arm-none-eabi/10.3.1/../../../arm-none-eabi/lib/thumb/v7-m/nofp/libc_nano.a(lib_a-nano-svfprintf.o)
 *fill*         0x0000000008004d3f        0x1 
 .rodata.str1.4
                0x0000000008004d40       0x25 /usr/lib/gcc/arm-none-eabi/10.3.1/../../../arm-none-eabi/lib/thumb/v7-m/nofp/libc_nano.a(lib_a-nano-vfprintf_i.o)
                0x0000000008004d68                . = ALIGN (0x4)
 *fill*         0x0000000008004d65        0x3 

.ARM.extab
 *(.ARM.extab* .gnu.linkonce.armextab.*)

.ARM            0x0000000008004d68        0x8
                0x0000000008004d68                __exidx_start = .
 *(.ARM.exidx*)
 .ARM.exidx     0x0000000008004d68        0x8 /usr/lib/gcc/arm-none-eabi/10.3.1/thumb/v7-m/nofp/libgcc.a(_udivmoddi4.o)
                0x0000000008004d70                __exidx_end = .

.rel.dyn        0x0000000008004d70        0x0
 .rel.iplt      0x0000000008004d70        0x0 /usr/lib/gcc/arm-none-eabi/10.3.1/thumb/v7-m/nofp/crtbegin.o

.preinit_array  0x0000000008004d70        0x0
                0x0000000008004d70                PROVIDE (__preinit_array_start = .)
 *(.preinit_array*)
                0x0000000008004d70                PROVIDE (__preinit_array_end = .)

.init_array     0x0000000008004d70        0x4
                0x0000000008004d70                PROVIDE (__init_array_start = .)
 *(SORT_BY_NAME(.init_array.*))
 *(.init_array*)
 .init_array    0x0000000008004d70        0x4 /usr/lib/gcc/arm-none-eabi/10.3.1/thumb/v7-m/nofp/crtbegin.o
                0x0000000008004d74                PROVIDE (__init_array_end = .)

.fini_array     0x0000000008004d74        0x4
                0x0000000008004d74                PROVIDE (__fini_array_start = .)
 *(SORT_BY_NAME(.fini_array.*))
 *(.fini_array*)
 .fini_array    0x0000000008004d74        0x4 /usr/lib/gcc/arm-none-eabi/10.3.1/thumb/v7-m/nofp/crtbegin.o
                0x0000000008004d78                PROVIDE (__fini_array_end = .)
                0x0000000008004d78                _sidata = LOADADDR (.data)

.data           0x0000000020000000       0xa4 load address 0x0000000008004d78
                0x0000000020000000                . = ALIGN (0x4)
                0x0000000020000000                _sdata = .
 *(.data)
 .data          0x0000000020000000        0x8 obj/I2C.o
 .data          0x0000000020000008        0x3 obj/lantask.o
 *fill*         0x000000002000000b        0x1 
 .data          0x000000002000000c        0x4 obj/system.o
                0x000000002000000c                SystemCoreClock
 .data          0x0000000020000010        0x2 obj/socket.o
 *fill*         0x0000000020000012        0x2 
 .data          0x0000000020000014       0x2c obj/wizchip_conf.o
                0x0000000020000014                WIZCHIP
 .data          0x0000000020000040       0x64 /usr/lib/gcc/arm-none-eabi/10.3.1/../../../arm-none-eabi/lib/thumb/v7-m/nofp/libc_nano.a(lib_a-impure.o)
                0x0000000020000040                _impure_ptr
 *(.data*)
                0x00000000200000a4                . = ALIGN (0x4)
                0x00000000200000a4                _edata = .

.tm_clone_table
                0x00000000200000a4        0x0 load address 0x0000000008004e1c
 .tm_clone_table
                0x00000000200000a4        0x0 /usr/lib/gcc/arm-none-eabi/10.3.1/thumb/v7-m/nofp/crtbegin.o
 .tm_clone_table
                0x00000000200000a4        0x0 /usr/lib/gcc/arm-none-eabi/10.3.1/thumb/v7-m/nofp/crtend.o

.igot.plt       0x00000000200000a4        0x0 load address 0x0000000008004e1c
 .igot.plt      0x00000000200000a4        0x0 /usr/lib/gcc/arm-none-eabi/10.3.1/thumb/v7-m/nofp/crtbegin.o
                0x00000000200000a4                . = ALIGN (0x4)

.bss            0x00000000200000a4     0x186c load address 0x0000000008004e1c
                0x00000000200000a4                _sbss = .
                0x00000000200000a4                __bss_start__ = _sbss
 *(.bss)
 .bss           0x00000000200000a4       0x1c /usr/lib/gcc/arm-none-eabi/10.3.1/thumb/v7-m/nofp/crtbegin.o
 .bss           0x00000000200000c0        0xe obj/I2C.o
 .bss           0x00000000200000ce      0x801 obj/lantask.o
                0x00000000200000ce                sn
                0x00000000200000cf                g_dat_buf
 *fill*         0x00000000200008cf        0x1 
 .bss           0x00000000200008d0     0x1005 obj/main.o
                0x00000000200018d4                thereISpkt
 *fill*         0x00000000200018d5        0x3 
 .bss           0x00000000200018d8        0x4 obj/uart.o
 .bss           0x00000000200018dc       0x1c obj/socket.o
                0x00000000200018f0                sock_pack_info
 .bss           0x00000000200018f8        0x5 obj/wizchip_conf.o
 *fill*         0x00000000200018fd        0x3 
 .bss           0x0000000020001900        0x8 /usr/lib/gcc/arm-none-eabi/10.3.1/../../../arm-none-eabi/lib/thumb/v7-m/nofp/libc_nano.a(lib_a-nano-mallocr.o)
                0x0000000020001900                __malloc_free_list
                0x0000000020001904                __malloc_sbrk_start
 .bss           0x0000000020001908        0x4 /usr/lib/gcc/arm-none-eabi/10.3.1/../../../arm-none-eabi/lib/thumb/v7-m/nofp/libc_nano.a(lib_a-reent.o)
                0x0000000020001908                errno
 .bss           0x000000002000190c        0x4 /usr/lib/gcc/arm-none-eabi/10.3.1/../../../arm-none-eabi/lib/thumb/v7-m/nofp/libnosys.a(sbrk.o)
 *(.bss*)
 *(COMMON)
                0x0000000020001910                . = ALIGN (0x4)
                0x0000000020001910                _ebss = .
                0x0000000020001910                __bss_end__ = _ebss

._user_heap_stack
                0x0000000020001910      0x600 load address 0x0000000008004e1c
                0x0000000020001910                . = ALIGN (0x8)
                0x0000000020001910                PROVIDE (end = .)
                [!provide]                        PROVIDE (_end = .)
                0x0000000020001b10                . = (. + _Min_Heap_Size)
 *fill*         0x0000000020001910      0x200 
                0x0000000020001f10                . = (. + _Min_Stack_Size)
 *fill*         0x0000000020001b10      0x400 
                0x0000000020001f10                . = ALIGN (0x8)

/DISCARD/
 libc.a(*)
 libm.a(*)
 libgcc.a(*)

.ARM.attributes
                0x0000000000000000       0x29
 *(.ARM.attributes)
 .ARM.attributes
                0x0000000000000000       0x1d /usr/lib/gcc/arm-none-eabi/10.3.1/thumb/v7-m/nofp/crti.o
 .ARM.attributes
                0x000000000000001d       0x2d /usr/lib/gcc/arm-none-eabi/10.3.1/thumb/v7-m/nofp/crtbegin.o
 .ARM.attributes
                0x000000000000004a       0x2d obj/I2C.o
 .ARM.attributes
                0x0000000000000077       0x2d obj/lantask.o
 .ARM.attributes
                0x00000000000000a4       0x2d obj/main.o
 .ARM.attributes
                0x00000000000000d1       0x2d obj/parser.o
 .ARM.attributes
                0x00000000000000fe       0x33 obj/system.o
 .ARM.attributes
                0x0000000000000131       0x2d obj/HSE_CLK.o
 .ARM.attributes
                0x000000000000015e       0x2d obj/fact_reset.o
 .ARM.attributes
                0x000000000000018b       0x2d obj/flash.o
 .ARM.attributes
                0x00000000000001b8       0x2d obj/matrix_io.o
 .ARM.attributes
                0x00000000000001e5       0x2d obj/mux_io.o
 .ARM.attributes
                0x0000000000000212       0x2d obj/no_os_util.o
 .ARM.attributes
                0x000000000000023f       0x2d obj/pin_intr.o
 .ARM.attributes
                0x000000000000026c       0x2d obj/spi.o
 .ARM.attributes
                0x0000000000000299       0x2d obj/uart.o
 .ARM.attributes
                0x00000000000002c6       0x2d obj/socket.o
 .ARM.attributes
                0x00000000000002f3       0x2d obj/w5500.o
 .ARM.attributes
                0x0000000000000320       0x2d obj/wizchip_conf.o
 .ARM.attributes
                0x000000000000034d       0x21 obj/all_asm.o
 .ARM.attributes
                0x000000000000036e       0x1d /usr/lib/gcc/arm-none-eabi/10.3.1/thumb/v7-m/nofp/libgcc.a(_aeabi_ldivmod.o)
 .ARM.attributes
                0x000000000000038b       0x1d /usr/lib/gcc/arm-none-eabi/10.3.1/thumb/v7-m/nofp/libgcc.a(_aeabi_uldivmod.o)
 .ARM.attributes
                0x00000000000003a8       0x2d /usr/lib/gcc/arm-none-eabi/10.3.1/thumb/v7-m/nofp/libgcc.a(_udivmoddi4.o)
 .ARM.attributes
                0x00000000000003d5       0x1d /usr/lib/gcc/arm-none-eabi/10.3.1/thumb/v7-m/nofp/libgcc.a(_dvmd_tls.o)
 .ARM.attributes
                0x00000000000003f2       0x2d /usr/lib/gcc/arm-none-eabi/10.3.1/../../../arm-none-eabi/lib/thumb/v7-m/nofp/libc_nano.a(lib_a-impure.o)
 .ARM.attributes
                0x000000000000041f       0x1b /usr/lib/gcc/arm-none-eabi/10.3.1/../../../arm-none-eabi/lib/thumb/v7-m/nofp/libc_nano.a(lib_a-memcpy.o)
 .ARM.attributes
                0x000000000000043a       0x2d /usr/lib/gcc/arm-none-eabi/10.3.1/../../../arm-none-eabi/lib/thumb/v7-m/nofp/libc_nano.a(lib_a-snprintf.o)
 .ARM.attributes
                0x0000000000000467       0x2d /usr/lib/gcc/arm-none-eabi/10.3.1/../../../arm-none-eabi/lib/thumb/v7-m/nofp/libc_nano.a(lib_a-strtol.o)
 .ARM.attributes
                0x0000000000000494       0x2d /usr/lib/gcc/arm-none-eabi/10.3.1/../../../arm-none-eabi/lib/thumb/v7-m/nofp/libc_nano.a(lib_a-strtoul.o)
 .ARM.attributes
                0x00000000000004c1       0x2d /usr/lib/gcc/arm-none-eabi/10.3.1/../../../arm-none-eabi/lib/thumb/v7-m/nofp/libc_nano.a(lib_a-ctype_.o)
 .ARM.attributes
                0x00000000000004ee       0x2d /usr/lib/gcc/arm-none-eabi/10.3.1/../../../arm-none-eabi/lib/thumb/v7-m/nofp/libc_nano.a(lib_a-errno.o)
 .ARM.attributes
                0x000000000000051b       0x2d /usr/lib/gcc/arm-none-eabi/10.3.1/../../../arm-none-eabi/lib/thumb/v7-m/nofp/libc_nano.a(lib_a-findfp.o)
 .ARM.attributes
                0x0000000000000548       0x2d /usr/lib/gcc/arm-none-eabi/10.3.1/../../../arm-none-eabi/lib/thumb/v7-m/nofp/libc_nano.a(lib_a-nano-freer.o)
 .ARM.attributes
                0x0000000000000575       0x2d /usr/lib/gcc/arm-none-eabi/10.3.1/../../../arm-none-eabi/lib/thumb/v7-m/nofp/libc_nano.a(lib_a-nano-mallocr.o)
 .ARM.attributes
                0x00000000000005a2       0x2d /usr/lib/gcc/arm-none-eabi/10.3.1/../../../arm-none-eabi/lib/thumb/v7-m/nofp/libc_nano.a(lib_a-nano-svfprintf.o)
 .ARM.attributes
                0x00000000000005cf       0x2d /usr/lib/gcc/arm-none-eabi/10.3.1/../../../arm-none-eabi/lib/thumb/v7-m/nofp/libc_nano.a(lib_a-nano-vfprintf_i.o)
 .ARM.attributes
                0x00000000000005fc       0x2d /usr/lib/gcc/arm-none-eabi/10.3.1/../../../arm-none-eabi/lib/thumb/v7-m/nofp/libc_nano.a(lib_a-sbrkr.o)
 .ARM.attributes
                0x0000000000000629       0x2d /usr/lib/gcc/arm-none-eabi/10.3.1/../../../arm-none-eabi/lib/thumb/v7-m/nofp/libc_nano.a(lib_a-memchr-stub.o)
 .ARM.attributes
                0x0000000000000656       0x2d /usr/lib/gcc/arm-none-eabi/10.3.1/../../../arm-none-eabi/lib/thumb/v7-m/nofp/libc_nano.a(lib_a-memmove.o)
 .ARM.attributes
                0x0000000000000683       0x2d /usr/lib/gcc/arm-none-eabi/10.3.1/../../../arm-none-eabi/lib/thumb/v7-m/nofp/libc_nano.a(lib_a-mlock.o)
 .ARM.attributes
                0x00000000000006b0       0x2d /usr/lib/gcc/arm-none-eabi/10.3.1/../../../arm-none-eabi/lib/thumb/v7-m/nofp/libc_nano.a(lib_a-nano-reallocr.o)
 .ARM.attributes
                0x00000000000006dd       0x2d /usr/lib/gcc/arm-none-eabi/10.3.1/../../../arm-none-eabi/lib/thumb/v7-m/nofp/libc_nano.a(lib_a-reent.o)
 .ARM.attributes
                0x000000000000070a       0x2d /usr/lib/gcc/arm-none-eabi/10.3.1/../../../arm-none-eabi/lib/thumb/v7-m/nofp/libc_nano.a(lib_a-nano-msizer.o)
 .ARM.attributes
                0x0000000000000737       0x2d /usr/lib/gcc/arm-none-eabi/10.3.1/../../../arm-none-eabi/lib/thumb/v7-m/nofp/libnosys.a(sbrk.o)
 .ARM.attributes
                0x0000000000000764       0x2d /usr/lib/gcc/arm-none-eabi/10.3.1/thumb/v7-m/nofp/crtend.o
 .ARM.attributes
                0x0000000000000791       0x1d /usr/lib/gcc/arm-none-eabi/10.3.1/thumb/v7-m/nofp/crtn.o
OUTPUT(bin/firmware.elf elf32-littlearm)
LOAD linker stubs
LOAD /usr/lib/gcc/arm-none-eabi/10.3.1/../../../arm-none-eabi/lib/thumb/v7-m/nofp/libc.a
LOAD /usr/lib/gcc/arm-none-eabi/10.3.1/../../../arm-none-eabi/lib/thumb/v7-m/nofp/libm.a
LOAD /usr/lib/gcc/arm-none-eabi/10.3.1/thumb/v7-m/nofp/libgcc.a

.comment        0x0000000000000000       0x33
 .comment       0x0000000000000000       0x33 /usr/lib/gcc/arm-none-eabi/10.3.1/thumb/v7-m/nofp/crtbegin.o
                                         0x34 (size before relaxing)
 .comment       0x0000000000000033       0x34 obj/I2C.o
 .comment       0x0000000000000033       0x34 obj/lantask.o
 .comment       0x0000000000000033       0x34 obj/main.o
 .comment       0x0000000000000033       0x34 obj/parser.o
 .comment       0x0000000000000033       0x34 obj/system.o
 .comment       0x0000000000000033       0x34 obj/HSE_CLK.o
 .comment       0x0000000000000033       0x34 obj/fact_reset.o
 .comment       0x0000000000000033       0x34 obj/flash.o
 .comment       0x0000000000000033       0x34 obj/matrix_io.o
 .comment       0x0000000000000033       0x34 obj/mux_io.o
 .comment       0x0000000000000033       0x34 obj/no_os_util.o
 .comment       0x0000000000000033       0x34 obj/pin_intr.o
 .comment       0x0000000000000033       0x34 obj/spi.o
 .comment       0x0000000000000033       0x34 obj/uart.o
 .comment       0x0000000000000033       0x34 obj/socket.o
 .comment       0x0000000000000033       0x34 obj/w5500.o
 .comment       0x0000000000000033       0x34 obj/wizchip_conf.o
 .comment       0x0000000000000033       0x34 /usr/lib/gcc/arm-none-eabi/10.3.1/thumb/v7-m/nofp/libgcc.a(_udivmoddi4.o)
 .comment       0x0000000000000033       0x34 /usr/lib/gcc/arm-none-eabi/10.3.1/../../../arm-none-eabi/lib/thumb/v7-m/nofp/libc_nano.a(lib_a-impure.o)
 .comment       0x0000000000000033       0x34 /usr/lib/gcc/arm-none-eabi/10.3.1/../../../arm-none-eabi/lib/thumb/v7-m/nofp/libc_nano.a(lib_a-snprintf.o)
 .comment       0x0000000000000033       0x34 /usr/lib/gcc/arm-none-eabi/10.3.1/../../../arm-none-eabi/lib/thumb/v7-m/nofp/libc_nano.a(lib_a-strtol.o)
 .comment       0x0000000000000033       0x34 /usr/lib/gcc/arm-none-eabi/10.3.1/../../../arm-none-eabi/lib/thumb/v7-m/nofp/libc_nano.a(lib_a-strtoul.o)
 .comment       0x0000000000000033       0x34 /usr/lib/gcc/arm-none-eabi/10.3.1/../../../arm-none-eabi/lib/thumb/v7-m/nofp/libc_nano.a(lib_a-ctype_.o)
 .comment       0x0000000000000033       0x34 /usr/lib/gcc/arm-none-eabi/10.3.1/../../../arm-none-eabi/lib/thumb/v7-m/nofp/libc_nano.a(lib_a-errno.o)
 .comment       0x0000000000000033       0x34 /usr/lib/gcc/arm-none-eabi/10.3.1/../../../arm-none-eabi/lib/thumb/v7-m/nofp/libc_nano.a(lib_a-findfp.o)
 .comment       0x0000000000000033       0x34 /usr/lib/gcc/arm-none-eabi/10.3.1/../../../arm-none-eabi/lib/thumb/v7-m/nofp/libc_nano.a(lib_a-nano-freer.o)
 .comment       0x0000000000000033       0x34 /usr/lib/gcc/arm-none-eabi/10.3.1/../../../arm-none-eabi/lib/thumb/v7-m/nofp/libc_nano.a(lib_a-nano-mallocr.o)
 .comment       0x0000000000000033       0x34 /usr/lib/gcc/arm-none-eabi/10.3.1/../../../arm-none-eabi/lib/thumb/v7-m/nofp/libc_nano.a(lib_a-nano-svfprintf.o)
 .comment       0x0000000000000033       0x34 /usr/lib/gcc/arm-none-eabi/10.3.1/../../../arm-none-eabi/lib/thumb/v7-m/nofp/libc_nano.a(lib_a-nano-vfprintf_i.o)
 .comment       0x0000000000000033       0x34 /usr/lib/gcc/arm-none-eabi/10.3.1/../../../arm-none-eabi/lib/thumb/v7-m/nofp/libc_nano.a(lib_a-sbrkr.o)
 .comment       0x0000000000000033       0x34 /usr/lib/gcc/arm-none-eabi/10.3.1/../../../arm-none-eabi/lib/thumb/v7-m/nofp/libc_nano.a(lib_a-memchr-stub.o)
 .comment       0x0000000000000033       0x34 /usr/lib/gcc/arm-none-eabi/10.3.1/../../../arm-none-eabi/lib/thumb/v7-m/nofp/libc_nano.a(lib_a-memmove.o)
 .comment       0x0000000000000033       0x34 /usr/lib/gcc/arm-none-eabi/10.3.1/../../../arm-none-eabi/lib/thumb/v7-m/nofp/libc_nano.a(lib_a-mlock.o)
 .comment       0x0000000000000033       0x34 /usr/lib/gcc/arm-none-eabi/10.3.1/../../../arm-none-eabi/lib/thumb/v7-m/nofp/libc_nano.a(lib_a-nano-reallocr.o)
 .comment       0x0000000000000033       0x34 /usr/lib/gcc/arm-none-eabi/10.3.1/../../../arm-none-eabi/lib/thumb/v7-m/nofp/libc_nano.a(lib_a-reent.o)
 .comment       0x0000000000000033       0x34 /usr/lib/gcc/arm-none-eabi/10.3.1/../../../arm-none-eabi/lib/thumb/v7-m/nofp/libc_nano.a(lib_a-nano-msizer.o)
 .comment       0x0000000000000033       0x34 /usr/lib/gcc/arm-none-eabi/10.3.1/../../../arm-none-eabi/lib/thumb/v7-m/nofp/libnosys.a(sbrk.o)
 .comment       0x0000000000000033       0x34 /usr/lib/gcc/arm-none-eabi/10.3.1/thumb/v7-m/nofp/crtend.o

.debug_info     0x0000000000000000    0x147ae
 .debug_info    0x0000000000000000      0xa3e obj/I2C.o
 .debug_info    0x0000000000000a3e      0x641 obj/lantask.o
 .debug_info    0x000000000000107f      0xdd8 obj/main.o
 .debug_info    0x0000000000001e57      0x6d8 obj/parser.o
 .debug_info    0x000000000000252f       0x82 obj/system.o
 .debug_info    0x00000000000025b1      0x201 obj/HSE_CLK.o
 .debug_info    0x00000000000027b2      0x480 obj/fact_reset.o
 .debug_info    0x0000000000002c32      0x283 obj/flash.o
 .debug_info    0x0000000000002eb5      0x2a7 obj/matrix_io.o
 .debug_info    0x000000000000315c      0x211 obj/mux_io.o
 .debug_info    0x000000000000336d     0x1534 obj/no_os_util.o
 .debug_info    0x00000000000048a1      0x816 obj/pin_intr.o
 .debug_info    0x00000000000050b7      0x727 obj/spi.o
 .debug_info    0x00000000000057de      0x862 obj/uart.o
 .debug_info    0x0000000000006040     0x1749 obj/socket.o
 .debug_info    0x0000000000007789      0x985 obj/w5500.o
 .debug_info    0x000000000000810e     0x16a9 obj/wizchip_conf.o
 .debug_info    0x00000000000097b7       0x26 /usr/lib/gcc/arm-none-eabi/10.3.1/thumb/v7-m/nofp/libgcc.a(_aeabi_ldivmod.o)
 .debug_info    0x00000000000097dd       0x26 /usr/lib/gcc/arm-none-eabi/10.3.1/thumb/v7-m/nofp/libgcc.a(_aeabi_uldivmod.o)
 .debug_info    0x0000000000009803      0x717 /usr/lib/gcc/arm-none-eabi/10.3.1/thumb/v7-m/nofp/libgcc.a(_udivmoddi4.o)
 .debug_info    0x0000000000009f1a       0x26 /usr/lib/gcc/arm-none-eabi/10.3.1/thumb/v7-m/nofp/libgcc.a(_dvmd_tls.o)
 .debug_info    0x0000000000009f40      0x863 /usr/lib/gcc/arm-none-eabi/10.3.1/../../../arm-none-eabi/lib/thumb/v7-m/nofp/libc_nano.a(lib_a-impure.o)
 .debug_info    0x000000000000a7a3       0x26 /usr/lib/gcc/arm-none-eabi/10.3.1/../../../arm-none-eabi/lib/thumb/v7-m/nofp/libc_nano.a(lib_a-memcpy.o)
 .debug_info    0x000000000000a7c9      0x9b5 /usr/lib/gcc/arm-none-eabi/10.3.1/../../../arm-none-eabi/lib/thumb/v7-m/nofp/libc_nano.a(lib_a-snprintf.o)
 .debug_info    0x000000000000b17e      0xf00 /usr/lib/gcc/arm-none-eabi/10.3.1/../../../arm-none-eabi/lib/thumb/v7-m/nofp/libc_nano.a(lib_a-strtol.o)
 .debug_info    0x000000000000c07e      0xd4d /usr/lib/gcc/arm-none-eabi/10.3.1/../../../arm-none-eabi/lib/thumb/v7-m/nofp/libc_nano.a(lib_a-strtoul.o)
 .debug_info    0x000000000000cdcb       0xb8 /usr/lib/gcc/arm-none-eabi/10.3.1/../../../arm-none-eabi/lib/thumb/v7-m/nofp/libc_nano.a(lib_a-ctype_.o)
 .debug_info    0x000000000000ce83      0x7ae /usr/lib/gcc/arm-none-eabi/10.3.1/../../../arm-none-eabi/lib/thumb/v7-m/nofp/libc_nano.a(lib_a-errno.o)
 .debug_info    0x000000000000d631      0xfae /usr/lib/gcc/arm-none-eabi/10.3.1/../../../arm-none-eabi/lib/thumb/v7-m/nofp/libc_nano.a(lib_a-findfp.o)
 .debug_info    0x000000000000e5df      0x940 /usr/lib/gcc/arm-none-eabi/10.3.1/../../../arm-none-eabi/lib/thumb/v7-m/nofp/libc_nano.a(lib_a-nano-freer.o)
 .debug_info    0x000000000000ef1f      0xa0c /usr/lib/gcc/arm-none-eabi/10.3.1/../../../arm-none-eabi/lib/thumb/v7-m/nofp/libc_nano.a(lib_a-nano-mallocr.o)
 .debug_info    0x000000000000f92b     0x10d5 /usr/lib/gcc/arm-none-eabi/10.3.1/../../../arm-none-eabi/lib/thumb/v7-m/nofp/libc_nano.a(lib_a-nano-svfprintf.o)
 .debug_info    0x0000000000010a00      0xe9e /usr/lib/gcc/arm-none-eabi/10.3.1/../../../arm-none-eabi/lib/thumb/v7-m/nofp/libc_nano.a(lib_a-nano-vfprintf_i.o)
 .debug_info    0x000000000001189e      0x828 /usr/lib/gcc/arm-none-eabi/10.3.1/../../../arm-none-eabi/lib/thumb/v7-m/nofp/libc_nano.a(lib_a-sbrkr.o)
 .debug_info    0x00000000000120c6      0x14e /usr/lib/gcc/arm-none-eabi/10.3.1/../../../arm-none-eabi/lib/thumb/v7-m/nofp/libc_nano.a(lib_a-memchr-stub.o)
 .debug_info    0x0000000000012214      0x152 /usr/lib/gcc/arm-none-eabi/10.3.1/../../../arm-none-eabi/lib/thumb/v7-m/nofp/libc_nano.a(lib_a-memmove.o)
 .debug_info    0x0000000000012366      0x7dc /usr/lib/gcc/arm-none-eabi/10.3.1/../../../arm-none-eabi/lib/thumb/v7-m/nofp/libc_nano.a(lib_a-mlock.o)
 .debug_info    0x0000000000012b42      0x911 /usr/lib/gcc/arm-none-eabi/10.3.1/../../../arm-none-eabi/lib/thumb/v7-m/nofp/libc_nano.a(lib_a-nano-reallocr.o)
 .debug_info    0x0000000000013453      0xa7e /usr/lib/gcc/arm-none-eabi/10.3.1/../../../arm-none-eabi/lib/thumb/v7-m/nofp/libc_nano.a(lib_a-reent.o)
 .debug_info    0x0000000000013ed1      0x840 /usr/lib/gcc/arm-none-eabi/10.3.1/../../../arm-none-eabi/lib/thumb/v7-m/nofp/libc_nano.a(lib_a-nano-msizer.o)
 .debug_info    0x0000000000014711       0x9d /usr/lib/gcc/arm-none-eabi/10.3.1/../../../arm-none-eabi/lib/thumb/v7-m/nofp/libnosys.a(sbrk.o)

.debug_abbrev   0x0000000000000000     0x4988
 .debug_abbrev  0x0000000000000000      0x3c7 obj/I2C.o
 .debug_abbrev  0x00000000000003c7      0x249 obj/lantask.o
 .debug_abbrev  0x0000000000000610      0x372 obj/main.o
 .debug_abbrev  0x0000000000000982      0x1db obj/parser.o
 .debug_abbrev  0x0000000000000b5d       0x48 obj/system.o
 .debug_abbrev  0x0000000000000ba5       0xce obj/HSE_CLK.o
 .debug_abbrev  0x0000000000000c73      0x11f obj/fact_reset.o
 .debug_abbrev  0x0000000000000d92      0x147 obj/flash.o
 .debug_abbrev  0x0000000000000ed9      0x159 obj/matrix_io.o
 .debug_abbrev  0x0000000000001032       0xe8 obj/mux_io.o
 .debug_abbrev  0x000000000000111a      0x332 obj/no_os_util.o
 .debug_abbrev  0x000000000000144c      0x1ae obj/pin_intr.o
 .debug_abbrev  0x00000000000015fa      0x24c obj/spi.o
 .debug_abbrev  0x0000000000001846      0x2b7 obj/uart.o
 .debug_abbrev  0x0000000000001afd      0x2dd obj/socket.o
 .debug_abbrev  0x0000000000001dda      0x23c obj/w5500.o
 .debug_abbrev  0x0000000000002016      0x40f obj/wizchip_conf.o
 .debug_abbrev  0x0000000000002425       0x14 /usr/lib/gcc/arm-none-eabi/10.3.1/thumb/v7-m/nofp/libgcc.a(_aeabi_ldivmod.o)
 .debug_abbrev  0x0000000000002439       0x14 /usr/lib/gcc/arm-none-eabi/10.3.1/thumb/v7-m/nofp/libgcc.a(_aeabi_uldivmod.o)
 .debug_abbrev  0x000000000000244d      0x163 /usr/lib/gcc/arm-none-eabi/10.3.1/thumb/v7-m/nofp/libgcc.a(_udivmoddi4.o)
 .debug_abbrev  0x00000000000025b0       0x14 /usr/lib/gcc/arm-none-eabi/10.3.1/thumb/v7-m/nofp/libgcc.a(_dvmd_tls.o)
 .debug_abbrev  0x00000000000025c4      0x151 /usr/lib/gcc/arm-none-eabi/10.3.1/../../../arm-none-eabi/lib/thumb/v7-m/nofp/libc_nano.a(lib_a-impure.o)
 .debug_abbrev  0x0000000000002715       0x14 /usr/lib/gcc/arm-none-eabi/10.3.1/../../../arm-none-eabi/lib/thumb/v7-m/nofp/libc_nano.a(lib_a-memcpy.o)
 .debug_abbrev  0x0000000000002729      0x216 /usr/lib/gcc/arm-none-eabi/10.3.1/../../../arm-none-eabi/lib/thumb/v7-m/nofp/libc_nano.a(lib_a-snprintf.o)
 .debug_abbrev  0x000000000000293f      0x2cf /usr/lib/gcc/arm-none-eabi/10.3.1/../../../arm-none-eabi/lib/thumb/v7-m/nofp/libc_nano.a(lib_a-strtol.o)
 .debug_abbrev  0x0000000000002c0e      0x298 /usr/lib/gcc/arm-none-eabi/10.3.1/../../../arm-none-eabi/lib/thumb/v7-m/nofp/libc_nano.a(lib_a-strtoul.o)
 .debug_abbrev  0x0000000000002ea6       0x62 /usr/lib/gcc/arm-none-eabi/10.3.1/../../../arm-none-eabi/lib/thumb/v7-m/nofp/libc_nano.a(lib_a-ctype_.o)
 .debug_abbrev  0x0000000000002f08      0x157 /usr/lib/gcc/arm-none-eabi/10.3.1/../../../arm-none-eabi/lib/thumb/v7-m/nofp/libc_nano.a(lib_a-errno.o)
 .debug_abbrev  0x000000000000305f      0x3cd /usr/lib/gcc/arm-none-eabi/10.3.1/../../../arm-none-eabi/lib/thumb/v7-m/nofp/libc_nano.a(lib_a-findfp.o)
 .debug_abbrev  0x000000000000342c      0x245 /usr/lib/gcc/arm-none-eabi/10.3.1/../../../arm-none-eabi/lib/thumb/v7-m/nofp/libc_nano.a(lib_a-nano-freer.o)
 .debug_abbrev  0x0000000000003671      0x290 /usr/lib/gcc/arm-none-eabi/10.3.1/../../../arm-none-eabi/lib/thumb/v7-m/nofp/libc_nano.a(lib_a-nano-mallocr.o)
 .debug_abbrev  0x0000000000003901      0x2ca /usr/lib/gcc/arm-none-eabi/10.3.1/../../../arm-none-eabi/lib/thumb/v7-m/nofp/libc_nano.a(lib_a-nano-svfprintf.o)
 .debug_abbrev  0x0000000000003bcb      0x25c /usr/lib/gcc/arm-none-eabi/10.3.1/../../../arm-none-eabi/lib/thumb/v7-m/nofp/libc_nano.a(lib_a-nano-vfprintf_i.o)
 .debug_abbrev  0x0000000000003e27      0x1d6 /usr/lib/gcc/arm-none-eabi/10.3.1/../../../arm-none-eabi/lib/thumb/v7-m/nofp/libc_nano.a(lib_a-sbrkr.o)
 .debug_abbrev  0x0000000000003ffd       0xd4 /usr/lib/gcc/arm-none-eabi/10.3.1/../../../arm-none-eabi/lib/thumb/v7-m/nofp/libc_nano.a(lib_a-memchr-stub.o)
 .debug_abbrev  0x00000000000040d1       0xc0 /usr/lib/gcc/arm-none-eabi/10.3.1/../../../arm-none-eabi/lib/thumb/v7-m/nofp/libc_nano.a(lib_a-memmove.o)
 .debug_abbrev  0x0000000000004191      0x189 /usr/lib/gcc/arm-none-eabi/10.3.1/../../../arm-none-eabi/lib/thumb/v7-m/nofp/libc_nano.a(lib_a-mlock.o)
 .debug_abbrev  0x000000000000431a      0x1d6 /usr/lib/gcc/arm-none-eabi/10.3.1/../../../arm-none-eabi/lib/thumb/v7-m/nofp/libc_nano.a(lib_a-nano-reallocr.o)
 .debug_abbrev  0x00000000000044f0      0x265 /usr/lib/gcc/arm-none-eabi/10.3.1/../../../arm-none-eabi/lib/thumb/v7-m/nofp/libc_nano.a(lib_a-reent.o)
 .debug_abbrev  0x0000000000004755      0x191 /usr/lib/gcc/arm-none-eabi/10.3.1/../../../arm-none-eabi/lib/thumb/v7-m/nofp/libc_nano.a(lib_a-nano-msizer.o)
 .debug_abbrev  0x00000000000048e6       0xa2 /usr/lib/gcc/arm-none-eabi/10.3.1/../../../arm-none-eabi/lib/thumb/v7-m/nofp/libnosys.a(sbrk.o)

.debug_loc      0x0000000000000000     0x9e06
 .debug_loc     0x0000000000000000      0x53d obj/I2C.o
 .debug_loc     0x000000000000053d      0x11c obj/lantask.o
 .debug_loc     0x0000000000000659      0x2ae obj/main.o
 .debug_loc     0x0000000000000907      0x336 obj/parser.o
 .debug_loc     0x0000000000000c3d       0x8a obj/fact_reset.o
 .debug_loc     0x0000000000000cc7      0x1a9 obj/flash.o
 .debug_loc     0x0000000000000e70       0xa6 obj/matrix_io.o
 .debug_loc     0x0000000000000f16     0x147e obj/no_os_util.o
 .debug_loc     0x0000000000002394       0x42 obj/pin_intr.o
 .debug_loc     0x00000000000023d6      0x343 obj/spi.o
 .debug_loc     0x0000000000002719      0x103 obj/uart.o
 .debug_loc     0x000000000000281c     0x19fb obj/socket.o
 .debug_loc     0x0000000000004217      0x6a5 obj/w5500.o
 .debug_loc     0x00000000000048bc      0xefb obj/wizchip_conf.o
 .debug_loc     0x00000000000057b7     0x1115 /usr/lib/gcc/arm-none-eabi/10.3.1/thumb/v7-m/nofp/libgcc.a(_udivmoddi4.o)
 .debug_loc     0x00000000000068cc      0x293 /usr/lib/gcc/arm-none-eabi/10.3.1/../../../arm-none-eabi/lib/thumb/v7-m/nofp/libc_nano.a(lib_a-snprintf.o)
 .debug_loc     0x0000000000006b5f      0xaa7 /usr/lib/gcc/arm-none-eabi/10.3.1/../../../arm-none-eabi/lib/thumb/v7-m/nofp/libc_nano.a(lib_a-strtol.o)
 .debug_loc     0x0000000000007606      0x565 /usr/lib/gcc/arm-none-eabi/10.3.1/../../../arm-none-eabi/lib/thumb/v7-m/nofp/libc_nano.a(lib_a-strtoul.o)
 .debug_loc     0x0000000000007b6b      0x3d9 /usr/lib/gcc/arm-none-eabi/10.3.1/../../../arm-none-eabi/lib/thumb/v7-m/nofp/libc_nano.a(lib_a-findfp.o)
 .debug_loc     0x0000000000007f44      0x27f /usr/lib/gcc/arm-none-eabi/10.3.1/../../../arm-none-eabi/lib/thumb/v7-m/nofp/libc_nano.a(lib_a-nano-freer.o)
 .debug_loc     0x00000000000081c3      0x3da /usr/lib/gcc/arm-none-eabi/10.3.1/../../../arm-none-eabi/lib/thumb/v7-m/nofp/libc_nano.a(lib_a-nano-mallocr.o)
 .debug_loc     0x000000000000859d      0x84a /usr/lib/gcc/arm-none-eabi/10.3.1/../../../arm-none-eabi/lib/thumb/v7-m/nofp/libc_nano.a(lib_a-nano-svfprintf.o)
 .debug_loc     0x0000000000008de7      0x6c8 /usr/lib/gcc/arm-none-eabi/10.3.1/../../../arm-none-eabi/lib/thumb/v7-m/nofp/libc_nano.a(lib_a-nano-vfprintf_i.o)
 .debug_loc     0x00000000000094af       0x6c /usr/lib/gcc/arm-none-eabi/10.3.1/../../../arm-none-eabi/lib/thumb/v7-m/nofp/libc_nano.a(lib_a-sbrkr.o)
 .debug_loc     0x000000000000951b      0x1f6 /usr/lib/gcc/arm-none-eabi/10.3.1/../../../arm-none-eabi/lib/thumb/v7-m/nofp/libc_nano.a(lib_a-memchr-stub.o)
 .debug_loc     0x0000000000009711      0x331 /usr/lib/gcc/arm-none-eabi/10.3.1/../../../arm-none-eabi/lib/thumb/v7-m/nofp/libc_nano.a(lib_a-memmove.o)
 .debug_loc     0x0000000000009a42      0x133 /usr/lib/gcc/arm-none-eabi/10.3.1/../../../arm-none-eabi/lib/thumb/v7-m/nofp/libc_nano.a(lib_a-nano-reallocr.o)
 .debug_loc     0x0000000000009b75      0x1cd /usr/lib/gcc/arm-none-eabi/10.3.1/../../../arm-none-eabi/lib/thumb/v7-m/nofp/libc_nano.a(lib_a-reent.o)
 .debug_loc     0x0000000000009d42       0x86 /usr/lib/gcc/arm-none-eabi/10.3.1/../../../arm-none-eabi/lib/thumb/v7-m/nofp/libc_nano.a(lib_a-nano-msizer.o)
 .debug_loc     0x0000000000009dc8       0x3e /usr/lib/gcc/arm-none-eabi/10.3.1/../../../arm-none-eabi/lib/thumb/v7-m/nofp/libnosys.a(sbrk.o)

.debug_aranges  0x0000000000000000      0x510
 .debug_aranges
                0x0000000000000000       0x20 obj/I2C.o
 .debug_aranges
                0x0000000000000020       0x20 obj/lantask.o
 .debug_aranges
                0x0000000000000040       0x28 obj/main.o
 .debug_aranges
                0x0000000000000068       0x20 obj/parser.o
 .debug_aranges
                0x0000000000000088       0x18 obj/system.o
 .debug_aranges
                0x00000000000000a0       0x20 obj/HSE_CLK.o
 .debug_aranges
                0x00000000000000c0       0x20 obj/fact_reset.o
 .debug_aranges
                0x00000000000000e0       0x20 obj/flash.o
 .debug_aranges
                0x0000000000000100       0x20 obj/matrix_io.o
 .debug_aranges
                0x0000000000000120       0x20 obj/mux_io.o
 .debug_aranges
                0x0000000000000140       0x20 obj/no_os_util.o
 .debug_aranges
                0x0000000000000160       0x20 obj/pin_intr.o
 .debug_aranges
                0x0000000000000180       0x20 obj/spi.o
 .debug_aranges
                0x00000000000001a0       0x20 obj/uart.o
 .debug_aranges
                0x00000000000001c0       0x20 obj/socket.o
 .debug_aranges
                0x00000000000001e0       0x20 obj/w5500.o
 .debug_aranges
                0x0000000000000200       0x20 obj/wizchip_conf.o
 .debug_aranges
                0x0000000000000220       0x20 /usr/lib/gcc/arm-none-eabi/10.3.1/thumb/v7-m/nofp/libgcc.a(_aeabi_ldivmod.o)
 .debug_aranges
                0x0000000000000240       0x20 /usr/lib/gcc/arm-none-eabi/10.3.1/thumb/v7-m/nofp/libgcc.a(_aeabi_uldivmod.o)
 .debug_aranges
                0x0000000000000260       0x20 /usr/lib/gcc/arm-none-eabi/10.3.1/thumb/v7-m/nofp/libgcc.a(_udivmoddi4.o)
 .debug_aranges
                0x0000000000000280       0x20 /usr/lib/gcc/arm-none-eabi/10.3.1/thumb/v7-m/nofp/libgcc.a(_dvmd_tls.o)
 .debug_aranges
                0x00000000000002a0       0x18 /usr/lib/gcc/arm-none-eabi/10.3.1/../../../arm-none-eabi/lib/thumb/v7-m/nofp/libc_nano.a(lib_a-impure.o)
 .debug_aranges
                0x00000000000002b8       0x20 /usr/lib/gcc/arm-none-eabi/10.3.1/../../../arm-none-eabi/lib/thumb/v7-m/nofp/libc_nano.a(lib_a-memcpy.o)
 .debug_aranges
                0x00000000000002d8       0x20 /usr/lib/gcc/arm-none-eabi/10.3.1/../../../arm-none-eabi/lib/thumb/v7-m/nofp/libc_nano.a(lib_a-snprintf.o)
 .debug_aranges
                0x00000000000002f8       0x20 /usr/lib/gcc/arm-none-eabi/10.3.1/../../../arm-none-eabi/lib/thumb/v7-m/nofp/libc_nano.a(lib_a-strtol.o)
 .debug_aranges
                0x0000000000000318       0x20 /usr/lib/gcc/arm-none-eabi/10.3.1/../../../arm-none-eabi/lib/thumb/v7-m/nofp/libc_nano.a(lib_a-strtoul.o)
 .debug_aranges
                0x0000000000000338       0x18 /usr/lib/gcc/arm-none-eabi/10.3.1/../../../arm-none-eabi/lib/thumb/v7-m/nofp/libc_nano.a(lib_a-ctype_.o)
 .debug_aranges
                0x0000000000000350       0x20 /usr/lib/gcc/arm-none-eabi/10.3.1/../../../arm-none-eabi/lib/thumb/v7-m/nofp/libc_nano.a(lib_a-errno.o)
 .debug_aranges
                0x0000000000000370       0x20 /usr/lib/gcc/arm-none-eabi/10.3.1/../../../arm-none-eabi/lib/thumb/v7-m/nofp/libc_nano.a(lib_a-findfp.o)
 .debug_aranges
                0x0000000000000390       0x20 /usr/lib/gcc/arm-none-eabi/10.3.1/../../../arm-none-eabi/lib/thumb/v7-m/nofp/libc_nano.a(lib_a-nano-freer.o)
 .debug_aranges
                0x00000000000003b0       0x20 /usr/lib/gcc/arm-none-eabi/10.3.1/../../../arm-none-eabi/lib/thumb/v7-m/nofp/libc_nano.a(lib_a-nano-mallocr.o)
 .debug_aranges
                0x00000000000003d0       0x20 /usr/lib/gcc/arm-none-eabi/10.3.1/../../../arm-none-eabi/lib/thumb/v7-m/nofp/libc_nano.a(lib_a-nano-svfprintf.o)
 .debug_aranges
                0x00000000000003f0       0x20 /usr/lib/gcc/arm-none-eabi/10.3.1/../../../arm-none-eabi/lib/thumb/v7-m/nofp/libc_nano.a(lib_a-nano-vfprintf_i.o)
 .debug_aranges
                0x0000000000000410       0x20 /usr/lib/gcc/arm-none-eabi/10.3.1/../../../arm-none-eabi/lib/thumb/v7-m/nofp/libc_nano.a(lib_a-sbrkr.o)
 .debug_aranges
                0x0000000000000430       0x20 /usr/lib/gcc/arm-none-eabi/10.3.1/../../../arm-none-eabi/lib/thumb/v7-m/nofp/libc_nano.a(lib_a-memchr-stub.o)
 .debug_aranges
                0x0000000000000450       0x20 /usr/lib/gcc/arm-none-eabi/10.3.1/../../../arm-none-eabi/lib/thumb/v7-m/nofp/libc_nano.a(lib_a-memmove.o)
 .debug_aranges
                0x0000000000000470       0x20 /usr/lib/gcc/arm-none-eabi/10.3.1/../../../arm-none-eabi/lib/thumb/v7-m/nofp/libc_nano.a(lib_a-mlock.o)
 .debug_aranges
                0x0000000000000490       0x20 /usr/lib/gcc/arm-none-eabi/10.3.1/../../../arm-none-eabi/lib/thumb/v7-m/nofp/libc_nano.a(lib_a-nano-reallocr.o)
 .debug_aranges
                0x00000000000004b0       0x20 /usr/lib/gcc/arm-none-eabi/10.3.1/../../../arm-none-eabi/lib/thumb/v7-m/nofp/libc_nano.a(lib_a-reent.o)
 .debug_aranges
                0x00000000000004d0       0x20 /usr/lib/gcc/arm-none-eabi/10.3.1/../../../arm-none-eabi/lib/thumb/v7-m/nofp/libc_nano.a(lib_a-nano-msizer.o)
 .debug_aranges
                0x00000000000004f0       0x20 /usr/lib/gcc/arm-none-eabi/10.3.1/../../../arm-none-eabi/lib/thumb/v7-m/nofp/libnosys.a(sbrk.o)

.debug_ranges   0x0000000000000000      0x8b0
 .debug_ranges  0x0000000000000000      0x148 obj/I2C.o
 .debug_ranges  0x0000000000000148       0x38 obj/lantask.o
 .debug_ranges  0x0000000000000180      0x100 obj/main.o
 .debug_ranges  0x0000000000000280       0x30 obj/HSE_CLK.o
 .debug_ranges  0x00000000000002b0       0x50 obj/flash.o
 .debug_ranges  0x0000000000000300       0x10 obj/matrix_io.o
 .debug_ranges  0x0000000000000310       0x18 obj/mux_io.o
 .debug_ranges  0x0000000000000328       0x90 obj/no_os_util.o
 .debug_ranges  0x00000000000003b8       0x98 obj/spi.o
 .debug_ranges  0x0000000000000450       0x18 obj/uart.o
 .debug_ranges  0x0000000000000468       0x18 obj/socket.o
 .debug_ranges  0x0000000000000480       0x40 obj/wizchip_conf.o
 .debug_ranges  0x00000000000004c0      0x100 /usr/lib/gcc/arm-none-eabi/10.3.1/thumb/v7-m/nofp/libgcc.a(_udivmoddi4.o)
 .debug_ranges  0x00000000000005c0       0x68 /usr/lib/gcc/arm-none-eabi/10.3.1/../../../arm-none-eabi/lib/thumb/v7-m/nofp/libc_nano.a(lib_a-strtol.o)
 .debug_ranges  0x0000000000000628      0x140 /usr/lib/gcc/arm-none-eabi/10.3.1/../../../arm-none-eabi/lib/thumb/v7-m/nofp/libc_nano.a(lib_a-findfp.o)
 .debug_ranges  0x0000000000000768       0x18 /usr/lib/gcc/arm-none-eabi/10.3.1/../../../arm-none-eabi/lib/thumb/v7-m/nofp/libc_nano.a(lib_a-nano-freer.o)
 .debug_ranges  0x0000000000000780       0x38 /usr/lib/gcc/arm-none-eabi/10.3.1/../../../arm-none-eabi/lib/thumb/v7-m/nofp/libc_nano.a(lib_a-nano-mallocr.o)
 .debug_ranges  0x00000000000007b8       0x50 /usr/lib/gcc/arm-none-eabi/10.3.1/../../../arm-none-eabi/lib/thumb/v7-m/nofp/libc_nano.a(lib_a-nano-svfprintf.o)
 .debug_ranges  0x0000000000000808       0xa8 /usr/lib/gcc/arm-none-eabi/10.3.1/../../../arm-none-eabi/lib/thumb/v7-m/nofp/libc_nano.a(lib_a-nano-vfprintf_i.o)

.debug_line     0x0000000000000000     0x8b8a
 .debug_line    0x0000000000000000      0x732 obj/I2C.o
 .debug_line    0x0000000000000732      0x2b6 obj/lantask.o
 .debug_line    0x00000000000009e8      0x643 obj/main.o
 .debug_line    0x000000000000102b      0x2bf obj/parser.o
 .debug_line    0x00000000000012ea       0x63 obj/system.o
 .debug_line    0x000000000000134d      0x215 obj/HSE_CLK.o
 .debug_line    0x0000000000001562      0x10e obj/fact_reset.o
 .debug_line    0x0000000000001670      0x2e0 obj/flash.o
 .debug_line    0x0000000000001950      0x240 obj/matrix_io.o
 .debug_line    0x0000000000001b90      0x167 obj/mux_io.o
 .debug_line    0x0000000000001cf7      0x93a obj/no_os_util.o
 .debug_line    0x0000000000002631      0x159 obj/pin_intr.o
 .debug_line    0x000000000000278a      0x4e7 obj/spi.o
 .debug_line    0x0000000000002c71      0x26a obj/uart.o
 .debug_line    0x0000000000002edb     0x1058 obj/socket.o
 .debug_line    0x0000000000003f33      0x426 obj/w5500.o
 .debug_line    0x0000000000004359      0xaf9 obj/wizchip_conf.o
 .debug_line    0x0000000000004e52       0x7e /usr/lib/gcc/arm-none-eabi/10.3.1/thumb/v7-m/nofp/libgcc.a(_aeabi_ldivmod.o)
 .debug_line    0x0000000000004ed0       0x60 /usr/lib/gcc/arm-none-eabi/10.3.1/thumb/v7-m/nofp/libgcc.a(_aeabi_uldivmod.o)
 .debug_line    0x0000000000004f30      0x5a3 /usr/lib/gcc/arm-none-eabi/10.3.1/thumb/v7-m/nofp/libgcc.a(_udivmoddi4.o)
 .debug_line    0x00000000000054d3       0x60 /usr/lib/gcc/arm-none-eabi/10.3.1/thumb/v7-m/nofp/libgcc.a(_dvmd_tls.o)
 .debug_line    0x0000000000005533       0xe4 /usr/lib/gcc/arm-none-eabi/10.3.1/../../../arm-none-eabi/lib/thumb/v7-m/nofp/libc_nano.a(lib_a-impure.o)
 .debug_line    0x0000000000005617       0xc1 /usr/lib/gcc/arm-none-eabi/10.3.1/../../../arm-none-eabi/lib/thumb/v7-m/nofp/libc_nano.a(lib_a-memcpy.o)
 .debug_line    0x00000000000056d8      0x380 /usr/lib/gcc/arm-none-eabi/10.3.1/../../../arm-none-eabi/lib/thumb/v7-m/nofp/libc_nano.a(lib_a-snprintf.o)
 .debug_line    0x0000000000005a58      0x427 /usr/lib/gcc/arm-none-eabi/10.3.1/../../../arm-none-eabi/lib/thumb/v7-m/nofp/libc_nano.a(lib_a-strtol.o)
 .debug_line    0x0000000000005e7f      0x38f /usr/lib/gcc/arm-none-eabi/10.3.1/../../../arm-none-eabi/lib/thumb/v7-m/nofp/libc_nano.a(lib_a-strtoul.o)
 .debug_line    0x000000000000620e       0x5e /usr/lib/gcc/arm-none-eabi/10.3.1/../../../arm-none-eabi/lib/thumb/v7-m/nofp/libc_nano.a(lib_a-ctype_.o)
 .debug_line    0x000000000000626c      0x109 /usr/lib/gcc/arm-none-eabi/10.3.1/../../../arm-none-eabi/lib/thumb/v7-m/nofp/libc_nano.a(lib_a-errno.o)
 .debug_line    0x0000000000006375      0x5ab /usr/lib/gcc/arm-none-eabi/10.3.1/../../../arm-none-eabi/lib/thumb/v7-m/nofp/libc_nano.a(lib_a-findfp.o)
 .debug_line    0x0000000000006920      0x2e5 /usr/lib/gcc/arm-none-eabi/10.3.1/../../../arm-none-eabi/lib/thumb/v7-m/nofp/libc_nano.a(lib_a-nano-freer.o)
 .debug_line    0x0000000000006c05      0x2d6 /usr/lib/gcc/arm-none-eabi/10.3.1/../../../arm-none-eabi/lib/thumb/v7-m/nofp/libc_nano.a(lib_a-nano-mallocr.o)
 .debug_line    0x0000000000006edb      0x850 /usr/lib/gcc/arm-none-eabi/10.3.1/../../../arm-none-eabi/lib/thumb/v7-m/nofp/libc_nano.a(lib_a-nano-svfprintf.o)
 .debug_line    0x000000000000772b      0x75e /usr/lib/gcc/arm-none-eabi/10.3.1/../../../arm-none-eabi/lib/thumb/v7-m/nofp/libc_nano.a(lib_a-nano-vfprintf_i.o)
 .debug_line    0x0000000000007e89      0x186 /usr/lib/gcc/arm-none-eabi/10.3.1/../../../arm-none-eabi/lib/thumb/v7-m/nofp/libc_nano.a(lib_a-sbrkr.o)
 .debug_line    0x000000000000800f      0x1d0 /usr/lib/gcc/arm-none-eabi/10.3.1/../../../arm-none-eabi/lib/thumb/v7-m/nofp/libc_nano.a(lib_a-memchr-stub.o)
 .debug_line    0x00000000000081df      0x206 /usr/lib/gcc/arm-none-eabi/10.3.1/../../../arm-none-eabi/lib/thumb/v7-m/nofp/libc_nano.a(lib_a-memmove.o)
 .debug_line    0x00000000000083e5      0x13e /usr/lib/gcc/arm-none-eabi/10.3.1/../../../arm-none-eabi/lib/thumb/v7-m/nofp/libc_nano.a(lib_a-mlock.o)
 .debug_line    0x0000000000008523      0x1c7 /usr/lib/gcc/arm-none-eabi/10.3.1/../../../arm-none-eabi/lib/thumb/v7-m/nofp/libc_nano.a(lib_a-nano-reallocr.o)
 .debug_line    0x00000000000086ea      0x2c7 /usr/lib/gcc/arm-none-eabi/10.3.1/../../../arm-none-eabi/lib/thumb/v7-m/nofp/libc_nano.a(lib_a-reent.o)
 .debug_line    0x00000000000089b1      0x160 /usr/lib/gcc/arm-none-eabi/10.3.1/../../../arm-none-eabi/lib/thumb/v7-m/nofp/libc_nano.a(lib_a-nano-msizer.o)
 .debug_line    0x0000000000008b11       0x79 /usr/lib/gcc/arm-none-eabi/10.3.1/../../../arm-none-eabi/lib/thumb/v7-m/nofp/libnosys.a(sbrk.o)

.debug_str      0x0000000000000000     0x3a6d
 .debug_str     0x0000000000000000      0x42b obj/I2C.o
                                        0x4ce (size before relaxing)
 .debug_str     0x000000000000042b      0x165 obj/lantask.o
                                        0x357 (size before relaxing)
 .debug_str     0x0000000000000590      0x34b obj/main.o
                                        0x5ff (size before relaxing)
 .debug_str     0x00000000000008db      0x13f obj/parser.o
                                        0x350 (size before relaxing)
 .debug_str     0x0000000000000a1a       0x1d obj/system.o
                                        0x179 (size before relaxing)
 .debug_str     0x0000000000000a37       0x36 obj/HSE_CLK.o
                                        0x1f3 (size before relaxing)
 .debug_str     0x0000000000000a6d      0x115 obj/fact_reset.o
                                        0x2df (size before relaxing)
 .debug_str     0x0000000000000b82       0x34 obj/flash.o
                                        0x205 (size before relaxing)
 .debug_str     0x0000000000000bb6       0x5e obj/matrix_io.o
                                        0x24a (size before relaxing)
 .debug_str     0x0000000000000c14       0x24 obj/mux_io.o
                                        0x1f2 (size before relaxing)
 .debug_str     0x0000000000000c38      0x57f obj/no_os_util.o
                                        0x788 (size before relaxing)
 .debug_str     0x00000000000011b7      0x4e1 obj/pin_intr.o
                                        0x6fa (size before relaxing)
 .debug_str     0x0000000000001698       0xe7 obj/spi.o
                                        0x352 (size before relaxing)
 .debug_str     0x000000000000177f       0xd7 obj/uart.o
                                        0x74d (size before relaxing)
 .debug_str     0x0000000000001856      0x34f obj/socket.o
                                        0x52b (size before relaxing)
 .debug_str     0x0000000000001ba5       0xba obj/w5500.o
                                        0x30c (size before relaxing)
 .debug_str     0x0000000000001c5f      0x6c8 obj/wizchip_conf.o
                                        0xa42 (size before relaxing)
 .debug_str     0x0000000000002327       0xa2 /usr/lib/gcc/arm-none-eabi/10.3.1/thumb/v7-m/nofp/libgcc.a(_aeabi_ldivmod.o)
 .debug_str     0x00000000000023c9       0xa2 /usr/lib/gcc/arm-none-eabi/10.3.1/thumb/v7-m/nofp/libgcc.a(_aeabi_uldivmod.o)
 .debug_str     0x00000000000023c9      0x53b /usr/lib/gcc/arm-none-eabi/10.3.1/thumb/v7-m/nofp/libgcc.a(_udivmoddi4.o)
                                        0x63f (size before relaxing)
 .debug_str     0x0000000000002904       0x30 /usr/lib/gcc/arm-none-eabi/10.3.1/thumb/v7-m/nofp/libgcc.a(_dvmd_tls.o)
                                         0xa6 (size before relaxing)
 .debug_str     0x0000000000002934      0x43c /usr/lib/gcc/arm-none-eabi/10.3.1/../../../arm-none-eabi/lib/thumb/v7-m/nofp/libc_nano.a(lib_a-impure.o)
                                        0x556 (size before relaxing)
 .debug_str     0x0000000000002d70       0xa6 /usr/lib/gcc/arm-none-eabi/10.3.1/../../../arm-none-eabi/lib/thumb/v7-m/nofp/libc_nano.a(lib_a-memcpy.o)
                                         0xb2 (size before relaxing)
 .debug_str     0x0000000000002e16       0xc9 /usr/lib/gcc/arm-none-eabi/10.3.1/../../../arm-none-eabi/lib/thumb/v7-m/nofp/libc_nano.a(lib_a-snprintf.o)
                                        0x553 (size before relaxing)
 .debug_str     0x0000000000002edf      0x258 /usr/lib/gcc/arm-none-eabi/10.3.1/../../../arm-none-eabi/lib/thumb/v7-m/nofp/libc_nano.a(lib_a-strtol.o)
                                        0x772 (size before relaxing)
 .debug_str     0x0000000000003137       0x4b /usr/lib/gcc/arm-none-eabi/10.3.1/../../../arm-none-eabi/lib/thumb/v7-m/nofp/libc_nano.a(lib_a-strtoul.o)
                                        0x76f (size before relaxing)
 .debug_str     0x0000000000003182       0x90 /usr/lib/gcc/arm-none-eabi/10.3.1/../../../arm-none-eabi/lib/thumb/v7-m/nofp/libc_nano.a(lib_a-ctype_.o)
                                        0x19c (size before relaxing)
 .debug_str     0x0000000000003212       0x8f /usr/lib/gcc/arm-none-eabi/10.3.1/../../../arm-none-eabi/lib/thumb/v7-m/nofp/libc_nano.a(lib_a-errno.o)
                                        0x4ff (size before relaxing)
 .debug_str     0x00000000000032a1      0x1f0 /usr/lib/gcc/arm-none-eabi/10.3.1/../../../arm-none-eabi/lib/thumb/v7-m/nofp/libc_nano.a(lib_a-findfp.o)
                                        0x72f (size before relaxing)
 .debug_str     0x0000000000003491       0xbc /usr/lib/gcc/arm-none-eabi/10.3.1/../../../arm-none-eabi/lib/thumb/v7-m/nofp/libc_nano.a(lib_a-nano-freer.o)
                                        0x58d (size before relaxing)
 .debug_str     0x000000000000354d       0x46 /usr/lib/gcc/arm-none-eabi/10.3.1/../../../arm-none-eabi/lib/thumb/v7-m/nofp/libc_nano.a(lib_a-nano-mallocr.o)
                                        0x5b8 (size before relaxing)
 .debug_str     0x0000000000003593      0x133 /usr/lib/gcc/arm-none-eabi/10.3.1/../../../arm-none-eabi/lib/thumb/v7-m/nofp/libc_nano.a(lib_a-nano-svfprintf.o)
                                        0x84d (size before relaxing)
 .debug_str     0x00000000000036c6       0x94 /usr/lib/gcc/arm-none-eabi/10.3.1/../../../arm-none-eabi/lib/thumb/v7-m/nofp/libc_nano.a(lib_a-nano-vfprintf_i.o)
                                        0x7e4 (size before relaxing)
 .debug_str     0x000000000000375a       0x3d /usr/lib/gcc/arm-none-eabi/10.3.1/../../../arm-none-eabi/lib/thumb/v7-m/nofp/libc_nano.a(lib_a-sbrkr.o)
                                        0x50e (size before relaxing)
 .debug_str     0x0000000000003797       0x56 /usr/lib/gcc/arm-none-eabi/10.3.1/../../../arm-none-eabi/lib/thumb/v7-m/nofp/libc_nano.a(lib_a-memchr-stub.o)
                                        0x1d0 (size before relaxing)
 .debug_str     0x00000000000037ed       0xb4 /usr/lib/gcc/arm-none-eabi/10.3.1/../../../arm-none-eabi/lib/thumb/v7-m/nofp/libc_nano.a(lib_a-memmove.o)
                                        0x1d7 (size before relaxing)
 .debug_str     0x00000000000038a1       0x4c /usr/lib/gcc/arm-none-eabi/10.3.1/../../../arm-none-eabi/lib/thumb/v7-m/nofp/libc_nano.a(lib_a-mlock.o)
                                        0x524 (size before relaxing)
 .debug_str     0x00000000000038ed       0x23 /usr/lib/gcc/arm-none-eabi/10.3.1/../../../arm-none-eabi/lib/thumb/v7-m/nofp/libc_nano.a(lib_a-nano-reallocr.o)
                                        0x577 (size before relaxing)
 .debug_str     0x0000000000003910       0x5e /usr/lib/gcc/arm-none-eabi/10.3.1/../../../arm-none-eabi/lib/thumb/v7-m/nofp/libc_nano.a(lib_a-reent.o)
                                        0x536 (size before relaxing)
 .debug_str     0x000000000000396e        0xf /usr/lib/gcc/arm-none-eabi/10.3.1/../../../arm-none-eabi/lib/thumb/v7-m/nofp/libc_nano.a(lib_a-nano-msizer.o)
                                        0x555 (size before relaxing)
 .debug_str     0x000000000000397d       0xf0 /usr/lib/gcc/arm-none-eabi/10.3.1/../../../arm-none-eabi/lib/thumb/v7-m/nofp/libnosys.a(sbrk.o)
                                        0x109 (size before relaxing)

.debug_frame    0x0000000000000000     0x18a4
 .debug_frame   0x0000000000000000      0x134 obj/I2C.o
 .debug_frame   0x0000000000000134       0xc4 obj/lantask.o
 .debug_frame   0x00000000000001f8       0x64 obj/main.o
 .debug_frame   0x000000000000025c       0xb0 obj/parser.o
 .debug_frame   0x000000000000030c       0x2c obj/HSE_CLK.o
 .debug_frame   0x0000000000000338       0x2c obj/fact_reset.o
 .debug_frame   0x0000000000000364       0x50 obj/flash.o
 .debug_frame   0x00000000000003b4       0x30 obj/matrix_io.o
 .debug_frame   0x00000000000003e4       0x30 obj/mux_io.o
 .debug_frame   0x0000000000000414      0x460 obj/no_os_util.o
 .debug_frame   0x0000000000000874       0x30 obj/pin_intr.o
 .debug_frame   0x00000000000008a4      0x120 obj/spi.o
 .debug_frame   0x00000000000009c4       0xa0 obj/uart.o
 .debug_frame   0x0000000000000a64      0x22c obj/socket.o
 .debug_frame   0x0000000000000c90      0x178 obj/w5500.o
 .debug_frame   0x0000000000000e08      0x3d8 obj/wizchip_conf.o
 .debug_frame   0x00000000000011e0       0x44 /usr/lib/gcc/arm-none-eabi/10.3.1/thumb/v7-m/nofp/libgcc.a(_aeabi_ldivmod.o)
 .debug_frame   0x0000000000001224       0x2c /usr/lib/gcc/arm-none-eabi/10.3.1/thumb/v7-m/nofp/libgcc.a(_aeabi_uldivmod.o)
 .debug_frame   0x0000000000001250       0x34 /usr/lib/gcc/arm-none-eabi/10.3.1/thumb/v7-m/nofp/libgcc.a(_udivmoddi4.o)
 .debug_frame   0x0000000000001284       0x94 /usr/lib/gcc/arm-none-eabi/10.3.1/../../../arm-none-eabi/lib/thumb/v7-m/nofp/libc_nano.a(lib_a-snprintf.o)
 .debug_frame   0x0000000000001318       0x90 /usr/lib/gcc/arm-none-eabi/10.3.1/../../../arm-none-eabi/lib/thumb/v7-m/nofp/libc_nano.a(lib_a-strtol.o)
 .debug_frame   0x00000000000013a8       0x7c /usr/lib/gcc/arm-none-eabi/10.3.1/../../../arm-none-eabi/lib/thumb/v7-m/nofp/libc_nano.a(lib_a-strtoul.o)
 .debug_frame   0x0000000000001424       0x20 /usr/lib/gcc/arm-none-eabi/10.3.1/../../../arm-none-eabi/lib/thumb/v7-m/nofp/libc_nano.a(lib_a-errno.o)
 .debug_frame   0x0000000000001444      0x120 /usr/lib/gcc/arm-none-eabi/10.3.1/../../../arm-none-eabi/lib/thumb/v7-m/nofp/libc_nano.a(lib_a-findfp.o)
 .debug_frame   0x0000000000001564       0x64 /usr/lib/gcc/arm-none-eabi/10.3.1/../../../arm-none-eabi/lib/thumb/v7-m/nofp/libc_nano.a(lib_a-nano-freer.o)
 .debug_frame   0x00000000000015c8       0x30 /usr/lib/gcc/arm-none-eabi/10.3.1/../../../arm-none-eabi/lib/thumb/v7-m/nofp/libc_nano.a(lib_a-nano-mallocr.o)
 .debug_frame   0x00000000000015f8       0x98 /usr/lib/gcc/arm-none-eabi/10.3.1/../../../arm-none-eabi/lib/thumb/v7-m/nofp/libc_nano.a(lib_a-nano-svfprintf.o)
 .debug_frame   0x0000000000001690       0x68 /usr/lib/gcc/arm-none-eabi/10.3.1/../../../arm-none-eabi/lib/thumb/v7-m/nofp/libc_nano.a(lib_a-nano-vfprintf_i.o)
 .debug_frame   0x00000000000016f8       0x2c /usr/lib/gcc/arm-none-eabi/10.3.1/../../../arm-none-eabi/lib/thumb/v7-m/nofp/libc_nano.a(lib_a-sbrkr.o)
 .debug_frame   0x0000000000001724       0x28 /usr/lib/gcc/arm-none-eabi/10.3.1/../../../arm-none-eabi/lib/thumb/v7-m/nofp/libc_nano.a(lib_a-memchr-stub.o)
 .debug_frame   0x000000000000174c       0x40 /usr/lib/gcc/arm-none-eabi/10.3.1/../../../arm-none-eabi/lib/thumb/v7-m/nofp/libc_nano.a(lib_a-memmove.o)
 .debug_frame   0x000000000000178c       0x30 /usr/lib/gcc/arm-none-eabi/10.3.1/../../../arm-none-eabi/lib/thumb/v7-m/nofp/libc_nano.a(lib_a-mlock.o)
 .debug_frame   0x00000000000017bc       0x38 /usr/lib/gcc/arm-none-eabi/10.3.1/../../../arm-none-eabi/lib/thumb/v7-m/nofp/libc_nano.a(lib_a-nano-reallocr.o)
 .debug_frame   0x00000000000017f4       0x70 /usr/lib/gcc/arm-none-eabi/10.3.1/../../../arm-none-eabi/lib/thumb/v7-m/nofp/libc_nano.a(lib_a-reent.o)
 .debug_frame   0x0000000000001864       0x20 /usr/lib/gcc/arm-none-eabi/10.3.1/../../../arm-none-eabi/lib/thumb/v7-m/nofp/libc_nano.a(lib_a-nano-msizer.o)
 .debug_frame   0x0000000000001884       0x20 /usr/lib/gcc/arm-none-eabi/10.3.1/../../../arm-none-eabi/lib/thumb/v7-m/nofp/libnosys.a(sbrk.o)

.stabstr        0x0000000000000000      0x14d
 .stabstr       0x0000000000000000      0x14d /usr/lib/gcc/arm-none-eabi/10.3.1/../../../arm-none-eabi/lib/thumb/v7-m/nofp/libnosys.a(close.o)
