Archive member included to satisfy reference by file (symbol)

/usr/lib/gcc/arm-none-eabi/10.3.1/thumb/v7-m/nofp/libgcc.a(_arm_muldf3.o)
                              obj/rest_parser.o (__aeabi_dmul)
/usr/lib/gcc/arm-none-eabi/10.3.1/thumb/v7-m/nofp/libgcc.a(_arm_mulsf3.o)
                              obj/ltc268x.o (__aeabi_fmul)
/usr/lib/gcc/arm-none-eabi/10.3.1/thumb/v7-m/nofp/libgcc.a(_arm_addsubdf3.o)
                              obj/rest_parser.o (__aeabi_dsub)
/usr/lib/gcc/arm-none-eabi/10.3.1/thumb/v7-m/nofp/libgcc.a(_arm_cmpdf2.o)
                              obj/cJSON.o (__aeabi_dcmpeq)
/usr/lib/gcc/arm-none-eabi/10.3.1/thumb/v7-m/nofp/libgcc.a(_arm_unorddf2.o)
                              obj/cJSON.o (__aeabi_dcmpun)
/usr/lib/gcc/arm-none-eabi/10.3.1/thumb/v7-m/nofp/libgcc.a(_arm_fixdfsi.o)
                              obj/rest_parser.o (__aeabi_d2iz)
/usr/lib/gcc/arm-none-eabi/10.3.1/thumb/v7-m/nofp/libgcc.a(_arm_addsubsf3.o)
                              obj/ltc268x.o (__aeabi_fsub)
/usr/lib/gcc/arm-none-eabi/10.3.1/thumb/v7-m/nofp/libgcc.a(_arm_muldivsf3.o)
                              obj/ltc268x.o (__aeabi_fdiv)
/usr/lib/gcc/arm-none-eabi/10.3.1/thumb/v7-m/nofp/libgcc.a(_arm_fixunssfsi.o)
                              obj/ltc268x.o (__aeabi_f2uiz)
/usr/lib/gcc/arm-none-eabi/10.3.1/thumb/v7-m/nofp/libgcc.a(_aeabi_ldivmod.o)
                              obj/no_os_util.o (__aeabi_ldivmod)
/usr/lib/gcc/arm-none-eabi/10.3.1/thumb/v7-m/nofp/libgcc.a(_aeabi_uldivmod.o)
                              obj/no_os_util.o (__aeabi_uldivmod)
/usr/lib/gcc/arm-none-eabi/10.3.1/thumb/v7-m/nofp/libgcc.a(_udivmoddi4.o)
                              /usr/lib/gcc/arm-none-eabi/10.3.1/thumb/v7-m/nofp/libgcc.a(_aeabi_ldivmod.o) (__udivmoddi4)
/usr/lib/gcc/arm-none-eabi/10.3.1/thumb/v7-m/nofp/libgcc.a(_dvmd_tls.o)
                              /usr/lib/gcc/arm-none-eabi/10.3.1/thumb/v7-m/nofp/libgcc.a(_aeabi_ldivmod.o) (__aeabi_ldiv0)
/usr/lib/gcc/arm-none-eabi/10.3.1/../../../arm-none-eabi/lib/thumb/v7-m/nofp/libc.a(lib_a-atexit.o)
                              /usr/lib/gcc/arm-none-eabi/10.3.1/../../../arm-none-eabi/lib/thumb/v7-m/nofp/crt0.o (atexit)
/usr/lib/gcc/arm-none-eabi/10.3.1/../../../arm-none-eabi/lib/thumb/v7-m/nofp/libc.a(lib_a-ctype_.o)
                              obj/cJSON.o (_ctype_)
/usr/lib/gcc/arm-none-eabi/10.3.1/../../../arm-none-eabi/lib/thumb/v7-m/nofp/libc.a(lib_a-exit.o)
                              /usr/lib/gcc/arm-none-eabi/10.3.1/../../../arm-none-eabi/lib/thumb/v7-m/nofp/crt0.o (exit)
/usr/lib/gcc/arm-none-eabi/10.3.1/../../../arm-none-eabi/lib/thumb/v7-m/nofp/libc.a(lib_a-fini.o)
                              /usr/lib/gcc/arm-none-eabi/10.3.1/../../../arm-none-eabi/lib/thumb/v7-m/nofp/crt0.o (__libc_fini_array)
/usr/lib/gcc/arm-none-eabi/10.3.1/../../../arm-none-eabi/lib/thumb/v7-m/nofp/libc.a(lib_a-impure.o)
                              /usr/lib/gcc/arm-none-eabi/10.3.1/../../../arm-none-eabi/lib/thumb/v7-m/nofp/libc.a(lib_a-exit.o) (_global_impure_ptr)
/usr/lib/gcc/arm-none-eabi/10.3.1/../../../arm-none-eabi/lib/thumb/v7-m/nofp/libc.a(lib_a-init.o)
                              /usr/lib/gcc/arm-none-eabi/10.3.1/../../../arm-none-eabi/lib/thumb/v7-m/nofp/crt0.o (__libc_init_array)
/usr/lib/gcc/arm-none-eabi/10.3.1/../../../arm-none-eabi/lib/thumb/v7-m/nofp/libc.a(lib_a-malloc.o)
                              obj/cJSON.o (malloc)
/usr/lib/gcc/arm-none-eabi/10.3.1/../../../arm-none-eabi/lib/thumb/v7-m/nofp/libc.a(lib_a-mallocr.o)
                              /usr/lib/gcc/arm-none-eabi/10.3.1/../../../arm-none-eabi/lib/thumb/v7-m/nofp/libc.a(lib_a-malloc.o) (_malloc_r)
/usr/lib/gcc/arm-none-eabi/10.3.1/../../../arm-none-eabi/lib/thumb/v7-m/nofp/libc.a(lib_a-memcpy.o)
                              obj/no_os_util.o (memcpy)
/usr/lib/gcc/arm-none-eabi/10.3.1/../../../arm-none-eabi/lib/thumb/v7-m/nofp/libc.a(lib_a-memset.o)
                              /usr/lib/gcc/arm-none-eabi/10.3.1/../../../arm-none-eabi/lib/thumb/v7-m/nofp/crt0.o (memset)
/usr/lib/gcc/arm-none-eabi/10.3.1/../../../arm-none-eabi/lib/thumb/v7-m/nofp/libc.a(lib_a-mlock.o)
                              /usr/lib/gcc/arm-none-eabi/10.3.1/../../../arm-none-eabi/lib/thumb/v7-m/nofp/libc.a(lib_a-mallocr.o) (__malloc_lock)
/usr/lib/gcc/arm-none-eabi/10.3.1/../../../arm-none-eabi/lib/thumb/v7-m/nofp/libc.a(lib_a-printf.o)
                              obj/ltc268x.o (printf)
/usr/lib/gcc/arm-none-eabi/10.3.1/../../../arm-none-eabi/lib/thumb/v7-m/nofp/libc.a(lib_a-puts.o)
                              obj/ltc268x.o (puts)
/usr/lib/gcc/arm-none-eabi/10.3.1/../../../arm-none-eabi/lib/thumb/v7-m/nofp/libc.a(lib_a-realloc.o)
                              obj/cJSON.o (realloc)
/usr/lib/gcc/arm-none-eabi/10.3.1/../../../arm-none-eabi/lib/thumb/v7-m/nofp/libc.a(lib_a-reallocr.o)
                              /usr/lib/gcc/arm-none-eabi/10.3.1/../../../arm-none-eabi/lib/thumb/v7-m/nofp/libc.a(lib_a-realloc.o) (_realloc_r)
[...]
Memory Configuration

Name             Origin             Length             Attributes
RAM              0x0000000020000000 0x0000000000010000 xrw
FLASH            0x0000000008000000 0x0000000000080000 xr
*default*        0x0000000000000000 0xffffffffffffffff

Linker script and memory map

LOAD /usr/lib/gcc/arm-none-eabi/10.3.1/thumb/v7-m/nofp/crti.o
LOAD /usr/lib/gcc/arm-none-eabi/10.3.1/thumb/v7-m/nofp/crtbegin.o
LOAD /usr/lib/gcc/arm-none-eabi/10.3.1/../../../arm-none-eabi/lib/thumb/v7-m/nofp/crt0.o
LOAD obj/I2C.o
LOAD obj/lantask.o
LOAD obj/main.o
LOAD obj/parser.o
LOAD obj/rest_parser.o
LOAD obj/system.o
LOAD obj/HSE_CLK.o
LOAD obj/delay.o
LOAD obj/fact_reset.o
LOAD obj/flash.o
LOAD obj/ltc268x.o
LOAD obj/matrix_io.o
LOAD obj/mux_io.o
LOAD obj/no_os_platform.o
LOAD obj/no_os_util.o
LOAD obj/pin_intr.o
LOAD obj/spi.o
LOAD obj/uart.o
LOAD obj/socket.o
LOAD obj/w5500.o
LOAD obj/wizchip_conf.o
LOAD obj/cJSON.o
LOAD obj/cJSON_Utils.o
LOAD obj/all_asm.o
START GROUP
LOAD /usr/lib/gcc/arm-none-eabi/10.3.1/thumb/v7-m/nofp/libgcc.a
LOAD /usr/lib/gcc/arm-none-eabi/10.3.1/../../../arm-none-eabi/lib/thumb/v7-m/nofp/libc.a
END GROUP
START GROUP
LOAD /usr/lib/gcc/arm-none-eabi/10.3.1/thumb/v7-m/nofp/libgcc.a
LOAD /usr/lib/gcc/arm-none-eabi/10.3.1/../../../arm-none-eabi/lib/thumb/v7-m/nofp/libc.a
LOAD /usr/lib/gcc/arm-none-eabi/10.3.1/../../../arm-none-eabi/lib/thumb/v7-m/nofp/libnosys.a
END GROUP
LOAD /usr/lib/gcc/arm-none-eabi/10.3.1/thumb/v7-m/nofp/crtend.o
LOAD /usr/lib/gcc/arm-none-eabi/10.3.1/thumb/v7-m/nofp/crtn.o
                0x0000000020010000                _estack = (ORIGIN (RAM) + LENGTH (RAM))
                0x0000000000000200                _Min_Heap_Size = 0x200
                0x0000000000000400                _Min_Stack_Size = 0x400

.isr_vector     0x0000000008000000      0x1e4
                0x0000000008000000                . = ALIGN (0x4)
 *(.isr_vector)
 .isr_vector    0x0000000008000000      0x1e4 obj/all_asm.o
                0x0000000008000000                g_pfnVectors
                0x00000000080001e4                . = ALIGN (0x4)

.text           0x00000000080001e8    0x11208
                0x00000000080001e8                . = ALIGN (0x4)
 *(.text)
 .text          0x00000000080001e8       0x88 /usr/lib/gcc/arm-none-eabi/10.3.1/thumb/v7-m/nofp/crtbegin.o
 .text          0x0000000008000270      0x424 obj/I2C.o
                0x0000000008000288                i2c_init
                0x00000000080002f4                i2c_start
                0x0000000008000358                i2c_write
                0x0000000008000388                i2c_read_ack
                0x00000000080003b0                i2c_read_nack
                0x00000000080003e0                i2c_stop
                0x00000000080003fc                eui48_read_mac
                0x00000000080005f4                eui48_get_last_source
                0x0000000008000618                eui48_get_probe_status
                0x0000000008000640                eui48_get_last_raw_read
                0x000000000800066c                eui48_get_diag_counters
 .text          0x0000000008000694      0x208 obj/lantask.o
                0x00000000080006b6                set_tcp_server_port
                0x00000000080006cc                run_tcp_server
                0x0000000008000828                hardware_reset
                0x0000000008000864                w5500_port_init
 .text          0x000000000800089c       0x7c obj/main.o
                0x00000000080008d8                SystemInit
 .text          0x0000000008000918      0x19c obj/parser.o
                0x0000000008000918                set_voltage
                0x0000000008000950                set_matrix
                0x0000000008000988                set_mux
                0x00000000080009b0                writeIP
                0x0000000008000a50                parse_command
 .text          0x0000000008000ab4      0x1f4 obj/rest_parser.o
                0x0000000008000bf8                rest_parser
 .text          0x0000000008000ca8       0xd0 obj/HSE_CLK.o
                0x0000000008000ca8                X_Clock_Init
 .text          0x0000000008000d78       0x54 obj/fact_reset.o
                0x0000000008000d78                Increment_Reset_Counter
 .text          0x0000000008000dcc      0x11c obj/flash.o
                0x0000000008000dcc                flash_read32
                0x0000000008000de0                flash_erase_page
                0x0000000008000e34                flash_write32
 .text          0x0000000008000ee8      0x128 obj/matrix_io.o
                0x0000000008000ee8                matrix_apply_masks
                0x0000000008000fa0                matrix_init
 .text          0x0000000008001010       0xb0 obj/mux_io.o
                0x0000000008001010                mux_init
                0x0000000008001078                mux_select
 .text          0x00000000080010c0      0x50e obj/no_os_util.o
                0x00000000080010c0                no_os_test_bit
                0x00000000080010da                no_os_find_first_set_bit
                0x00000000080010ee                no_os_find_first_set_bit_u64
                0x0000000008001118                no_os_find_last_set_bit
                0x0000000008001130                no_os_find_last_set_bit_u64
                0x0000000008001160                no_os_find_closest
                0x0000000008001190                no_os_field_prep
                0x00000000080011a0                no_os_field_prep_u64
                0x00000000080011d0                no_os_field_get
                0x00000000080011de                no_os_field_max
                0x00000000080011ec                no_os_field_max_u64
                0x0000000008001214                no_os_log_base_2
                0x0000000008001218                no_os_greatest_common_divisor
                0x000000000800123a                no_os_greatest_common_divisor_u64
                0x0000000008001272                no_os_lowest_common_multiple
                0x000000000800128e                no_os_rational_best_approximation
                0x00000000080012c2                no_os_rational_best_approximation_u64
                0x0000000008001328                no_os_hweight8
                0x000000000800133a                no_os_hweight16
                0x0000000008001350                no_os_hweight32
                0x0000000008001366                no_os_do_div
                0x000000000800137a                no_os_div64_u64_rem
                0x0000000008001388                no_os_div_u64_rem
                0x0000000008001396                no_os_div_s64_rem
                0x00000000080013a4                no_os_div_u64
                0x00000000080013ae                no_os_div_s64
                0x00000000080013b8                no_os_str_to_int32
                0x00000000080013d2                no_os_str_to_uint32
                0x00000000080013ec                no_os_put_unaligned_be16
                0x00000000080013f4                no_os_get_unaligned_be16
                0x00000000080013fc                no_os_put_unaligned_le16
                0x0000000008001404                no_os_get_unaligned_le16
                0x0000000008001408                no_os_put_unaligned_be24
                0x0000000008001414                no_os_get_unaligned_be24
                0x0000000008001424                no_os_put_unaligned_le24
                0x0000000008001430                no_os_get_unaligned_le24
                0x000000000800143a                no_os_put_unaligned_be32
                0x000000000800144a                no_os_get_unaligned_be32
                0x0000000008001450                no_os_put_unaligned_le32
                0x0000000008001460                no_os_get_unaligned_le32
                0x0000000008001464                no_os_put_unaligned_be64
                0x0000000008001482                no_os_get_unaligned_be64
                0x000000000800148c                no_os_put_unaligned_le64
                0x00000000080014aa                no_os_get_unaligned_le64
                0x00000000080014b2                no_os_sign_extend16
                0x00000000080014c0                no_os_sign_extend32
                0x00000000080014cc                no_os_mul_u32_u32
                0x00000000080014d2                no_os_mul_u64_u32_shr
                0x000000000800151c                no_os_mul_u64_u32_div
                0x0000000008001584                no_os_is_big_endian
                0x0000000008001588                no_os_memswap64
 *fill*         0x00000000080015ce        0x2 
 .text          0x00000000080015d0       0x88 obj/pin_intr.o
                0x00000000080015d0                ExternIntInit
                0x000000000800163c                EXTI2_IRQHandler
 .text          0x0000000008001658      0x2b4 obj/spi.o
                0x0000000008001670                ethernet_spi_init
                0x000000000800173c                wizchip_select
                0x000000000800174c                wizchip_deselect
                0x000000000800175c                spi_write
                0x000000000800175e                spi_read
                0x0000000008001762                spi_write_burst
                0x0000000008001778                spi_read_burst
                0x0000000008001790                ltc_spi_init
                0x0000000008001838                spi2_transfer_byte
                0x0000000008001850                ltc_write_dac_cs
                0x00000000080018a4                ltc_write_dac
                0x00000000080018aa                ltc_read_data_cs
                0x0000000008001904                ltc_read_data
 .text          0x000000000800190c      0x164 obj/uart.o
                0x000000000800190c                uart1_write
                0x0000000008001920                uart1_read
                0x0000000008001934                uart1_set_rx_callback
                0x0000000008001940                uart1_init
                0x00000000080019dc                USART1_IRQHandler
                0x00000000080019fc                uart1_print
                0x0000000008001a0e                uart1_print_hex
 .text          0x0000000008001a70      0xca0 obj/socket.o
                0x0000000008001d2c                close
                0x0000000008001d98                socket
                0x00000000080020f4                listen
                0x000000000800215e                connect_W5x00
                0x0000000008002162                connect_W6x00
                0x0000000008002164                disconnect
                0x00000000080021f0                send
                0x0000000008002350                recv
                0x0000000008002428                sendto_W5x00
                0x000000000800243c                sendto_W6x00
                0x0000000008002450                recvfrom_W5x00
                0x0000000008002452                recvfrom_W6x00
                0x0000000008002454                ctlsocket
                0x0000000008002510                setsockopt
                0x000000000800260e                getsockopt
 .text          0x0000000008002710      0x31c obj/w5500.o
                0x0000000008002710                WIZCHIP_READ
                0x000000000800276c                WIZCHIP_WRITE
                0x00000000080027d0                WIZCHIP_READ_BUF
                0x0000000008002844                WIZCHIP_WRITE_BUF
                0x00000000080028b8                getSn_TX_FSR
                0x00000000080028fa                getSn_RX_RSR
                0x000000000800293c                wiz_send_data
                0x0000000008002996                wiz_recv_data
                0x00000000080029f0                wiz_recv_ignore
 .text          0x0000000008002a2c      0x734 obj/wizchip_conf.o
                0x0000000008002a2c                wizchip_cris_enter
                0x0000000008002a2e                wizchip_bus_readdata
                0x0000000008002a32                wizchip_bus_writedata
                0x0000000008002a36                wizchip_bus_read_buf
                0x0000000008002a70                wizchip_bus_write_buf
                0x0000000008002aa8                wizchip_spi_readbyte
                0x0000000008002aac                wizchip_spi_writebyte
                0x0000000008002aae                wizchip_spi_readburst
                0x0000000008002acc                wizchip_spi_writeburst
                0x0000000008002ae8                wizchip_qspi_read
                0x0000000008002aea                wizchip_qspi_write
                0x0000000008002aec                wizchip_cris_exit
                0x0000000008002aee                wizchip_cs_select
                0x0000000008002af0                wizchip_cs_deselect
                0x0000000008002af2                reg_wizchip_cris_cbfunc
                0x0000000008002b14                reg_wizchip_cs_cbfunc
                0x0000000008002b38                reg_wizchip_bus_cbfunc
                0x0000000008002b64                reg_wizchip_busbuf_cbfunc
                0x0000000008002b90                reg_wizchip_spi_cbfunc
                0x0000000008002bbc                reg_wizchip_spiburst_cbfunc
                0x0000000008002be8                reg_wizchip_qspi_cbfunc
                0x0000000008002c14                wizchip_sw_reset
                0x0000000008002c8e                wizchip_init
                0x0000000008002d08                wizchip_clrinterrupt
                0x0000000008002d36                wizchip_getinterrupt
                0x0000000008002d56                wizchip_setinterruptmask
                0x0000000008002d72                wizchip_getinterruptmask
                0x0000000008002d8e                wizphy_getphylink
                0x0000000008002d9e                wizphy_getphypmode
                0x0000000008002db6                wizphy_reset
                0x0000000008002de6                wizphy_setphyconf
                0x0000000008002e2c                wizphy_getphyconf
                0x0000000008002e96                wizphy_getphystat
                0x0000000008002eb0                wizphy_setphypmode
                0x0000000008002f02                ctlwizchip
                0x0000000008002ff0                wizchip_setnetinfo
                0x0000000008003044                wizchip_getnetinfo
                0x0000000008003098                wizchip_setnetmode
                0x00000000080030be                wizchip_getnetmode
                0x00000000080030c4                wizchip_settimeout
                0x00000000080030ec                wizchip_gettimeout
                0x0000000008003114                ctlnetwork
 .text          0x0000000008003160     0x1afc obj/cJSON.o
                0x0000000008003ba4                cJSON_GetErrorPtr
                0x0000000008003bb4                cJSON_Version
                0x0000000008003bd8                cJSON_InitHooks
                0x0000000008003c24                cJSON_Delete
                0x0000000008003f8c                cJSON_SetNumberHelper
                0x0000000008003ff0                cJSON_ParseWithLengthOpts
                0x00000000080040c4                cJSON_ParseWithOpts
                0x00000000080040e4                cJSON_Parse
                0x00000000080040ec                cJSON_ParseWithLength
                0x00000000080040f4                cJSON_Print
                0x00000000080040f8                cJSON_PrintUnformatted
                0x00000000080040fc                cJSON_PrintBuffered
                0x0000000008004158                cJSON_PrintPreallocated
                0x00000000080041a4                cJSON_GetArraySize
                0x00000000080041b4                cJSON_GetArrayItem
                0x00000000080041c0                cJSON_GetObjectItem
                0x00000000080041c6                cJSON_GetObjectItemCaseSensitive
                0x00000000080041cc                cJSON_HasObjectItem
                0x00000000080041da                cJSON_AddItemToArray
                0x00000000080041de                cJSON_AddItemToObject
                0x00000000080041e4                cJSON_AddItemToObjectCS
                0x00000000080041ea                cJSON_AddItemReferenceToArray
                0x0000000008004204                cJSON_AddItemReferenceToObject
                0x0000000008004228                cJSON_DetachItemViaPointer
                0x0000000008004266                cJSON_DetachItemFromArray
                0x0000000008004282                cJSON_DeleteItemFromArray
                0x0000000008004290                cJSON_DetachItemFromObject
                0x00000000080042a4                cJSON_DetachItemFromObjectCaseSensitive
                0x00000000080042b8                cJSON_DeleteItemFromObject
                0x00000000080042c6                cJSON_DeleteItemFromObjectCaseSensitive
                0x00000000080042d4                cJSON_InsertItemInArray
                0x0000000008004318                cJSON_ReplaceItemViaPointer
                0x000000000800436e                cJSON_ReplaceItemInArray
                0x000000000800438a                cJSON_CreateNull
                0x00000000080043a0                cJSON_AddNullToObject
                0x00000000080043c8                cJSON_CreateTrue
                0x00000000080043e0                cJSON_AddTrueToObject
                0x0000000008004408                cJSON_CreateFalse
                0x0000000008004420                cJSON_AddFalseToObject
                0x0000000008004448                cJSON_CreateBool
                0x0000000008004468                cJSON_AddBoolToObject
                0x0000000008004492                cJSON_CreateNumber
                0x00000000080044f8                cJSON_AddNumberToObject
                0x0000000008004524                cJSON_CreateString
                0x0000000008004554                cJSON_AddStringToObject
                0x000000000800457e                cJSON_CreateStringReference
                0x000000000800459c                cJSON_CreateObjectReference
                0x00000000080045b8                cJSON_CreateArrayReference
                0x00000000080045d4                cJSON_CreateRaw
                0x0000000008004604                cJSON_AddRawToObject
                0x000000000800462e                cJSON_CreateArray
                0x0000000008004644                cJSON_AddArrayToObject
                0x000000000800466c                cJSON_CreateObject
                0x0000000008004684                cJSON_AddObjectToObject
                0x00000000080046ac                cJSON_CreateIntArray
                0x0000000008004708                cJSON_CreateFloatArray
                0x0000000008004764                cJSON_CreateDoubleArray
                0x00000000080047c4                cJSON_CreateStringArray
                0x000000000800481c                cJSON_Duplicate_rec
                0x00000000080048c0                cJSON_Duplicate
                0x00000000080048c8                cJSON_Minify
                0x0000000008004968                cJSON_IsInvalid
                0x0000000008004974                cJSON_IsFalse
                0x0000000008004980                cJSON_IsTrue
                0x000000000800498c                cJSON_IsBool
                0x000000000800499a                cJSON_IsNull
                0x00000000080049a6                cJSON_IsNumber
                0x00000000080049b4                cJSON_GetNumberValue
                0x00000000080049d0                cJSON_IsString
                0x00000000080049de                cJSON_GetStringValue
                0x00000000080049ec                cJSON_IsArray
                0x00000000080049fa                cJSON_IsObject
                0x0000000008004a08                cJSON_IsRaw
                0x0000000008004a16                cJSON_Compare
                0x0000000008004b8c                cJSON_malloc
                0x0000000008004b98                cJSON_free
                0x0000000008004ba4                cJSON_SetValuestring
                0x0000000008004c52                cJSON_ReplaceItemInObject
                0x0000000008004c56                cJSON_ReplaceItemInObjectCaseSensitive
 .text          0x0000000008004c5c      0x378 /usr/lib/gcc/arm-none-eabi/10.3.1/thumb/v7-m/nofp/libgcc.a(_arm_addsubdf3.o)
                0x0000000008004c5c                __aeabi_drsub
                0x0000000008004c64                __aeabi_dsub
                0x0000000008004c64                __subdf3
                0x0000000008004c68                __adddf3
                0x0000000008004c68                __aeabi_dadd
                0x0000000008004ee0                __aeabi_ui2d
                0x0000000008004ee0                __floatunsidf
                0x0000000008004f00                __floatsidf
                0x0000000008004f00                __aeabi_i2d
                0x0000000008004f24                __extendsfdf2
                0x0000000008004f24                __aeabi_f2d
                0x0000000008004f68                __aeabi_ul2d
                0x0000000008004f68                __floatundidf
                0x0000000008004f78                __floatdidf
                0x0000000008004f78                __aeabi_l2d
 .text          0x0000000008004fd4      0x110 /usr/lib/gcc/arm-none-eabi/10.3.1/thumb/v7-m/nofp/libgcc.a(_arm_cmpdf2.o)
                0x0000000008004fd4                __gtdf2
                0x0000000008004fd4                __gedf2
                0x0000000008004fdc                __ltdf2
                0x0000000008004fdc                __ledf2
                0x0000000008004fe4                __cmpdf2
                0x0000000008004fe4                __eqdf2
                0x0000000008004fe4                __nedf2
                0x0000000008005060                __aeabi_cdrcmple
                0x0000000008005070                __aeabi_cdcmple
                0x0000000008005070                __aeabi_cdcmpeq
                0x0000000008005080                __aeabi_dcmpeq
                0x0000000008005094                __aeabi_dcmplt
                0x00000000080050a8                __aeabi_dcmple
                0x00000000080050bc                __aeabi_dcmpge
                0x00000000080050d0                __aeabi_dcmpgt
 .text          0x00000000080050e4       0x2c /usr/lib/gcc/arm-none-eabi/10.3.1/thumb/v7-m/nofp/libgcc.a(_arm_unorddf2.o)
                0x00000000080050e4                __aeabi_dcmpun
                0x00000000080050e4                __unorddf2
 .text          0x0000000008005110       0x50 /usr/lib/gcc/arm-none-eabi/10.3.1/thumb/v7-m/nofp/libgcc.a(_arm_fixdfsi.o)
                0x0000000008005110                __fixdfsi
                0x0000000008005110                __aeabi_d2iz
 .text          0x0000000008005160       0xa0 /usr/lib/gcc/arm-none-eabi/10.3.1/thumb/v7-m/nofp/libgcc.a(_aeabi_ldivmod.o)
                0x0000000008005160                __aeabi_ldivmod
 .text          0x0000000008005200       0x30 /usr/lib/gcc/arm-none-eabi/10.3.1/thumb/v7-m/nofp/libgcc.a(_aeabi_uldivmod.o)
                0x0000000008005200                __aeabi_uldivmod
 .text          0x0000000008005230      0x2d4 /usr/lib/gcc/arm-none-eabi/10.3.1/thumb/v7-m/nofp/libgcc.a(_udivmoddi4.o)
                0x0000000008005230                __udivmoddi4
 .text          0x0000000008005504        0x4 /usr/lib/gcc/arm-none-eabi/10.3.1/thumb/v7-m/nofp/libgcc.a(_dvmd_tls.o)
                0x0000000008005504                __aeabi_ldiv0
                0x0000000008005504                __aeabi_idiv0
 .text          0x0000000008005508        0xc /usr/lib/gcc/arm-none-eabi/10.3.1/../../../arm-none-eabi/lib/thumb/v7-m/nofp/libc.a(lib_a-atexit.o)
                0x0000000008005508                atexit
 .text          0x0000000008005514       0x2c /usr/lib/gcc/arm-none-eabi/10.3.1/../../../arm-none-eabi/lib/thumb/v7-m/nofp/libc.a(lib_a-fini.o)
                0x0000000008005514                __libc_fini_array
 .text          0x0000000008005540       0x20 /usr/lib/gcc/arm-none-eabi/10.3.1/../../../arm-none-eabi/lib/thumb/v7-m/nofp/libc.a(lib_a-malloc.o)
                0x0000000008005540                malloc
                0x0000000008005550                free
 .text          0x0000000008005560      0x54c /usr/lib/gcc/arm-none-eabi/10.3.1/../../../arm-none-eabi/lib/thumb/v7-m/nofp/libc.a(lib_a-mallocr.o)
                0x0000000008005560                _malloc_r
 .text          0x0000000008005aac       0xec /usr/lib/gcc/arm-none-eabi/10.3.1/../../../arm-none-eabi/lib/thumb/v7-m/nofp/libc.a(lib_a-memcpy.o)
                0x0000000008005aac                memcpy
 .text          0x0000000008005b98       0xa4 /usr/lib/gcc/arm-none-eabi/10.3.1/../../../arm-none-eabi/lib/thumb/v7-m/nofp/libc.a(lib_a-memset.o)
                0x0000000008005b98                memset
 .text          0x0000000008005c3c        0x8 /usr/lib/gcc/arm-none-eabi/10.3.1/../../../arm-none-eabi/lib/thumb/v7-m/nofp/libc.a(lib_a-mlock.o)
                0x0000000008005c3c                __malloc_lock
                0x0000000008005c40                __malloc_unlock
 .text          0x0000000008005c44       0x14 /usr/lib/gcc/arm-none-eabi/10.3.1/../../../arm-none-eabi/lib/thumb/v7-m/nofp/libc.a(lib_a-realloc.o)
                0x0000000008005c44                realloc
 .text          0x0000000008005c58      0x3dc /usr/lib/gcc/arm-none-eabi/10.3.1/../../../arm-none-eabi/lib/thumb/v7-m/nofp/libc.a(lib_a-reallocr.o)
                0x0000000008005c58                _realloc_r
 .text          0x0000000008006034       0x24 /usr/lib/gcc/arm-none-eabi/10.3.1/../../../arm-none-eabi/lib/thumb/v7-m/nofp/libc.a(lib_a-sbrkr.o)
                0x0000000008006034                _sbrk_r
 .text          0x0000000008006058      0x100 /usr/lib/gcc/arm-none-eabi/10.3.1/../../../arm-none-eabi/lib/thumb/v7-m/nofp/libc.a(lib_a-snprintf.o)
                0x0000000008006058                _snprintf_r
                0x00000000080060d4                snprintf
 .text          0x0000000008006158       0x80 /usr/lib/gcc/arm-none-eabi/10.3.1/../../../arm-none-eabi/lib/thumb/v7-m/nofp/libc.a(lib_a-sprintf.o)
                0x0000000008006158                _sprintf_r
                0x0000000008006194                sprintf
 .text          0x00000000080061d8       0xac /usr/lib/gcc/arm-none-eabi/10.3.1/../../../arm-none-eabi/lib/thumb/v7-m/nofp/libc.a(lib_a-sscanf.o)
                0x00000000080061d8                sscanf
                0x0000000008006230                _sscanf_r
 .text          0x0000000008006284       0x90 /usr/lib/gcc/arm-none-eabi/10.3.1/../../../arm-none-eabi/lib/thumb/v7-m/nofp/libc.a(lib_a-stdio.o)
                0x0000000008006284                __sread
                0x00000000080062a8                __seofread
                0x00000000080062ac                __swrite
                0x00000000080062ec                __sseek
                0x000000000800630c                __sclose
 .text          0x0000000008006314      0x1bc /usr/lib/gcc/arm-none-eabi/10.3.1/../../../arm-none-eabi/lib/thumb/v7-m/nofp/libc.a(lib_a-strcmp.o)
                0x0000000008006314                strcmp
 .text          0x00000000080064d0       0xbc /usr/lib/gcc/arm-none-eabi/10.3.1/../../../arm-none-eabi/lib/thumb/v7-m/nofp/libc.a(lib_a-strcpy.o)
                0x00000000080064d0                strcpy
 .text          0x000000000800658c       0x5c /usr/lib/gcc/arm-none-eabi/10.3.1/../../../arm-none-eabi/lib/thumb/v7-m/nofp/libc.a(lib_a-strlen-stub.o)
                0x000000000800658c                strlen
 .text          0x00000000080065e8       0x7c /usr/lib/gcc/arm-none-eabi/10.3.1/../../../arm-none-eabi/lib/thumb/v7-m/nofp/libc.a(lib_a-strncmp.o)
                0x00000000080065e8                strncmp
 *fill*         0x0000000008006664        0x4 
 .text          0x0000000008006668     0x10b8 /usr/lib/gcc/arm-none-eabi/10.3.1/../../../arm-none-eabi/lib/thumb/v7-m/nofp/libc.a(lib_a-strtod.o)
                0x0000000008006668                _strtod_l
                0x00000000080075a0                _strtod_r
                0x00000000080075ac                strtod_l
                0x00000000080075c8                strtod
                0x00000000080075e0                strtof_l
                0x0000000008007680                strtof
 .text          0x0000000008007720      0x190 /usr/lib/gcc/arm-none-eabi/10.3.1/../../../arm-none-eabi/lib/thumb/v7-m/nofp/libc.a(lib_a-strtol.o)
                0x0000000008007840                _strtol_r
                0x0000000008007858                strtol_l
                0x0000000008007884                strtol
 .text          0x00000000080078b0      0x178 /usr/lib/gcc/arm-none-eabi/10.3.1/../../../arm-none-eabi/lib/thumb/v7-m/nofp/libc.a(lib_a-strtoul.o)
                0x00000000080079ec                _strtoul_r
                0x00000000080079f0                strtoul_l
                0x0000000008007a0c                strtoul
 .text          0x0000000008007a28     0x1498 /usr/lib/gcc/arm-none-eabi/10.3.1/../../../arm-none-eabi/lib/thumb/v7-m/nofp/libc.a(lib_a-svfprintf.o)
                0x0000000008007a28                _svfprintf_r
 .text          0x0000000008008ec0     0x1060 /usr/lib/gcc/arm-none-eabi/10.3.1/../../../arm-none-eabi/lib/thumb/v7-m/nofp/libc.a(lib_a-svfscanf.o)
                0x0000000008008ec0                __ssvfscanf_r
 .text          0x0000000008009f20       0x2c /usr/lib/gcc/arm-none-eabi/10.3.1/../../../arm-none-eabi/lib/thumb/v7-m/nofp/libc.a(lib_a-writer.o)
                0x0000000008009f20                _write_r
 .text          0x0000000008009f4c       0xd4 /usr/lib/gcc/arm-none-eabi/10.3.1/../../../arm-none-eabi/lib/thumb/v7-m/nofp/libc.a(lib_a-wsetup.o)
                0x0000000008009f4c                __swsetup_r
 .text          0x000000000800a020       0x64 /usr/lib/gcc/arm-none-eabi/10.3.1/../../../arm-none-eabi/lib/thumb/v7-m/nofp/libc.a(lib_a-__atexit.o)
                0x000000000800a020                __register_exitproc
 .text          0x000000000800a084       0x24 /usr/lib/gcc/arm-none-eabi/10.3.1/../../../arm-none-eabi/lib/thumb/v7-m/nofp/libc.a(lib_a-closer.o)
                0x000000000800a084                _close_r
 .text          0x000000000800a0a8      0xff4 /usr/lib/gcc/arm-none-eabi/10.3.1/../../../arm-none-eabi/lib/thumb/v7-m/nofp/libc.a(lib_a-dtoa.o)
                0x000000000800a1d4                _dtoa_r
 .text          0x000000000800b09c        0xc /usr/lib/gcc/arm-none-eabi/10.3.1/../../../arm-none-eabi/lib/thumb/v7-m/nofp/libc.a(lib_a-errno.o)
                0x000000000800b09c                __errno
 .text          0x000000000800b0a8      0x1a0 /usr/lib/gcc/arm-none-eabi/10.3.1/../../../arm-none-eabi/lib/thumb/v7-m/nofp/libc.a(lib_a-fflush.o)
                0x000000000800b0a8                __sflush_r
                0x000000000800b1cc                _fflush_r
                0x000000000800b1f8                fflush
 .text          0x000000000800b248      0x214 /usr/lib/gcc/arm-none-eabi/10.3.1/../../../arm-none-eabi/lib/thumb/v7-m/nofp/libc.a(lib_a-findfp.o)
                0x000000000800b24c                _cleanup_r
                0x000000000800b330                __sfmoreglue
                0x000000000800b360                __sfp
                0x000000000800b408                _cleanup
                0x000000000800b41c                __sinit
                0x000000000800b424                __sfp_lock_acquire
                0x000000000800b428                __sfp_lock_release
                0x000000000800b42c                __sinit_lock_acquire
                0x000000000800b430                __sinit_lock_release
                0x000000000800b434                __fp_lock_all
                0x000000000800b448                __fp_unlock_all
 .text          0x000000000800b45c      0x2a0 /usr/lib/gcc/arm-none-eabi/10.3.1/../../../arm-none-eabi/lib/thumb/v7-m/nofp/libc.a(lib_a-freer.o)
                0x000000000800b45c                _malloc_trim_r
                0x000000000800b4fc                _free_r
 .text          0x000000000800b6fc      0x2f0 /usr/lib/gcc/arm-none-eabi/10.3.1/../../../arm-none-eabi/lib/thumb/v7-m/nofp/libc.a(lib_a-fvwrite.o)
                0x000000000800b6fc                __sfvwrite_r
 .text          0x000000000800b9ec       0x88 /usr/lib/gcc/arm-none-eabi/10.3.1/../../../arm-none-eabi/lib/thumb/v7-m/nofp/libc.a(lib_a-fwalk.o)
                0x000000000800b9ec                _fwalk
                0x000000000800ba2c                _fwalk_reent
 .text          0x000000000800ba74      0x668 /usr/lib/gcc/arm-none-eabi/10.3.1/../../../arm-none-eabi/lib/thumb/v7-m/nofp/libc.a(lib_a-gdtoa-gethex.o)
                0x000000000800bb18                __gethex
 .text          0x000000000800c0dc      0x1e0 /usr/lib/gcc/arm-none-eabi/10.3.1/../../../arm-none-eabi/lib/thumb/v7-m/nofp/libc.a(lib_a-gdtoa-hexnan.o)
                0x000000000800c0dc                __match
                0x000000000800c110                __hexnan
 .text          0x000000000800c2bc        0x8 /usr/lib/gcc/arm-none-eabi/10.3.1/../../../arm-none-eabi/lib/thumb/v7-m/nofp/libc.a(lib_a-iswspace.o)
                0x000000000800c2bc                iswspace
 .text          0x000000000800c2c4       0x14 /usr/lib/gcc/arm-none-eabi/10.3.1/../../../arm-none-eabi/lib/thumb/v7-m/nofp/libc.a(lib_a-iswspace_l.o)
                0x000000000800c2c4                iswspace_l
 .text          0x000000000800c2d8       0x8c /usr/lib/gcc/arm-none-eabi/10.3.1/../../../arm-none-eabi/lib/thumb/v7-m/nofp/libc.a(lib_a-locale.o)
                0x000000000800c2d8                _setlocale_r
                0x000000000800c318                __locale_mb_cur_max
                0x000000000800c324                setlocale
 .text          0x000000000800c364       0x14 /usr/lib/gcc/arm-none-eabi/10.3.1/../../../arm-none-eabi/lib/thumb/v7-m/nofp/libc.a(lib_a-localeconv.o)
                0x000000000800c364                __localeconv_l
                0x000000000800c368                _localeconv_r
                0x000000000800c370                localeconv
 .text          0x000000000800c378       0x2c /usr/lib/gcc/arm-none-eabi/10.3.1/../../../arm-none-eabi/lib/thumb/v7-m/nofp/libc.a(lib_a-lseekr.o)
                0x000000000800c378                _lseek_r
 .text          0x000000000800c3a4      0x140 /usr/lib/gcc/arm-none-eabi/10.3.1/../../../arm-none-eabi/lib/thumb/v7-m/nofp/libc.a(lib_a-makebuf.o)
                0x000000000800c3a4                __smakebuf_r
                0x000000000800c484                __swhatbuf_r
 .text          0x000000000800c4e4       0x98 /usr/lib/gcc/arm-none-eabi/10.3.1/../../../arm-none-eabi/lib/thumb/v7-m/nofp/libc.a(lib_a-mbrtowc.o)
                0x000000000800c4e4                _mbrtowc_r
                0x000000000800c528                mbrtowc
 .text          0x000000000800c57c       0x40 /usr/lib/gcc/arm-none-eabi/10.3.1/../../../arm-none-eabi/lib/thumb/v7-m/nofp/libc.a(lib_a-mbtowc_r.o)
                0x000000000800c57c                _mbtowc_r
                0x000000000800c590                __ascii_mbtowc
 .text          0x000000000800c5bc       0x90 /usr/lib/gcc/arm-none-eabi/10.3.1/../../../arm-none-eabi/lib/thumb/v7-m/nofp/libc.a(lib_a-memchr-stub.o)
                0x000000000800c5bc                memchr
 .text          0x000000000800c64c       0xf8 /usr/lib/gcc/arm-none-eabi/10.3.1/../../../arm-none-eabi/lib/thumb/v7-m/nofp/libc.a(lib_a-memmove.o)
                0x000000000800c64c                memmove
 .text          0x000000000800c744      0xa68 /usr/lib/gcc/arm-none-eabi/10.3.1/../../../arm-none-eabi/lib/thumb/v7-m/nofp/libc.a(lib_a-mprec.o)
                0x000000000800c744                _Balloc
                0x000000000800c790                _Bfree
                0x000000000800c7a4                __multadd
                0x000000000800c848                __s2b
                0x000000000800c8fc                __hi0bits
                0x000000000800c93c                __lo0bits
                0x000000000800c994                __i2b
                0x000000000800c9f0                __multiply
                0x000000000800cb4c                __pow5mult
                0x000000000800cc04                __lshift
                0x000000000800ccf0                __mcmp
                0x000000000800cd30                __mdiff
                0x000000000800ce7c                __ulp
                0x000000000800cec0                __b2d
                0x000000000800cf90                __d2b
                0x000000000800d054                __ratio
                0x000000000800d0b4                _mprec_log10
                0x000000000800d0ec                __copybits
                0x000000000800d14c                __any_on
 .text          0x000000000800d1ac       0x2c /usr/lib/gcc/arm-none-eabi/10.3.1/../../../arm-none-eabi/lib/thumb/v7-m/nofp/libc.a(lib_a-readr.o)
                0x000000000800d1ac                _read_r
 .text          0x000000000800d1d8        0xc /usr/lib/gcc/arm-none-eabi/10.3.1/../../../arm-none-eabi/lib/thumb/v7-m/nofp/libc.a(lib_a-s_nan.o)
                0x000000000800d1d8                nan
 .text          0x000000000800d1e4       0x8c /usr/lib/gcc/arm-none-eabi/10.3.1/../../../arm-none-eabi/lib/thumb/v7-m/nofp/libc.a(lib_a-sccl.o)
                0x000000000800d1e4                __sccl
 .text          0x000000000800d270        0x8 /usr/lib/gcc/arm-none-eabi/10.3.1/../../../arm-none-eabi/lib/thumb/v7-m/nofp/libc.a(lib_a-sf_nan.o)
                0x000000000800d270                nanf
 .text          0x000000000800d278      0x1b4 /usr/lib/gcc/arm-none-eabi/10.3.1/../../../arm-none-eabi/lib/thumb/v7-m/nofp/libc.a(lib_a-strtoll.o)
                0x000000000800d3f0                _strtoll_r
                0x000000000800d3f4                strtoll_l
                0x000000000800d410                strtoll
 .text          0x000000000800d42c      0x1e0 /usr/lib/gcc/arm-none-eabi/10.3.1/../../../arm-none-eabi/lib/thumb/v7-m/nofp/libc.a(lib_a-strtoull.o)
                0x000000000800d5d0                _strtoull_r
                0x000000000800d5d4                strtoull_l
                0x000000000800d5f0                strtoull
 .text          0x000000000800d60c      0xb7c /usr/lib/gcc/arm-none-eabi/10.3.1/../../../arm-none-eabi/lib/thumb/v7-m/nofp/libc.a(lib_a-svfiprintf.o)
                0x000000000800d60c                __ssprint_r
                0x000000000800d708                _svfiprintf_r
 .text          0x000000000800e188     0x1138 /usr/lib/gcc/arm-none-eabi/10.3.1/../../../arm-none-eabi/lib/thumb/v7-m/nofp/libc.a(lib_a-svfiscanf.o)
                0x000000000800e188                _sungetc_r
                0x000000000800e208                __ssrefill_r
                0x000000000800e244                _sfread_r
                0x000000000800e2f8                __ssvfiscanf_r
 .text          0x000000000800f2c0      0x168 /usr/lib/gcc/arm-none-eabi/10.3.1/../../../arm-none-eabi/lib/thumb/v7-m/nofp/libc.a(lib_a-ungetc.o)
                0x000000000800f2c0                __submore
                0x000000000800f338                _ungetc_r
                0x000000000800f414                ungetc
 .text          0x000000000800f428      0xd48 /usr/lib/gcc/arm-none-eabi/10.3.1/../../../arm-none-eabi/lib/thumb/v7-m/nofp/libc.a(lib_a-vfiprintf.o)
                0x000000000800f4a0                __sprint_r
                0x000000000800f4b4                _vfiprintf_r
                0x00000000080100e8                vfiprintf
 .text          0x0000000008010170       0x30 /usr/lib/gcc/arm-none-eabi/10.3.1/../../../arm-none-eabi/lib/thumb/v7-m/nofp/libc.a(lib_a-wctomb_r.o)
                0x0000000008010170                _wctomb_r
                0x0000000008010184                __ascii_wctomb
 .text          0x00000000080101a0       0x4c /usr/lib/gcc/arm-none-eabi/10.3.1/../../../arm-none-eabi/lib/thumb/v7-m/nofp/libc.a(lib_a-assert.o)
                0x00000000080101a0                __assert_func
                0x00000000080101e0                __assert
 .text          0x00000000080101ec       0x60 /usr/lib/gcc/arm-none-eabi/10.3.1/../../../arm-none-eabi/lib/thumb/v7-m/nofp/libc.a(lib_a-callocr.o)
                0x00000000080101ec                _calloc_r
 .text          0x000000000801024c       0xd4 /usr/lib/gcc/arm-none-eabi/10.3.1/../../../arm-none-eabi/lib/thumb/v7-m/nofp/libc.a(lib_a-fclose.o)
                0x00000000080102b0                _fclose_r
                0x00000000080102e4                fclose
 .text          0x0000000008010320       0x44 /usr/lib/gcc/arm-none-eabi/10.3.1/../../../arm-none-eabi/lib/thumb/v7-m/nofp/libc.a(lib_a-fiprintf.o)
                0x0000000008010320                _fiprintf_r
                0x000000000801033c                fiprintf
 .text          0x0000000008010364      0x104 /usr/lib/gcc/arm-none-eabi/10.3.1/../../../arm-none-eabi/lib/thumb/v7-m/nofp/libc.a(lib_a-fputwc.o)
                0x0000000008010364                __fputwc
                0x0000000008010404                _fputwc_r
                0x0000000008010428                fputwc
 .text          0x0000000008010468       0x28 /usr/lib/gcc/arm-none-eabi/10.3.1/../../../arm-none-eabi/lib/thumb/v7-m/nofp/libc.a(lib_a-fstatr.o)
                0x0000000008010468                _fstat_r
 .text          0x0000000008010490       0x24 /usr/lib/gcc/arm-none-eabi/10.3.1/../../../arm-none-eabi/lib/thumb/v7-m/nofp/libc.a(lib_a-isattyr.o)
                0x0000000008010490                _isatty_r
 .text          0x00000000080104b4       0xc4 /usr/lib/gcc/arm-none-eabi/10.3.1/../../../arm-none-eabi/lib/thumb/v7-m/nofp/libc.a(lib_a-wbuf.o)
                0x00000000080104b4                __swbuf_r
                0x0000000008010564                __swbuf
 .text          0x0000000008010578       0x88 /usr/lib/gcc/arm-none-eabi/10.3.1/../../../arm-none-eabi/lib/thumb/v7-m/nofp/libc.a(lib_a-wcrtomb.o)
                0x0000000008010578                _wcrtomb_r
                0x00000000080105b4                wcrtomb
 .text          0x0000000008010600       0x10 /usr/lib/gcc/arm-none-eabi/10.3.1/../../../arm-none-eabi/lib/thumb/v7-m/nofp/libc.a(lib_a-abort.o)
                0x0000000008010600                abort
 .text          0x0000000008010610      0x28c /usr/lib/gcc/arm-none-eabi/10.3.1/../../../arm-none-eabi/lib/thumb/v7-m/nofp/libc.a(lib_a-signal.o)
                0x0000000008010610                _init_signal_r
                0x0000000008010640                _signal_r
                0x000000000801068c                _raise_r
                0x00000000080106e4                __sigtramp_r
                0x000000000801074c                raise
                0x00000000080107a8                signal
                0x00000000080107fc                _init_signal
                0x0000000008010834                __sigtramp
 .text          0x000000000801089c       0x2c /usr/lib/gcc/arm-none-eabi/10.3.1/../../../arm-none-eabi/lib/thumb/v7-m/nofp/libc.a(lib_a-signalr.o)
                0x000000000801089c                _kill_r
                0x00000000080108c4                _getpid_r
 .text          0x00000000080108c8      0x424 /usr/lib/gcc/arm-none-eabi/10.3.1/thumb/v7-m/nofp/libgcc.a(_arm_muldivdf3.o)
                0x00000000080108c8                __aeabi_dmul
                0x00000000080108c8                __muldf3
                0x0000000008010b1c                __aeabi_ddiv
                0x0000000008010b1c                __divdf3
 .text          0x0000000008010cec       0x40 /usr/lib/gcc/arm-none-eabi/10.3.1/thumb/v7-m/nofp/libgcc.a(_arm_fixunsdfsi.o)
                0x0000000008010cec                __fixunsdfsi
                0x0000000008010cec                __aeabi_d2uiz
 .text          0x0000000008010d2c       0xa0 /usr/lib/gcc/arm-none-eabi/10.3.1/thumb/v7-m/nofp/libgcc.a(_arm_truncdfsf2.o)
                0x0000000008010d2c                __aeabi_d2f
                0x0000000008010d2c                __truncdfsf2
 .text          0x0000000008010dcc       0xec /usr/lib/gcc/arm-none-eabi/10.3.1/thumb/v7-m/nofp/libgcc.a(_arm_cmpsf2.o)
                0x0000000008010dcc                __gtsf2
                0x0000000008010dcc                __gesf2
                0x0000000008010dd4                __lesf2
                0x0000000008010dd4                __ltsf2
                0x0000000008010ddc                __nesf2
                0x0000000008010ddc                __eqsf2
                0x0000000008010ddc                __cmpsf2
                0x0000000008010e3c                __aeabi_cfrcmple
                0x0000000008010e44                __aeabi_cfcmple
                0x0000000008010e44                __aeabi_cfcmpeq
                0x0000000008010e54                __aeabi_fcmpeq
                0x0000000008010e68                __aeabi_fcmplt
                0x0000000008010e7c                __aeabi_fcmple
                0x0000000008010e90                __aeabi_fcmpge
                0x0000000008010ea4                __aeabi_fcmpgt
 .text          0x0000000008010eb8       0x2c /usr/lib/gcc/arm-none-eabi/10.3.1/thumb/v7-m/nofp/libgcc.a(_arm_unordsf2.o)
                0x0000000008010eb8                __aeabi_fcmpun
                0x0000000008010eb8                __unordsf2
 .text          0x0000000008010ee4       0x34 /usr/lib/gcc/arm-none-eabi/10.3.1/thumb/v7-m/nofp/libgcc.a(_fixdfdi.o)
                0x0000000008010ee4                __aeabi_d2lz
                0x0000000008010ee4                __fixdfdi
 .text          0x0000000008010f18       0x3c /usr/lib/gcc/arm-none-eabi/10.3.1/thumb/v7-m/nofp/libgcc.a(_fixunsdfdi.o)
                0x0000000008010f18                __aeabi_d2ulz
                0x0000000008010f18                __fixunsdfdi
 .text          0x0000000008010f54       0x10 /usr/lib/gcc/arm-none-eabi/10.3.1/../../../arm-none-eabi/lib/thumb/v7-m/nofp/libnosys.a(close.o)
                0x0000000008010f54                _close
 .text          0x0000000008010f64       0x10 /usr/lib/gcc/arm-none-eabi/10.3.1/../../../arm-none-eabi/lib/thumb/v7-m/nofp/libnosys.a(fstat.o)
                0x0000000008010f64                _fstat
 .text          0x0000000008010f74       0x10 /usr/lib/gcc/arm-none-eabi/10.3.1/../../../arm-none-eabi/lib/thumb/v7-m/nofp/libnosys.a(getpid.o)
                0x0000000008010f74                _getpid
 .text          0x0000000008010f84       0x10 /usr/lib/gcc/arm-none-eabi/10.3.1/../../../arm-none-eabi/lib/thumb/v7-m/nofp/libnosys.a(isatty.o)
                0x0000000008010f84                _isatty
 .text          0x0000000008010f94       0x10 /usr/lib/gcc/arm-none-eabi/10.3.1/../../../arm-none-eabi/lib/thumb/v7-m/nofp/libnosys.a(kill.o)
                0x0000000008010f94                _kill
 .text          0x0000000008010fa4       0x10 /usr/lib/gcc/arm-none-eabi/10.3.1/../../../arm-none-eabi/lib/thumb/v7-m/nofp/libnosys.a(lseek.o)
                0x0000000008010fa4                _lseek
 .text          0x0000000008010fb4       0x10 /usr/lib/gcc/arm-none-eabi/10.3.1/../../../arm-none-eabi/lib/thumb/v7-m/nofp/libnosys.a(read.o)
                0x0000000008010fb4                _read
 .text          0x0000000008010fc4       0x1c /usr/lib/gcc/arm-none-eabi/10.3.1/../../../arm-none-eabi/lib/thumb/v7-m/nofp/libnosys.a(sbrk.o)
                0x0000000008010fc4                _sbrk
 .text          0x0000000008010fe0       0x10 /usr/lib/gcc/arm-none-eabi/10.3.1/../../../arm-none-eabi/lib/thumb/v7-m/nofp/libnosys.a(write.o)
                0x0000000008010fe0                _write
 .text          0x0000000008010ff0        0x4 /usr/lib/gcc/arm-none-eabi/10.3.1/../../../arm-none-eabi/lib/thumb/v7-m/nofp/libnosys.a(_exit.o)
                0x0000000008010ff0                _exit
 *(.text*)
 .text.startup  0x0000000008010ff4      0x388 obj/main.o
                0x0000000008010ff4                main
 .text.Reset_Handler
                0x000000000801137c       0x44 obj/all_asm.o
                0x000000000801137c                Reset_Handler
 .text.Default_Handler
                0x00000000080113c0        0x2 obj/all_asm.o
                0x00000000080113c0                TIM8_TRG_COM_IRQHandler
                0x00000000080113c0                TIM8_CC_IRQHandler
                0x00000000080113c0                DebugMon_Handler
                0x00000000080113c0                TIM1_CC_IRQHandler
                0x00000000080113c0                HardFault_Handler
                0x00000000080113c0                TIM6_IRQHandler
                0x00000000080113c0                SysTick_Handler
                0x00000000080113c0                PVD_IRQHandler
                0x00000000080113c0                SDIO_IRQHandler
                0x00000000080113c0                PendSV_Handler
                0x00000000080113c0                NMI_Handler
                0x00000000080113c0                EXTI3_IRQHandler
                0x00000000080113c0                EXTI0_IRQHandler
                0x00000000080113c0                I2C2_EV_IRQHandler
                0x00000000080113c0                UsageFault_Handler
                0x00000000080113c0                ADC1_2_IRQHandler
                0x00000000080113c0                SPI1_IRQHandler
                0x00000000080113c0                TAMPER_IRQHandler
                0x00000000080113c0                TIM8_UP_IRQHandler
                0x00000000080113c0                DMA2_Channel2_IRQHandler
                0x00000000080113c0                DMA1_Channel4_IRQHandler
                0x00000000080113c0                USART3_IRQHandler
                0x00000000080113c0                RTC_IRQHandler
                0x00000000080113c0                DMA1_Channel7_IRQHandler
                0x00000000080113c0                CAN1_RX1_IRQHandler
                0x00000000080113c0                UART5_IRQHandler
                0x00000000080113c0                ADC3_IRQHandler
                0x00000000080113c0                TIM4_IRQHandler
                0x00000000080113c0                DMA2_Channel1_IRQHandler
                0x00000000080113c0                I2C1_EV_IRQHandler
                0x00000000080113c0                DMA1_Channel6_IRQHandler
                0x00000000080113c0                UART4_IRQHandler
                0x00000000080113c0                TIM3_IRQHandler
                0x00000000080113c0                RCC_IRQHandler
                0x00000000080113c0                TIM1_TRG_COM_IRQHandler
                0x00000000080113c0                DMA1_Channel1_IRQHandler
                0x00000000080113c0                Default_Handler
                0x00000000080113c0                EXTI15_10_IRQHandler
                0x00000000080113c0                TIM7_IRQHandler
                0x00000000080113c0                TIM5_IRQHandler
                0x00000000080113c0                EXTI9_5_IRQHandler
                0x00000000080113c0                SPI2_IRQHandler
                0x00000000080113c0                MemManage_Handler
                0x00000000080113c0                SVC_Handler
                0x00000000080113c0                DMA1_Channel5_IRQHandler
                0x00000000080113c0                EXTI4_IRQHandler
                0x00000000080113c0                USB_LP_CAN1_RX0_IRQHandler
                0x00000000080113c0                USB_HP_CAN1_TX_IRQHandler
                0x00000000080113c0                DMA1_Channel3_IRQHandler
                0x00000000080113c0                FSMC_IRQHandler
                0x00000000080113c0                TIM1_UP_IRQHandler
                0x00000000080113c0                WWDG_IRQHandler
                0x00000000080113c0                TIM2_IRQHandler
                0x00000000080113c0                TIM1_BRK_IRQHandler
                0x00000000080113c0                EXTI1_IRQHandler
                0x00000000080113c0                RTCAlarm_IRQHandler
                0x00000000080113c0                DMA2_Channel4_5_IRQHandler
                0x00000000080113c0                USART2_IRQHandler
                0x00000000080113c0                I2C2_ER_IRQHandler
                0x00000000080113c0                DMA1_Channel2_IRQHandler
                0x00000000080113c0                TIM8_BRK_IRQHandler
                0x00000000080113c0                CAN1_SCE_IRQHandler
                0x00000000080113c0                FLASH_IRQHandler
                0x00000000080113c0                BusFault_Handler
                0x00000000080113c0                SPI3_IRQHandler
                0x00000000080113c0                I2C1_ER_IRQHandler
                0x00000000080113c0                USBWakeUp_IRQHandler
                0x00000000080113c0                DMA2_Channel3_IRQHandler
 *fill*         0x00000000080113c2        0x2 
 .text.startup  0x00000000080113c4       0x14 /usr/lib/gcc/arm-none-eabi/10.3.1/../../../arm-none-eabi/lib/thumb/v7-m/nofp/libc.a(lib_a-__call_atexit.o)
 *(.glue_7)
 .glue_7        0x00000000080113d8        0x0 linker stubs
 *(.glue_7t)
 .glue_7t       0x00000000080113d8        0x0 linker stubs
 *(.eh_frame)
 .eh_frame      0x00000000080113d8        0x0 /usr/lib/gcc/arm-none-eabi/10.3.1/thumb/v7-m/nofp/crtbegin.o
 *(.init)
 .init          0x00000000080113d8        0x4 /usr/lib/gcc/arm-none-eabi/10.3.1/thumb/v7-m/nofp/crti.o
                0x00000000080113d8                _init
 .init          0x00000000080113dc        0x8 /usr/lib/gcc/arm-none-eabi/10.3.1/thumb/v7-m/nofp/crtn.o
 *(.fini)
 .fini          0x00000000080113e4        0x4 /usr/lib/gcc/arm-none-eabi/10.3.1/thumb/v7-m/nofp/crti.o
                0x00000000080113e4                _fini
 .fini          0x00000000080113e8        0x8 /usr/lib/gcc/arm-none-eabi/10.3.1/thumb/v7-m/nofp/crtn.o
                0x00000000080113f0                . = ALIGN (0x4)
                0x00000000080113f0                _etext = .

.vfp11_veneer   0x00000000080113f0        0x0
 .vfp11_veneer  0x00000000080113f0        0x0 linker stubs

.v4_bx          0x00000000080113f0        0x0
 .v4_bx         0x00000000080113f0        0x0 linker stubs

.iplt           0x00000000080113f0        0x0
 .iplt          0x00000000080113f0        0x0 /usr/lib/gcc/arm-none-eabi/10.3.1/thumb/v7-m/nofp/crtbegin.o

.rodata         0x00000000080113f0      0xb7c
                0x00000000080113f0                . = ALIGN (0x4)
 *(.rodata)
 .rodata        0x00000000080113f0       0x74 obj/lantask.o
 .rodata        0x0000000008011464       0x17 obj/main.o
 *fill*         0x000000000801147b        0x1 
 .rodata        0x000000000801147c      0x101 /usr/lib/gcc/arm-none-eabi/10.3.1/../../../arm-none-eabi/lib/thumb/v7-m/nofp/libc.a(lib_a-ctype_.o)
                0x000000000801147c                _ctype_
 *fill*         0x000000000801157d        0x3 
 .rodata        0x0000000008011580        0x4 /usr/lib/gcc/arm-none-eabi/10.3.1/../../../arm-none-eabi/lib/thumb/v7-m/nofp/libc.a(lib_a-impure.o)
                0x0000000008011580                _global_impure_ptr
 *fill*         0x0000000008011584        0x4 
 .rodata        0x0000000008011588       0x50 /usr/lib/gcc/arm-none-eabi/10.3.1/../../../arm-none-eabi/lib/thumb/v7-m/nofp/libc.a(lib_a-strtod.o)
 .rodata        0x00000000080115d8       0x20 /usr/lib/gcc/arm-none-eabi/10.3.1/../../../arm-none-eabi/lib/thumb/v7-m/nofp/libc.a(lib_a-svfprintf.o)
 .rodata        0x00000000080115f8       0x22 /usr/lib/gcc/arm-none-eabi/10.3.1/../../../arm-none-eabi/lib/thumb/v7-m/nofp/libc.a(lib_a-svfscanf.o)
 *fill*         0x000000000801161a        0x2 
 .rodata        0x000000000801161c      0x100 /usr/lib/gcc/arm-none-eabi/10.3.1/../../../arm-none-eabi/lib/thumb/v7-m/nofp/libc.a(lib_a-gdtoa-gethex.o)
                0x000000000801161c                __hexdig
 .rodata        0x000000000801171c        0xc /usr/lib/gcc/arm-none-eabi/10.3.1/../../../arm-none-eabi/lib/thumb/v7-m/nofp/libc.a(lib_a-lnumeric.o)
                0x000000000801171c                _C_numeric_locale
 .rodata        0x0000000008011728      0x128 /usr/lib/gcc/arm-none-eabi/10.3.1/../../../arm-none-eabi/lib/thumb/v7-m/nofp/libc.a(lib_a-mprec.o)
                0x0000000008011738                __mprec_tens
                0x0000000008011800                __mprec_tinytens
                0x0000000008011828                __mprec_bigtens
 .rodata        0x0000000008011850       0x20 /usr/lib/gcc/arm-none-eabi/10.3.1/../../../arm-none-eabi/lib/thumb/v7-m/nofp/libc.a(lib_a-svfiprintf.o)
 .rodata        0x0000000008011870       0x22 /usr/lib/gcc/arm-none-eabi/10.3.1/../../../arm-none-eabi/lib/thumb/v7-m/nofp/libc.a(lib_a-svfiscanf.o)
 *fill*         0x0000000008011892        0x2 
 .rodata        0x0000000008011894       0x20 /usr/lib/gcc/arm-none-eabi/10.3.1/../../../arm-none-eabi/lib/thumb/v7-m/nofp/libc.a(lib_a-vfiprintf.o)
 *(.rodata*)
 .rodata.str1.1
                0x00000000080118b4       0xe2 obj/lantask.o
 .rodata.str1.1
                0x0000000008011996      0x1f8 obj/main.o
 .rodata.str1.1
                0x0000000008011b8e      0x101 obj/parser.o
 .rodata.str1.1
                0x0000000008011c8f      0x126 obj/rest_parser.o
 .rodata.str1.1
                0x0000000008011db5       0x11 obj/uart.o
 .rodata.str1.1
                0x0000000008011dc6       0x30 obj/cJSON.o
                                         0x3b (size before relaxing)
 *fill*         0x0000000008011df6        0x2 
 .rodata.str1.4
                0x0000000008011df8        0xf /usr/lib/gcc/arm-none-eabi/10.3.1/../../../arm-none-eabi/lib/thumb/v7-m/nofp/libc.a(lib_a-strtod.o)
                                         0x11 (size before relaxing)
 *fill*         0x0000000008011e07        0x1 
 .rodata.str1.4
                0x0000000008011e08       0x42 /usr/lib/gcc/arm-none-eabi/10.3.1/../../../arm-none-eabi/lib/thumb/v7-m/nofp/libc.a(lib_a-svfprintf.o)
 *fill*         0x0000000008011e4a        0x2 
 .rodata.str1.4
                0x0000000008011e4c        0x5 /usr/lib/gcc/arm-none-eabi/10.3.1/../../../arm-none-eabi/lib/thumb/v7-m/nofp/libc.a(lib_a-svfscanf.o)
                                          0x9 (size before relaxing)
 *fill*         0x0000000008011e51        0x3 
 .rodata.str1.4
                0x0000000008011e54       0x56 /usr/lib/gcc/arm-none-eabi/10.3.1/../../../arm-none-eabi/lib/thumb/v7-m/nofp/libc.a(lib_a-dtoa.o)
                                         0x5a (size before relaxing)
 *fill*         0x0000000008011eaa        0x2 
 .rodata.str1.4
                0x0000000008011eac       0x3a /usr/lib/gcc/arm-none-eabi/10.3.1/../../../arm-none-eabi/lib/thumb/v7-m/nofp/libc.a(lib_a-gdtoa-gethex.o)
                                         0x4e (size before relaxing)
 *fill*         0x0000000008011ee6        0x2 
 .rodata.str1.4
                0x0000000008011ee8        0x2 /usr/lib/gcc/arm-none-eabi/10.3.1/../../../arm-none-eabi/lib/thumb/v7-m/nofp/libc.a(lib_a-lnumeric.o)
                                          0x5 (size before relaxing)
 *fill*         0x0000000008011eea        0x2 
 .rodata.str1.4
                0x0000000008011eec        0xa /usr/lib/gcc/arm-none-eabi/10.3.1/../../../arm-none-eabi/lib/thumb/v7-m/nofp/libc.a(lib_a-locale.o)
                                         0x12 (size before relaxing)
 .rodata.str1.4
                0x0000000008011ef6        0x1 /usr/lib/gcc/arm-none-eabi/10.3.1/../../../arm-none-eabi/lib/thumb/v7-m/nofp/libc.a(lib_a-mbrtowc.o)
 *fill*         0x0000000008011ef6        0x2 
 .rodata.str1.4
                0x0000000008011ef8       0x33 /usr/lib/gcc/arm-none-eabi/10.3.1/../../../arm-none-eabi/lib/thumb/v7-m/nofp/libc.a(lib_a-mprec.o)
                                         0x47 (size before relaxing)
 .rodata.str1.4
                0x0000000008011f2b       0x2f /usr/lib/gcc/arm-none-eabi/10.3.1/../../../arm-none-eabi/lib/thumb/v7-m/nofp/libc.a(lib_a-svfiprintf.o)
 .rodata.str1.4
                0x0000000008011f2b       0x2f /usr/lib/gcc/arm-none-eabi/10.3.1/../../../arm-none-eabi/lib/thumb/v7-m/nofp/libc.a(lib_a-vfiprintf.o)
 *fill*         0x0000000008011f2b        0x1 
 .rodata.str1.4
                0x0000000008011f2c       0x3f /usr/lib/gcc/arm-none-eabi/10.3.1/../../../arm-none-eabi/lib/thumb/v7-m/nofp/libc.a(lib_a-assert.o)
                                         0x43 (size before relaxing)
                0x0000000008011f6c                . = ALIGN (0x4)
 *fill*         0x0000000008011f6b        0x1 

.ARM.extab
 *(.ARM.extab* .gnu.linkonce.armextab.*)

.ARM            0x0000000008011f6c        0x8
                0x0000000008011f6c                __exidx_start = .
 *(.ARM.exidx*)
 .ARM.exidx     0x0000000008011f6c        0x8 /usr/lib/gcc/arm-none-eabi/10.3.1/thumb/v7-m/nofp/libgcc.a(_udivmoddi4.o)
                0x0000000008011f74                __exidx_end = .

.rel.dyn        0x0000000008011f74        0x0
 .rel.iplt      0x0000000008011f74        0x0 /usr/lib/gcc/arm-none-eabi/10.3.1/thumb/v7-m/nofp/crtbegin.o

.preinit_array  0x0000000008011f74        0x0
                0x0000000008011f74                PROVIDE (__preinit_array_start = .)
 *(.preinit_array*)
                0x0000000008011f74                PROVIDE (__preinit_array_end = .)

.init_array     0x0000000008011f74        0x8
                0x0000000008011f74                PROVIDE (__init_array_start = .)
 *(SORT_BY_NAME(.init_array.*))
 .init_array.00000
                0x0000000008011f74        0x4 /usr/lib/gcc/arm-none-eabi/10.3.1/../../../arm-none-eabi/lib/thumb/v7-m/nofp/libc.a(lib_a-__call_atexit.o)
 *(.init_array*)
 .init_array    0x0000000008011f78        0x4 /usr/lib/gcc/arm-none-eabi/10.3.1/thumb/v7-m/nofp/crtbegin.o
                0x0000000008011f7c                PROVIDE (__init_array_end = .)

.fini_array     0x0000000008011f7c        0x4
                0x0000000008011f7c                PROVIDE (__fini_array_start = .)
 *(SORT_BY_NAME(.fini_array.*))
 *(.fini_array*)
 .fini_array    0x0000000008011f7c        0x4 /usr/lib/gcc/arm-none-eabi/10.3.1/thumb/v7-m/nofp/crtbegin.o
                0x0000000008011f80                PROVIDE (__fini_array_end = .)
                0x0000000008011f80                _sidata = LOADADDR (.data)

.data           0x0000000020000000      0xa00 load address 0x0000000008011f80
                0x0000000020000000                . = ALIGN (0x4)
                0x0000000020000000                _sdata = .
 *(.data)
 .data          0x0000000020000000        0x8 obj/I2C.o
 .data          0x0000000020000008        0x3 obj/lantask.o
 *fill*         0x000000002000000b        0x1 
 .data          0x000000002000000c        0x4 obj/system.o
                0x000000002000000c                SystemCoreClock
 .data          0x0000000020000010        0x2 obj/socket.o
 *fill*         0x0000000020000012        0x2 
 .data          0x0000000020000014       0x2c obj/wizchip_conf.o
                0x0000000020000014                WIZCHIP
 .data          0x0000000020000040        0xc obj/cJSON.o
 *fill*         0x000000002000004c        0x4 
 .data          0x0000000020000050      0x430 /usr/lib/gcc/arm-none-eabi/10.3.1/../../../arm-none-eabi/lib/thumb/v7-m/nofp/libc.a(lib_a-impure.o)
                0x0000000020000050                _impure_ptr
 .data          0x0000000020000480      0x410 /usr/lib/gcc/arm-none-eabi/10.3.1/../../../arm-none-eabi/lib/thumb/v7-m/nofp/libc.a(lib_a-mallocr.o)
                0x0000000020000480                __malloc_av_
                0x0000000020000888                __malloc_sbrk_base
                0x000000002000088c                __malloc_trim_threshold
 .data          0x0000000020000890        0x2 /usr/lib/gcc/arm-none-eabi/10.3.1/../../../arm-none-eabi/lib/thumb/v7-m/nofp/libc.a(lib_a-lnumeric.o)
 *fill*         0x0000000020000892        0x2 
 .data          0x0000000020000894      0x16c /usr/lib/gcc/arm-none-eabi/10.3.1/../../../arm-none-eabi/lib/thumb/v7-m/nofp/libc.a(lib_a-locale.o)
                0x0000000020000894                __global_locale
 *(.data*)
                0x0000000020000a00                . = ALIGN (0x4)
                0x0000000020000a00                _edata = .

.tm_clone_table
                0x0000000020000a00        0x0 load address 0x0000000008012980
 .tm_clone_table
                0x0000000020000a00        0x0 /usr/lib/gcc/arm-none-eabi/10.3.1/thumb/v7-m/nofp/crtbegin.o
 .tm_clone_table
                0x0000000020000a00        0x0 /usr/lib/gcc/arm-none-eabi/10.3.1/thumb/v7-m/nofp/crtend.o

.igot.plt       0x0000000020000a00        0x0 load address 0x0000000008012980
 .igot.plt      0x0000000020000a00        0x0 /usr/lib/gcc/arm-none-eabi/10.3.1/thumb/v7-m/nofp/crtbegin.o
                0x0000000020000a00                . = ALIGN (0x4)

.bss            0x0000000020000a00     0x18b0 load address 0x0000000008012980
                0x0000000020000a00                _sbss = .
                0x0000000020000a00                __bss_start__ = _sbss
 *(.bss)
 .bss           0x0000000020000a00       0x1c /usr/lib/gcc/arm-none-eabi/10.3.1/thumb/v7-m/nofp/crtbegin.o
 .bss           0x0000000020000a1c        0xe obj/I2C.o
 .bss           0x0000000020000a2a      0x801 obj/lantask.o
                0x0000000020000a2a                sn
                0x0000000020000a2b                g_dat_buf
 *fill*         0x000000002000122b        0x1 
 .bss           0x000000002000122c     0x1005 obj/main.o
                0x0000000020002230                thereISpkt
 *fill*         0x0000000020002231        0x3 
 .bss           0x0000000020002234        0x4 obj/uart.o
 .bss           0x0000000020002238       0x1c obj/socket.o
                0x000000002000224c                sock_pack_info
 .bss           0x0000000020002254        0x5 obj/wizchip_conf.o
 *fill*         0x0000000020002259        0x3 
 .bss           0x000000002000225c       0x17 obj/cJSON.o
 *fill*         0x0000000020002273        0x1 
 .bss           0x0000000020002274       0x34 /usr/lib/gcc/arm-none-eabi/10.3.1/../../../arm-none-eabi/lib/thumb/v7-m/nofp/libc.a(lib_a-mallocr.o)
                0x0000000020002274                __malloc_top_pad
                0x0000000020002278                __malloc_current_mallinfo
                0x00000000200022a0                __malloc_max_sbrked_mem
                0x00000000200022a4                __malloc_max_total_mem
 .bss           0x00000000200022a8        0x4 /usr/lib/gcc/arm-none-eabi/10.3.1/../../../arm-none-eabi/lib/thumb/v7-m/nofp/libc.a(lib_a-reent.o)
                0x00000000200022a8                errno
 .bss           0x00000000200022ac        0x4 /usr/lib/gcc/arm-none-eabi/10.3.1/../../../arm-none-eabi/lib/thumb/v7-m/nofp/libnosys.a(sbrk.o)
 *(.bss*)
 *(COMMON)
                0x00000000200022b0                . = ALIGN (0x4)
                0x00000000200022b0                _ebss = .
                0x00000000200022b0                __bss_end__ = _ebss

._user_heap_stack
                0x00000000200022b0      0x600 load address 0x0000000008012980
                0x00000000200022b0                . = ALIGN (0x8)
                0x00000000200022b0                PROVIDE (end = .)
                [!provide]                        PROVIDE (_end = .)
                0x00000000200024b0                . = (. + _Min_Heap_Size)
 *fill*         0x00000000200022b0      0x200 
                0x00000000200028b0                . = (. + _Min_Stack_Size)
 *fill*         0x00000000200024b0      0x400 
                0x00000000200028b0                . = ALIGN (0x8)

/DISCARD/
 libc.a(*)
 libm.a(*)
 libgcc.a(*)

.ARM.attributes
                0x0000000000000000       0x29
 *(.ARM.attributes)
 .ARM.attributes
                0x0000000000000000       0x1d /usr/lib/gcc/arm-none-eabi/10.3.1/thumb/v7-m/nofp/crti.o
 .ARM.attributes
                0x000000000000001d       0x2d /usr/lib/gcc/arm-none-eabi/10.3.1/thumb/v7-m/nofp/crtbegin.o
 .ARM.attributes
                0x000000000000004a       0x2d obj/I2C.o
 .ARM.attributes
                0x0000000000000077       0x2d obj/lantask.o
 .ARM.attributes
                0x00000000000000a4       0x2d obj/main.o
 .ARM.attributes
                0x00000000000000d1       0x2d obj/parser.o
 .ARM.attributes
                0x00000000000000fe       0x2d obj/rest_parser.o
 .ARM.attributes
                0x000000000000012b       0x33 obj/system.o
 .ARM.attributes
                0x000000000000015e       0x2d obj/HSE_CLK.o
 .ARM.attributes
                0x000000000000018b       0x2d obj/fact_reset.o
 .ARM.attributes
                0x00000000000001b8       0x2d obj/flash.o
 .ARM.attributes
                0x00000000000001e5       0x2d obj/matrix_io.o
 .ARM.attributes
                0x0000000000000212       0x2d obj/mux_io.o
 .ARM.attributes
                0x000000000000023f       0x2d obj/no_os_util.o
 .ARM.attributes
                0x000000000000026c       0x2d obj/pin_intr.o
 .ARM.attributes
                0x0000000000000299       0x2d obj/spi.o
 .ARM.attributes
                0x00000000000002c6       0x2d obj/uart.o
 .ARM.attributes
                0x00000000000002f3       0x2d obj/socket.o
 .ARM.attributes
                0x0000000000000320       0x2d obj/w5500.o
 .ARM.attributes
                0x000000000000034d       0x2d obj/wizchip_conf.o
 .ARM.attributes
                0x000000000000037a       0x2d obj/cJSON.o
 .ARM.attributes
                0x00000000000003a7       0x21 obj/all_asm.o
 .ARM.attributes
                0x00000000000003c8       0x1d /usr/lib/gcc/arm-none-eabi/10.3.1/thumb/v7-m/nofp/libgcc.a(_arm_addsubdf3.o)
 .ARM.attributes
                0x00000000000003e5       0x1d /usr/lib/gcc/arm-none-eabi/10.3.1/thumb/v7-m/nofp/libgcc.a(_arm_cmpdf2.o)
 .ARM.attributes
                0x0000000000000402       0x1d /usr/lib/gcc/arm-none-eabi/10.3.1/thumb/v7-m/nofp/libgcc.a(_arm_unorddf2.o)
 .ARM.attributes
                0x000000000000041f       0x1d /usr/lib/gcc/arm-none-eabi/10.3.1/thumb/v7-m/nofp/libgcc.a(_arm_fixdfsi.o)
 .ARM.attributes
                0x000000000000043c       0x1d /usr/lib/gcc/arm-none-eabi/10.3.1/thumb/v7-m/nofp/libgcc.a(_aeabi_ldivmod.o)
 .ARM.attributes
                0x0000000000000459       0x1d /usr/lib/gcc/arm-none-eabi/10.3.1/thumb/v7-m/nofp/libgcc.a(_aeabi_uldivmod.o)
 .ARM.attributes
                0x0000000000000476       0x2d /usr/lib/gcc/arm-none-eabi/10.3.1/thumb/v7-m/nofp/libgcc.a(_udivmoddi4.o)
 .ARM.attributes
                0x00000000000004a3       0x1d /usr/lib/gcc/arm-none-eabi/10.3.1/thumb/v7-m/nofp/libgcc.a(_dvmd_tls.o)
 .ARM.attributes
                0x00000000000004c0       0x2d /usr/lib/gcc/arm-none-eabi/10.3.1/../../../arm-none-eabi/lib/thumb/v7-m/nofp/libc.a(lib_a-atexit.o)
 .ARM.attributes
                0x00000000000004ed       0x2d /usr/lib/gcc/arm-none-eabi/10.3.1/../../../arm-none-eabi/lib/thumb/v7-m/nofp/libc.a(lib_a-ctype_.o)
 .ARM.attributes
                0x000000000000051a       0x2d /usr/lib/gcc/arm-none-eabi/10.3.1/../../../arm-none-eabi/lib/thumb/v7-m/nofp/libc.a(lib_a-fini.o)
 .ARM.attributes
                0x0000000000000547       0x2d /usr/lib/gcc/arm-none-eabi/10.3.1/../../../arm-none-eabi/lib/thumb/v7-m/nofp/libc.a(lib_a-impure.o)
 .ARM.attributes
                0x0000000000000574       0x2d /usr/lib/gcc/arm-none-eabi/10.3.1/../../../arm-none-eabi/lib/thumb/v7-m/nofp/libc.a(lib_a-malloc.o)
 .ARM.attributes
                0x00000000000005a1       0x2d /usr/lib/gcc/arm-none-eabi/10.3.1/../../../arm-none-eabi/lib/thumb/v7-m/nofp/libc.a(lib_a-mallocr.o)
 .ARM.attributes
                0x00000000000005ce       0x1b /usr/lib/gcc/arm-none-eabi/10.3.1/../../../arm-none-eabi/lib/thumb/v7-m/nofp/libc.a(lib_a-memcpy.o)
 .ARM.attributes
                0x00000000000005e9       0x2d /usr/lib/gcc/arm-none-eabi/10.3.1/../../../arm-none-eabi/lib/thumb/v7-m/nofp/libc.a(lib_a-memset.o)
 .ARM.attributes
                0x0000000000000616       0x2d /usr/lib/gcc/arm-none-eabi/10.3.1/../../../arm-none-eabi/lib/thumb/v7-m/nofp/libc.a(lib_a-mlock.o)
 .ARM.attributes
                0x0000000000000643       0x2d /usr/lib/gcc/arm-none-eabi/10.3.1/../../../arm-none-eabi/lib/thumb/v7-m/nofp/libc.a(lib_a-realloc.o)
 .ARM.attributes
                0x0000000000000670       0x2d /usr/lib/gcc/arm-none-eabi/10.3.1/../../../arm-none-eabi/lib/thumb/v7-m/nofp/libc.a(lib_a-reallocr.o)
 .ARM.attributes
                0x000000000000069d       0x2d /usr/lib/gcc/arm-none-eabi/10.3.1/../../../arm-none-eabi/lib/thumb/v7-m/nofp/libc.a(lib_a-sbrkr.o)
 .ARM.attributes
                0x00000000000006ca       0x2d /usr/lib/gcc/arm-none-eabi/10.3.1/../../../arm-none-eabi/lib/thumb/v7-m/nofp/libc.a(lib_a-snprintf.o)
 .ARM.attributes
                0x00000000000006f7       0x2d /usr/lib/gcc/arm-none-eabi/10.3.1/../../../arm-none-eabi/lib/thumb/v7-m/nofp/libc.a(lib_a-sprintf.o)
 .ARM.attributes
                0x0000000000000724       0x2d /usr/lib/gcc/arm-none-eabi/10.3.1/../../../arm-none-eabi/lib/thumb/v7-m/nofp/libc.a(lib_a-sscanf.o)
 .ARM.attributes
                0x0000000000000751       0x2d /usr/lib/gcc/arm-none-eabi/10.3.1/../../../arm-none-eabi/lib/thumb/v7-m/nofp/libc.a(lib_a-stdio.o)
 .ARM.attributes
                0x000000000000077e       0x1b /usr/lib/gcc/arm-none-eabi/10.3.1/../../../arm-none-eabi/lib/thumb/v7-m/nofp/libc.a(lib_a-strcmp.o)
 .ARM.attributes
                0x0000000000000799       0x2d /usr/lib/gcc/arm-none-eabi/10.3.1/../../../arm-none-eabi/lib/thumb/v7-m/nofp/libc.a(lib_a-strcpy.o)
 .ARM.attributes
                0x00000000000007c6       0x2d /usr/lib/gcc/arm-none-eabi/10.3.1/../../../arm-none-eabi/lib/thumb/v7-m/nofp/libc.a(lib_a-strlen-stub.o)
 .ARM.attributes
                0x00000000000007f3       0x2d /usr/lib/gcc/arm-none-eabi/10.3.1/../../../arm-none-eabi/lib/thumb/v7-m/nofp/libc.a(lib_a-strncmp.o)
 .ARM.attributes
                0x0000000000000820       0x2d /usr/lib/gcc/arm-none-eabi/10.3.1/../../../arm-none-eabi/lib/thumb/v7-m/nofp/libc.a(lib_a-strtod.o)
 .ARM.attributes
                0x000000000000084d       0x2d /usr/lib/gcc/arm-none-eabi/10.3.1/../../../arm-none-eabi/lib/thumb/v7-m/nofp/libc.a(lib_a-strtol.o)
 .ARM.attributes
                0x000000000000087a       0x2d /usr/lib/gcc/arm-none-eabi/10.3.1/../../../arm-none-eabi/lib/thumb/v7-m/nofp/libc.a(lib_a-strtoul.o)
 .ARM.attributes
                0x00000000000008a7       0x2d /usr/lib/gcc/arm-none-eabi/10.3.1/../../../arm-none-eabi/lib/thumb/v7-m/nofp/libc.a(lib_a-svfprintf.o)
 .ARM.attributes
                0x00000000000008d4       0x2d /usr/lib/gcc/arm-none-eabi/10.3.1/../../../arm-none-eabi/lib/thumb/v7-m/nofp/libc.a(lib_a-svfscanf.o)
 .ARM.attributes
                0x0000000000000901       0x2d /usr/lib/gcc/arm-none-eabi/10.3.1/../../../arm-none-eabi/lib/thumb/v7-m/nofp/libc.a(lib_a-writer.o)
 .ARM.attributes
                0x000000000000092e       0x2d /usr/lib/gcc/arm-none-eabi/10.3.1/../../../arm-none-eabi/lib/thumb/v7-m/nofp/libc.a(lib_a-wsetup.o)
 .ARM.attributes
                0x000000000000095b       0x2d /usr/lib/gcc/arm-none-eabi/10.3.1/../../../arm-none-eabi/lib/thumb/v7-m/nofp/libc.a(lib_a-__atexit.o)
 .ARM.attributes
                0x0000000000000988       0x2d /usr/lib/gcc/arm-none-eabi/10.3.1/../../../arm-none-eabi/lib/thumb/v7-m/nofp/libc.a(lib_a-__call_atexit.o)
 .ARM.attributes
                0x00000000000009b5       0x2d /usr/lib/gcc/arm-none-eabi/10.3.1/../../../arm-none-eabi/lib/thumb/v7-m/nofp/libc.a(lib_a-closer.o)
 .ARM.attributes
                0x00000000000009e2       0x2d /usr/lib/gcc/arm-none-eabi/10.3.1/../../../arm-none-eabi/lib/thumb/v7-m/nofp/libc.a(lib_a-dtoa.o)
 .ARM.attributes
                0x0000000000000a0f       0x2d /usr/lib/gcc/arm-none-eabi/10.3.1/../../../arm-none-eabi/lib/thumb/v7-m/nofp/libc.a(lib_a-errno.o)
 .ARM.attributes
                0x0000000000000a3c       0x2d /usr/lib/gcc/arm-none-eabi/10.3.1/../../../arm-none-eabi/lib/thumb/v7-m/nofp/libc.a(lib_a-fflush.o)
 .ARM.attributes
                0x0000000000000a69       0x2d /usr/lib/gcc/arm-none-eabi/10.3.1/../../../arm-none-eabi/lib/thumb/v7-m/nofp/libc.a(lib_a-findfp.o)
 .ARM.attributes
                0x0000000000000a96       0x2d /usr/lib/gcc/arm-none-eabi/10.3.1/../../../arm-none-eabi/lib/thumb/v7-m/nofp/libc.a(lib_a-freer.o)
 .ARM.attributes
                0x0000000000000ac3       0x2d /usr/lib/gcc/arm-none-eabi/10.3.1/../../../arm-none-eabi/lib/thumb/v7-m/nofp/libc.a(lib_a-fvwrite.o)
 .ARM.attributes
                0x0000000000000af0       0x2d /usr/lib/gcc/arm-none-eabi/10.3.1/../../../arm-none-eabi/lib/thumb/v7-m/nofp/libc.a(lib_a-fwalk.o)
 .ARM.attributes
                0x0000000000000b1d       0x2d /usr/lib/gcc/arm-none-eabi/10.3.1/../../../arm-none-eabi/lib/thumb/v7-m/nofp/libc.a(lib_a-gdtoa-gethex.o)
 .ARM.attributes
                0x0000000000000b4a       0x2d /usr/lib/gcc/arm-none-eabi/10.3.1/../../../arm-none-eabi/lib/thumb/v7-m/nofp/libc.a(lib_a-gdtoa-hexnan.o)
 .ARM.attributes
                0x0000000000000b77       0x2d /usr/lib/gcc/arm-none-eabi/10.3.1/../../../arm-none-eabi/lib/thumb/v7-m/nofp/libc.a(lib_a-iswspace.o)
 .ARM.attributes
                0x0000000000000ba4       0x2d /usr/lib/gcc/arm-none-eabi/10.3.1/../../../arm-none-eabi/lib/thumb/v7-m/nofp/libc.a(lib_a-iswspace_l.o)
 .ARM.attributes
                0x0000000000000bd1       0x2d /usr/lib/gcc/arm-none-eabi/10.3.1/../../../arm-none-eabi/lib/thumb/v7-m/nofp/libc.a(lib_a-lnumeric.o)
 .ARM.attributes
                0x0000000000000bfe       0x2d /usr/lib/gcc/arm-none-eabi/10.3.1/../../../arm-none-eabi/lib/thumb/v7-m/nofp/libc.a(lib_a-locale.o)
 .ARM.attributes
                0x0000000000000c2b       0x2d /usr/lib/gcc/arm-none-eabi/10.3.1/../../../arm-none-eabi/lib/thumb/v7-m/nofp/libc.a(lib_a-localeconv.o)
 .ARM.attributes
                0x0000000000000c58       0x2d /usr/lib/gcc/arm-none-eabi/10.3.1/../../../arm-none-eabi/lib/thumb/v7-m/nofp/libc.a(lib_a-lseekr.o)
 .ARM.attributes
                0x0000000000000c85       0x2d /usr/lib/gcc/arm-none-eabi/10.3.1/../../../arm-none-eabi/lib/thumb/v7-m/nofp/libc.a(lib_a-makebuf.o)
 .ARM.attributes
                0x0000000000000cb2       0x2d /usr/lib/gcc/arm-none-eabi/10.3.1/../../../arm-none-eabi/lib/thumb/v7-m/nofp/libc.a(lib_a-mbrtowc.o)
 .ARM.attributes
                0x0000000000000cdf       0x2d /usr/lib/gcc/arm-none-eabi/10.3.1/../../../arm-none-eabi/lib/thumb/v7-m/nofp/libc.a(lib_a-mbtowc_r.o)
 .ARM.attributes
                0x0000000000000d0c       0x2d /usr/lib/gcc/arm-none-eabi/10.3.1/../../../arm-none-eabi/lib/thumb/v7-m/nofp/libc.a(lib_a-memchr-stub.o)
 .ARM.attributes
                0x0000000000000d39       0x2d /usr/lib/gcc/arm-none-eabi/10.3.1/../../../arm-none-eabi/lib/thumb/v7-m/nofp/libc.a(lib_a-memmove.o)
 .ARM.attributes
                0x0000000000000d66       0x2d /usr/lib/gcc/arm-none-eabi/10.3.1/../../../arm-none-eabi/lib/thumb/v7-m/nofp/libc.a(lib_a-mprec.o)
 .ARM.attributes
                0x0000000000000d93       0x2d /usr/lib/gcc/arm-none-eabi/10.3.1/../../../arm-none-eabi/lib/thumb/v7-m/nofp/libc.a(lib_a-readr.o)
 .ARM.attributes
                0x0000000000000dc0       0x2d /usr/lib/gcc/arm-none-eabi/10.3.1/../../../arm-none-eabi/lib/thumb/v7-m/nofp/libc.a(lib_a-reent.o)
 .ARM.attributes
                0x0000000000000ded       0x2d /usr/lib/gcc/arm-none-eabi/10.3.1/../../../arm-none-eabi/lib/thumb/v7-m/nofp/libc.a(lib_a-s_nan.o)
 .ARM.attributes
                0x0000000000000e1a       0x2d /usr/lib/gcc/arm-none-eabi/10.3.1/../../../arm-none-eabi/lib/thumb/v7-m/nofp/libc.a(lib_a-sccl.o)
 .ARM.attributes
                0x0000000000000e47       0x2d /usr/lib/gcc/arm-none-eabi/10.3.1/../../../arm-none-eabi/lib/thumb/v7-m/nofp/libc.a(lib_a-sf_nan.o)
 .ARM.attributes
                0x0000000000000e74       0x2d /usr/lib/gcc/arm-none-eabi/10.3.1/../../../arm-none-eabi/lib/thumb/v7-m/nofp/libc.a(lib_a-strtoll.o)
 .ARM.attributes
                0x0000000000000ea1       0x2d /usr/lib/gcc/arm-none-eabi/10.3.1/../../../arm-none-eabi/lib/thumb/v7-m/nofp/libc.a(lib_a-strtoull.o)
 .ARM.attributes
                0x0000000000000ece       0x2d /usr/lib/gcc/arm-none-eabi/10.3.1/../../../arm-none-eabi/lib/thumb/v7-m/nofp/libc.a(lib_a-svfiprintf.o)
 .ARM.attributes
                0x0000000000000efb       0x2d /usr/lib/gcc/arm-none-eabi/10.3.1/../../../arm-none-eabi/lib/thumb/v7-m/nofp/libc.a(lib_a-svfiscanf.o)
 .ARM.attributes
                0x0000000000000f28       0x2d /usr/lib/gcc/arm-none-eabi/10.3.1/../../../arm-none-eabi/lib/thumb/v7-m/nofp/libc.a(lib_a-ungetc.o)
 .ARM.attributes
                0x0000000000000f55       0x2d /usr/lib/gcc/arm-none-eabi/10.3.1/../../../arm-none-eabi/lib/thumb/v7-m/nofp/libc.a(lib_a-vfiprintf.o)
 .ARM.attributes
                0x0000000000000f82       0x2d /usr/lib/gcc/arm-none-eabi/10.3.1/../../../arm-none-eabi/lib/thumb/v7-m/nofp/libc.a(lib_a-wctomb_r.o)
 .ARM.attributes
                0x0000000000000faf       0x2d /usr/lib/gcc/arm-none-eabi/10.3.1/../../../arm-none-eabi/lib/thumb/v7-m/nofp/libc.a(lib_a-assert.o)
 .ARM.attributes
                0x0000000000000fdc       0x2d /usr/lib/gcc/arm-none-eabi/10.3.1/../../../arm-none-eabi/lib/thumb/v7-m/nofp/libc.a(lib_a-callocr.o)
 .ARM.attributes
                0x0000000000001009       0x2d /usr/lib/gcc/arm-none-eabi/10.3.1/../../../arm-none-eabi/lib/thumb/v7-m/nofp/libc.a(lib_a-fclose.o)
 .ARM.attributes
                0x0000000000001036       0x2d /usr/lib/gcc/arm-none-eabi/10.3.1/../../../arm-none-eabi/lib/thumb/v7-m/nofp/libc.a(lib_a-fiprintf.o)
 .ARM.attributes
                0x0000000000001063       0x2d /usr/lib/gcc/arm-none-eabi/10.3.1/../../../arm-none-eabi/lib/thumb/v7-m/nofp/libc.a(lib_a-fputwc.o)
 .ARM.attributes
                0x0000000000001090       0x2d /usr/lib/gcc/arm-none-eabi/10.3.1/../../../arm-none-eabi/lib/thumb/v7-m/nofp/libc.a(lib_a-fstatr.o)
 .ARM.attributes
                0x00000000000010bd       0x2d /usr/lib/gcc/arm-none-eabi/10.3.1/../../../arm-none-eabi/lib/thumb/v7-m/nofp/libc.a(lib_a-isattyr.o)
 .ARM.attributes
                0x00000000000010ea       0x2d /usr/lib/gcc/arm-none-eabi/10.3.1/../../../arm-none-eabi/lib/thumb/v7-m/nofp/libc.a(lib_a-wbuf.o)
 .ARM.attributes
                0x0000000000001117       0x2d /usr/lib/gcc/arm-none-eabi/10.3.1/../../../arm-none-eabi/lib/thumb/v7-m/nofp/libc.a(lib_a-wcrtomb.o)
 .ARM.attributes
                0x0000000000001144       0x2d /usr/lib/gcc/arm-none-eabi/10.3.1/../../../arm-none-eabi/lib/thumb/v7-m/nofp/libc.a(lib_a-abort.o)
 .ARM.attributes
                0x0000000000001171       0x2d /usr/lib/gcc/arm-none-eabi/10.3.1/../../../arm-none-eabi/lib/thumb/v7-m/nofp/libc.a(lib_a-signal.o)
 .ARM.attributes
                0x000000000000119e       0x2d /usr/lib/gcc/arm-none-eabi/10.3.1/../../../arm-none-eabi/lib/thumb/v7-m/nofp/libc.a(lib_a-signalr.o)
 .ARM.attributes
                0x00000000000011cb       0x1d /usr/lib/gcc/arm-none-eabi/10.3.1/thumb/v7-m/nofp/libgcc.a(_arm_muldivdf3.o)
 .ARM.attributes
                0x00000000000011e8       0x1d /usr/lib/gcc/arm-none-eabi/10.3.1/thumb/v7-m/nofp/libgcc.a(_arm_fixunsdfsi.o)
 .ARM.attributes
                0x0000000000001205       0x1d /usr/lib/gcc/arm-none-eabi/10.3.1/thumb/v7-m/nofp/libgcc.a(_arm_truncdfsf2.o)
 .ARM.attributes
                0x0000000000001222       0x1d /usr/lib/gcc/arm-none-eabi/10.3.1/thumb/v7-m/nofp/libgcc.a(_arm_cmpsf2.o)
 .ARM.attributes
                0x000000000000123f       0x1d /usr/lib/gcc/arm-none-eabi/10.3.1/thumb/v7-m/nofp/libgcc.a(_arm_unordsf2.o)
 .ARM.attributes
                0x000000000000125c       0x2d /usr/lib/gcc/arm-none-eabi/10.3.1/thumb/v7-m/nofp/libgcc.a(_fixdfdi.o)
 .ARM.attributes
                0x0000000000001289       0x2d /usr/lib/gcc/arm-none-eabi/10.3.1/thumb/v7-m/nofp/libgcc.a(_fixunsdfdi.o)
 .ARM.attributes
                0x00000000000012b6       0x2d /usr/lib/gcc/arm-none-eabi/10.3.1/../../../arm-none-eabi/lib/thumb/v7-m/nofp/libnosys.a(close.o)
 .ARM.attributes
                0x00000000000012e3       0x2d /usr/lib/gcc/arm-none-eabi/10.3.1/../../../arm-none-eabi/lib/thumb/v7-m/nofp/libnosys.a(fstat.o)
 .ARM.attributes
                0x0000000000001310       0x2d /usr/lib/gcc/arm-none-eabi/10.3.1/../../../arm-none-eabi/lib/thumb/v7-m/nofp/libnosys.a(getpid.o)
 .ARM.attributes
                0x000000000000133d       0x2d /usr/lib/gcc/arm-none-eabi/10.3.1/../../../arm-none-eabi/lib/thumb/v7-m/nofp/libnosys.a(isatty.o)
 .ARM.attributes
                0x000000000000136a       0x2d /usr/lib/gcc/arm-none-eabi/10.3.1/../../../arm-none-eabi/lib/thumb/v7-m/nofp/libnosys.a(kill.o)
 .ARM.attributes
                0x0000000000001397       0x2d /usr/lib/gcc/arm-none-eabi/10.3.1/../../../arm-none-eabi/lib/thumb/v7-m/nofp/libnosys.a(lseek.o)
 .ARM.attributes
                0x00000000000013c4       0x2d /usr/lib/gcc/arm-none-eabi/10.3.1/../../../arm-none-eabi/lib/thumb/v7-m/nofp/libnosys.a(read.o)
 .ARM.attributes
                0x00000000000013f1       0x2d /usr/lib/gcc/arm-none-eabi/10.3.1/../../../arm-none-eabi/lib/thumb/v7-m/nofp/libnosys.a(sbrk.o)
 .ARM.attributes
                0x000000000000141e       0x2d /usr/lib/gcc/arm-none-eabi/10.3.1/../../../arm-none-eabi/lib/thumb/v7-m/nofp/libnosys.a(write.o)
 .ARM.attributes
                0x000000000000144b       0x2d /usr/lib/gcc/arm-none-eabi/10.3.1/../../../arm-none-eabi/lib/thumb/v7-m/nofp/libnosys.a(_exit.o)
 .ARM.attributes
                0x0000000000001478       0x2d /usr/lib/gcc/arm-none-eabi/10.3.1/thumb/v7-m/nofp/crtend.o
 .ARM.attributes
                0x00000000000014a5       0x1d /usr/lib/gcc/arm-none-eabi/10.3.1/thumb/v7-m/nofp/crtn.o
OUTPUT(bin/firmware.elf elf32-littlearm)
LOAD linker stubs
LOAD /usr/lib/gcc/arm-none-eabi/10.3.1/../../../arm-none-eabi/lib/thumb/v7-m/nofp/libc.a
LOAD /usr/lib/gcc/arm-none-eabi/10.3.1/../../../arm-none-eabi/lib/thumb/v7-m/nofp/libm.a
LOAD /usr/lib/gcc/arm-none-eabi/10.3.1/thumb/v7-m/nofp/libgcc.a

.comment        0x0000000000000000       0x33
 .comment       0x0000000000000000       0x33 /usr/lib/gcc/arm-none-eabi/10.3.1/thumb/v7-m/nofp/crtbegin.o
                                         0x34 (size before relaxing)
 .comment       0x0000000000000033       0x34 obj/I2C.o
 .comment       0x0000000000000033       0x34 obj/lantask.o
 .comment       0x0000000000000033       0x34 obj/main.o
 .comment       0x0000000000000033       0x34 obj/parser.o
 .comment       0x0000000000000033       0x34 obj/rest_parser.o
 .comment       0x0000000000000033       0x34 obj/system.o
 .comment       0x0000000000000033       0x34 obj/HSE_CLK.o
 .comment       0x0000000000000033       0x34 obj/fact_reset.o
 .comment       0x0000000000000033       0x34 obj/flash.o
 .comment       0x0000000000000033       0x34 obj/matrix_io.o
 .comment       0x0000000000000033       0x34 obj/mux_io.o
 .comment       0x0000000000000033       0x34 obj/no_os_util.o
 .comment       0x0000000000000033       0x34 obj/pin_intr.o
 .comment       0x0000000000000033       0x34 obj/spi.o
 .comment       0x0000000000000033       0x34 obj/uart.o
 .comment       0x0000000000000033       0x34 obj/socket.o
 .comment       0x0000000000000033       0x34 obj/w5500.o
 .comment       0x0000000000000033       0x34 obj/wizchip_conf.o
 .comment       0x0000000000000033       0x34 obj/cJSON.o
 .comment       0x0000000000000033       0x34 /usr/lib/gcc/arm-none-eabi/10.3.1/thumb/v7-m/nofp/libgcc.a(_udivmoddi4.o)
 .comment       0x0000000000000033       0x34 /usr/lib/gcc/arm-none-eabi/10.3.1/../../../arm-none-eabi/lib/thumb/v7-m/nofp/libc.a(lib_a-atexit.o)
 .comment       0x0000000000000033       0x34 /usr/lib/gcc/arm-none-eabi/10.3.1/../../../arm-none-eabi/lib/thumb/v7-m/nofp/libc.a(lib_a-ctype_.o)
 .comment       0x0000000000000033       0x34 /usr/lib/gcc/arm-none-eabi/10.3.1/../../../arm-none-eabi/lib/thumb/v7-m/nofp/libc.a(lib_a-fini.o)
 .comment       0x0000000000000033       0x34 /usr/lib/gcc/arm-none-eabi/10.3.1/../../../arm-none-eabi/lib/thumb/v7-m/nofp/libc.a(lib_a-impure.o)
 .comment       0x0000000000000033       0x34 /usr/lib/gcc/arm-none-eabi/10.3.1/../../../arm-none-eabi/lib/thumb/v7-m/nofp/libc.a(lib_a-malloc.o)
 .comment       0x0000000000000033       0x34 /usr/lib/gcc/arm-none-eabi/10.3.1/../../../arm-none-eabi/lib/thumb/v7-m/nofp/libc.a(lib_a-mallocr.o)
 .comment       0x0000000000000033       0x34 /usr/lib/gcc/arm-none-eabi/10.3.1/../../../arm-none-eabi/lib/thumb/v7-m/nofp/libc.a(lib_a-memset.o)
 .comment       0x0000000000000033       0x34 /usr/lib/gcc/arm-none-eabi/10.3.1/../../../arm-none-eabi/lib/thumb/v7-m/nofp/libc.a(lib_a-mlock.o)
 .comment       0x0000000000000033       0x34 /usr/lib/gcc/arm-none-eabi/10.3.1/../../../arm-none-eabi/lib/thumb/v7-m/nofp/libc.a(lib_a-realloc.o)
 .comment       0x0000000000000033       0x34 /usr/lib/gcc/arm-none-eabi/10.3.1/../../../arm-none-eabi/lib/thumb/v7-m/nofp/libc.a(lib_a-reallocr.o)
 .comment       0x0000000000000033       0x34 /usr/lib/gcc/arm-none-eabi/10.3.1/../../../arm-none-eabi/lib/thumb/v7-m/nofp/libc.a(lib_a-sbrkr.o)
 .comment       0x0000000000000033       0x34 /usr/lib/gcc/arm-none-eabi/10.3.1/../../../arm-none-eabi/lib/thumb/v7-m/nofp/libc.a(lib_a-snprintf.o)
 .comment       0x0000000000000033       0x34 /usr/lib/gcc/arm-none-eabi/10.3.1/../../../arm-none-eabi/lib/thumb/v7-m/nofp/libc.a(lib_a-sprintf.o)
 .comment       0x0000000000000033       0x34 /usr/lib/gcc/arm-none-eabi/10.3.1/../../../arm-none-eabi/lib/thumb/v7-m/nofp/libc.a(lib_a-sscanf.o)
 .comment       0x0000000000000033       0x34 /usr/lib/gcc/arm-none-eabi/10.3.1/../../../arm-none-eabi/lib/thumb/v7-m/nofp/libc.a(lib_a-stdio.o)
 .comment       0x0000000000000033       0x34 /usr/lib/gcc/arm-none-eabi/10.3.1/../../../arm-none-eabi/lib/thumb/v7-m/nofp/libc.a(lib_a-strcpy.o)
 .comment       0x0000000000000033       0x34 /usr/lib/gcc/arm-none-eabi/10.3.1/../../../arm-none-eabi/lib/thumb/v7-m/nofp/libc.a(lib_a-strlen-stub.o)
 .comment       0x0000000000000033       0x34 /usr/lib/gcc/arm-none-eabi/10.3.1/../../../arm-none-eabi/lib/thumb/v7-m/nofp/libc.a(lib_a-strncmp.o)
 .comment       0x0000000000000033       0x34 /usr/lib/gcc/arm-none-eabi/10.3.1/../../../arm-none-eabi/lib/thumb/v7-m/nofp/libc.a(lib_a-strtod.o)
 .comment       0x0000000000000033       0x34 /usr/lib/gcc/arm-none-eabi/10.3.1/../../../arm-none-eabi/lib/thumb/v7-m/nofp/libc.a(lib_a-strtol.o)
 .comment       0x0000000000000033       0x34 /usr/lib/gcc/arm-none-eabi/10.3.1/../../../arm-none-eabi/lib/thumb/v7-m/nofp/libc.a(lib_a-strtoul.o)
 .comment       0x0000000000000033       0x34 /usr/lib/gcc/arm-none-eabi/10.3.1/../../../arm-none-eabi/lib/thumb/v7-m/nofp/libc.a(lib_a-svfprintf.o)
 .comment       0x0000000000000033       0x34 /usr/lib/gcc/arm-none-eabi/10.3.1/../../../arm-none-eabi/lib/thumb/v7-m/nofp/libc.a(lib_a-svfscanf.o)
 .comment       0x0000000000000033       0x34 /usr/lib/gcc/arm-none-eabi/10.3.1/../../../arm-none-eabi/lib/thumb/v7-m/nofp/libc.a(lib_a-writer.o)
 .comment       0x0000000000000033       0x34 /usr/lib/gcc/arm-none-eabi/10.3.1/../../../arm-none-eabi/lib/thumb/v7-m/nofp/libc.a(lib_a-wsetup.o)
 .comment       0x0000000000000033       0x34 /usr/lib/gcc/arm-none-eabi/10.3.1/../../../arm-none-eabi/lib/thumb/v7-m/nofp/libc.a(lib_a-__atexit.o)
 .comment       0x0000000000000033       0x34 /usr/lib/gcc/arm-none-eabi/10.3.1/../../../arm-none-eabi/lib/thumb/v7-m/nofp/libc.a(lib_a-__call_atexit.o)
 .comment       0x0000000000000033       0x34 /usr/lib/gcc/arm-none-eabi/10.3.1/../../../arm-none-eabi/lib/thumb/v7-m/nofp/libc.a(lib_a-closer.o)
 .comment       0x0000000000000033       0x34 /usr/lib/gcc/arm-none-eabi/10.3.1/../../../arm-none-eabi/lib/thumb/v7-m/nofp/libc.a(lib_a-dtoa.o)
 .comment       0x0000000000000033       0x34 /usr/lib/gcc/arm-none-eabi/10.3.1/../../../arm-none-eabi/lib/thumb/v7-m/nofp/libc.a(lib_a-errno.o)
 .comment       0x0000000000000033       0x34 /usr/lib/gcc/arm-none-eabi/10.3.1/../../../arm-none-eabi/lib/thumb/v7-m/nofp/libc.a(lib_a-fflush.o)
 .comment       0x0000000000000033       0x34 /usr/lib/gcc/arm-none-eabi/10.3.1/../../../arm-none-eabi/lib/thumb/v7-m/nofp/libc.a(lib_a-findfp.o)
 .comment       0x0000000000000033       0x34 /usr/lib/gcc/arm-none-eabi/10.3.1/../../../arm-none-eabi/lib/thumb/v7-m/nofp/libc.a(lib_a-freer.o)
 .comment       0x0000000000000033       0x34 /usr/lib/gcc/arm-none-eabi/10.3.1/../../../arm-none-eabi/lib/thumb/v7-m/nofp/libc.a(lib_a-fvwrite.o)
 .comment       0x0000000000000033       0x34 /usr/lib/gcc/arm-none-eabi/10.3.1/../../../arm-none-eabi/lib/thumb/v7-m/nofp/libc.a(lib_a-fwalk.o)
 .comment       0x0000000000000033       0x34 /usr/lib/gcc/arm-none-eabi/10.3.1/../../../arm-none-eabi/lib/thumb/v7-m/nofp/libc.a(lib_a-gdtoa-gethex.o)
 .comment       0x0000000000000033       0x34 /usr/lib/gcc/arm-none-eabi/10.3.1/../../../arm-none-eabi/lib/thumb/v7-m/nofp/libc.a(lib_a-gdtoa-hexnan.o)
 .comment       0x0000000000000033       0x34 /usr/lib/gcc/arm-none-eabi/10.3.1/../../../arm-none-eabi/lib/thumb/v7-m/nofp/libc.a(lib_a-iswspace.o)
 .comment       0x0000000000000033       0x34 /usr/lib/gcc/arm-none-eabi/10.3.1/../../../arm-none-eabi/lib/thumb/v7-m/nofp/libc.a(lib_a-iswspace_l.o)
 .comment       0x0000000000000033       0x34 /usr/lib/gcc/arm-none-eabi/10.3.1/../../../arm-none-eabi/lib/thumb/v7-m/nofp/libc.a(lib_a-lnumeric.o)
 .comment       0x0000000000000033       0x34 /usr/lib/gcc/arm-none-eabi/10.3.1/../../../arm-none-eabi/lib/thumb/v7-m/nofp/libc.a(lib_a-locale.o)
 .comment       0x0000000000000033       0x34 /usr/lib/gcc/arm-none-eabi/10.3.1/../../../arm-none-eabi/lib/thumb/v7-m/nofp/libc.a(lib_a-localeconv.o)
 .comment       0x0000000000000033       0x34 /usr/lib/gcc/arm-none-eabi/10.3.1/../../../arm-none-eabi/lib/thumb/v7-m/nofp/libc.a(lib_a-lseekr.o)
 .comment       0x0000000000000033       0x34 /usr/lib/gcc/arm-none-eabi/10.3.1/../../../arm-none-eabi/lib/thumb/v7-m/nofp/libc.a(lib_a-makebuf.o)
 .comment       0x0000000000000033       0x34 /usr/lib/gcc/arm-none-eabi/10.3.1/../../../arm-none-eabi/lib/thumb/v7-m/nofp/libc.a(lib_a-mbrtowc.o)
 .comment       0x0000000000000033       0x34 /usr/lib/gcc/arm-none-eabi/10.3.1/../../../arm-none-eabi/lib/thumb/v7-m/nofp/libc.a(lib_a-mbtowc_r.o)
 .comment       0x0000000000000033       0x34 /usr/lib/gcc/arm-none-eabi/10.3.1/../../../arm-none-eabi/lib/thumb/v7-m/nofp/libc.a(lib_a-memchr-stub.o)