Archive member included to satisfy reference by file (symbol)

/usr/lib/gcc/arm-none-eabi/10.3.1/thumb/v7-m/nofp/libgcc.a(_arm_muldf3.o)
                              obj/rest_parser.o (__aeabi_dmul)
/usr/lib/gcc/arm-none-eabi/10.3.1/thumb/v7-m/nofp/libgcc.a(_arm_mulsf3.o)
                              obj/ltc268x.o (__aeabi_fmul)
/usr/lib/gcc/arm-none-eabi/10.3.1/thumb/v7-m/nofp/libgcc.a(_arm_addsubdf3.o)
                              obj/rest_parser.o (__aeabi_dsub)
/usr/lib/gcc/arm-none-eabi/10.3.1/thumb/v7-m/nofp/libgcc.a(_arm_cmpdf2.o)
                              obj/cJSON.o (__aeabi_dcmpeq)
/usr/lib/gcc/arm-none-eabi/10.3.1/thumb/v7-m/nofp/libgcc.a(_arm_unorddf2.o)
                              obj/cJSON.o (__aeabi_dcmpun)
/usr/lib/gcc/arm-none-eabi/10.3.1/thumb/v7-m/nofp/libgcc.a(_arm_fixdfsi.o)
                              obj/rest_parser.o (__aeabi_d2iz)
/usr/lib/gcc/arm-none-eabi/10.3.1/thumb/v7-m/nofp/libgcc.a(_arm_addsubsf3.o)
                              obj/ltc268x.o (__aeabi_fsub)
/usr/lib/gcc/arm-none-eabi/10.3.1/thumb/v7-m/nofp/libgcc.a(_arm_muldivsf3.o)
                              obj/ltc268x.o (__aeabi_fdiv)
/usr/lib/gcc/arm-none-eabi/10.3.1/thumb/v7-m/nofp/libgcc.a(_arm_fixunssfsi.o)
                              obj/ltc268x.o (__aeabi_f2uiz)
/usr/lib/gcc/arm-none-eabi/10.3.1/thumb/v7-m/nofp/libgcc.a(_aeabi_ldivmod.o)
                              obj/no_os_util.o (__aeabi_ldivmod)
/usr/lib/gcc/arm-none-eabi/10.3.1/thumb/v7-m/nofp/libgcc.a(_aeabi_uldivmod.o)
                              obj/no_os_util.o (__aeabi_uldivmod)
/usr/lib/gcc/arm-none-eabi/10.3.1/thumb/v7-m/nofp/libgcc.a(_udivmoddi4.o)
                              /usr/lib/gcc/arm-none-eabi/10.3.1/thumb/v7-m/nofp/libgcc.a(_aeabi_ldivmod.o) (__udivmoddi4)
/usr/lib/gcc/arm-none-eabi/10.3.1/thumb/v7-m/nofp/libgcc.a(_dvmd_tls.o)
                              /usr/lib/gcc/arm-none-eabi/10.3.1/thumb/v7-m/nofp/libgcc.a(_aeabi_ldivmod.o) (__aeabi_ldiv0)
/usr/lib/gcc/arm-none-eabi/10.3.1/../../../arm-none-eabi/lib/thumb/v7-m/nofp/libc_nano.a(lib_a-atexit.o)
                              /usr/lib/gcc/arm-none-eabi/10.3.1/../../../arm-none-eabi/lib/thumb/v7-m/nofp/crt0.o (atexit)
/usr/lib/gcc/arm-none-eabi/10.3.1/../../../arm-none-eabi/lib/thumb/v7-m/nofp/libc_nano.a(lib_a-ctype_.o)
                              obj/cJSON.o (_ctype_)
/usr/lib/gcc/arm-none-eabi/10.3.1/../../../arm-none-eabi/lib/thumb/v7-m/nofp/libc_nano.a(lib_a-exit.o)
                              /usr/lib/gcc/arm-none-eabi/10.3.1/../../../arm-none-eabi/lib/thumb/v7-m/nofp/crt0.o (exit)
/usr/lib/gcc/arm-none-eabi/10.3.1/../../../arm-none-eabi/lib/thumb/v7-m/nofp/libc_nano.a(lib_a-fini.o)
                              /usr/lib/gcc/arm-none-eabi/10.3.1/../../../arm-none-eabi/lib/thumb/v7-m/nofp/crt0.o (__libc_fini_array)
/usr/lib/gcc/arm-none-eabi/10.3.1/../../../arm-none-eabi/lib/thumb/v7-m/nofp/libc_nano.a(lib_a-impure.o)
                              /usr/lib/gcc/arm-none-eabi/10.3.1/../../../arm-none-eabi/lib/thumb/v7-m/nofp/libc_nano.a(lib_a-exit.o) (_global_impure_ptr)
/usr/lib/gcc/arm-none-eabi/10.3.1/../../../arm-none-eabi/lib/thumb/v7-m/nofp/libc_nano.a(lib_a-init.o)
                              /usr/lib/gcc/arm-none-eabi/10.3.1/../../../arm-none-eabi/lib/thumb/v7-m/nofp/crt0.o (__libc_init_array)
/usr/lib/gcc/arm-none-eabi/10.3.1/../../../arm-none-eabi/lib/thumb/v7-m/nofp/libc_nano.a(lib_a-malloc.o)
                              obj/cJSON.o (malloc)
/usr/lib/gcc/arm-none-eabi/10.3.1/../../../arm-none-eabi/lib/thumb/v7-m/nofp/libc_nano.a(lib_a-memcmp.o)
                              obj/rest_parser.o (memcmp)
/usr/lib/gcc/arm-none-eabi/10.3.1/../../../arm-none-eabi/lib/thumb/v7-m/nofp/libc_nano.a(lib_a-memcpy.o)
                              obj/no_os_util.o (memcpy)
/usr/lib/gcc/arm-none-eabi/10.3.1/../../../arm-none-eabi/lib/thumb/v7-m/nofp/libc_nano.a(lib_a-memset.o)
                              /usr/lib/gcc/arm-none-eabi/10.3.1/../../../arm-none-eabi/lib/thumb/v7-m/nofp/crt0.o (memset)
/usr/lib/gcc/arm-none-eabi/10.3.1/../../../arm-none-eabi/lib/thumb/v7-m/nofp/libc_nano.a(lib_a-nano-freer.o)
                              /usr/lib/gcc/arm-none-eabi/10.3.1/../../../arm-none-eabi/lib/thumb/v7-m/nofp/libc_nano.a(lib_a-malloc.o) (_free_r)
/usr/lib/gcc/arm-none-eabi/10.3.1/../../../arm-none-eabi/lib/thumb/v7-m/nofp/libc_nano.a(lib_a-nano-mallocr.o)
                              /usr/lib/gcc/arm-none-eabi/10.3.1/../../../arm-none-eabi/lib/thumb/v7-m/nofp/libc_nano.a(lib_a-malloc.o) (_malloc_r)
/usr/lib/gcc/arm-none-eabi/10.3.1/../../../arm-none-eabi/lib/thumb/v7-m/nofp/libc_nano.a(lib_a-printf.o)
                              obj/ltc268x.o (printf)
/usr/lib/gcc/arm-none-eabi/10.3.1/../../../arm-none-eabi/lib/thumb/v7-m/nofp/libc_nano.a(lib_a-puts.o)
                              obj/ltc268x.o (puts)
/usr/lib/gcc/arm-none-eabi/10.3.1/../../../arm-none-eabi/lib/thumb/v7-m/nofp/libc_nano.a(lib_a-realloc.o)
                              obj/cJSON.o (realloc)
[...]
Memory Configuration

Name             Origin             Length             Attributes
RAM              0x0000000020000000 0x0000000000010000 xrw
FLASH            0x0000000008000000 0x0000000000080000 xr
*default*        0x0000000000000000 0xffffffffffffffff

Linker script and memory map

LOAD /usr/lib/gcc/arm-none-eabi/10.3.1/thumb/v7-m/nofp/crti.o
LOAD /usr/lib/gcc/arm-none-eabi/10.3.1/thumb/v7-m/nofp/crtbegin.o
LOAD /usr/lib/gcc/arm-none-eabi/10.3.1/../../../arm-none-eabi/lib/thumb/v7-m/nofp/crt0.o
LOAD obj/I2C.o
LOAD obj/lantask.o
LOAD obj/main.o
LOAD obj/parser.o
LOAD obj/rest_parser.o
LOAD obj/shell.o
LOAD obj/shell_commands.o
LOAD obj/system.o
LOAD obj/HSE_CLK.o
LOAD obj/delay.o
LOAD obj/fact_reset.o
LOAD obj/flash.o
LOAD obj/interface.o
LOAD obj/ltc268x.o
LOAD obj/matrix_io.o
LOAD obj/mux_io.o
LOAD obj/no_os_platform.o
LOAD obj/no_os_util.o
LOAD obj/pin_intr.o
LOAD obj/spi.o
LOAD obj/uart.o
LOAD obj/socket.o
LOAD obj/w5500.o
LOAD obj/wizchip_conf.o
LOAD obj/cJSON.o
LOAD obj/cJSON_Utils.o
LOAD obj/all_asm.o
START GROUP
LOAD /usr/lib/gcc/arm-none-eabi/10.3.1/thumb/v7-m/nofp/libgcc.a
LOAD /usr/lib/gcc/arm-none-eabi/10.3.1/../../../arm-none-eabi/lib/thumb/v7-m/nofp/libc_nano.a
END GROUP
START GROUP
LOAD /usr/lib/gcc/arm-none-eabi/10.3.1/thumb/v7-m/nofp/libgcc.a
LOAD /usr/lib/gcc/arm-none-eabi/10.3.1/../../../arm-none-eabi/lib/thumb/v7-m/nofp/libc_nano.a
LOAD /usr/lib/gcc/arm-none-eabi/10.3.1/../../../arm-none-eabi/lib/thumb/v7-m/nofp/libnosys.a
END GROUP
START GROUP
LOAD /usr/lib/gcc/arm-none-eabi/10.3.1/thumb/v7-m/nofp/libgcc.a
LOAD /usr/lib/gcc/arm-none-eabi/10.3.1/../../../arm-none-eabi/lib/thumb/v7-m/nofp/libc_nano.a
LOAD /usr/lib/gcc/arm-none-eabi/10.3.1/../../../arm-none-eabi/lib/thumb/v7-m/nofp/libnosys.a
END GROUP
LOAD /usr/lib/gcc/arm-none-eabi/10.3.1/thumb/v7-m/nofp/crtend.o
LOAD /usr/lib/gcc/arm-none-eabi/10.3.1/thumb/v7-m/nofp/crtn.o
                0x0000000020010000                _estack = (ORIGIN (RAM) + LENGTH (RAM))
                0x0000000000000200                _Min_Heap_Size = 0x200
                0x0000000000000400                _Min_Stack_Size = 0x400

.isr_vector     0x0000000008000000      0x1e4
                0x0000000008000000                . = ALIGN (0x4)
 *(.isr_vector)
 .isr_vector    0x0000000008000000      0x1e4 obj/all_asm.o
                0x0000000008000000                g_pfnVectors
                0x00000000080001e4                . = ALIGN (0x4)

.text           0x00000000080001e8     0xbff0
                0x00000000080001e8                . = ALIGN (0x4)
 *(.text)
 .text          0x00000000080001e8       0x88 /usr/lib/gcc/arm-none-eabi/10.3.1/thumb/v7-m/nofp/crtbegin.o
 .text          0x0000000008000270      0x424 obj/I2C.o
                0x0000000008000288                i2c_init
                0x00000000080002f4                i2c_start
                0x0000000008000358                i2c_write
                0x0000000008000388                i2c_read_ack
                0x00000000080003b0                i2c_read_nack
                0x00000000080003e0                i2c_stop
                0x00000000080003fc                eui48_read_mac
                0x00000000080005f4                eui48_get_last_source
                0x0000000008000618                eui48_get_probe_status
                0x0000000008000640                eui48_get_last_raw_read
                0x000000000800066c                eui48_get_diag_counters
 .text          0x0000000008000694      0x318 obj/lantask.o
                0x00000000080006b6                set_tcp_server_port
                0x00000000080006cc                apply_network_config
                0x0000000008000740                run_tcp_server
                0x0000000008000938                hardware_reset
                0x0000000008000974                w5500_port_init
 .text          0x00000000080009ac       0x40 obj/main.o
                0x00000000080009ac                SystemInit
 .text          0x00000000080009ec      0x1a4 obj/parser.o
                0x00000000080009ec                set_voltage
                0x0000000008000a04                set_matrix_pairs
                0x0000000008000a5c                set_mux
                0x0000000008000a84                writeIP
                0x0000000008000b24                parse_command
 .text          0x0000000008000b90      0x514 obj/rest_parser.o
                0x0000000008000cd4                rest_parser
                0x000000000800101c                rest_parser_is_http_request
                0x0000000008001058                rest_parser_http
 .text          0x00000000080010a4      0x168 obj/shell.o
                0x00000000080010a4                shell_init
                0x00000000080010cc                shell_input_char
                0x0000000008001134                shell_process
 .text          0x000000000800120c      0x478 obj/shell_commands.o
 .text          0x0000000008001684       0xd0 obj/HSE_CLK.o
                0x0000000008001684                X_Clock_Init
 .text          0x0000000008001754       0x50 obj/delay.o
                0x0000000008001754                TIM2_Init
                0x000000000800177c                _us_delay
 .text          0x00000000080017a4       0x54 obj/fact_reset.o
                0x00000000080017a4                Increment_Reset_Counter
 .text          0x00000000080017f8      0x11c obj/flash.o
                0x00000000080017f8                flash_read32
                0x000000000800180c                flash_erase_page
                0x0000000008001860                flash_write32
 .text          0x0000000008001914       0xa0 obj/interface.o
                0x0000000008001940                set_address
                0x0000000008001970                set_enable_lt
                0x0000000008001990                set_power
 .text          0x00000000080019b4      0x2b0 obj/matrix_io.o
                0x0000000008001b68                matrix_init
                0x0000000008001bd4                matrix_apply_pairs
                0x0000000008001bda                matrix_disable_mapping
                0x0000000008001bdc                matrix_set_pairs_mapping
 .text          0x0000000008001c64       0xd0 obj/mux_io.o
                0x0000000008001c64                mux_init
                0x0000000008001cd4                mux_select
                0x0000000008001d28                mux_get_selected
 .text          0x0000000008001d34      0x50e obj/no_os_util.o
                0x0000000008001d34                no_os_test_bit
                0x0000000008001d4e                no_os_find_first_set_bit
                0x0000000008001d62                no_os_find_first_set_bit_u64
                0x0000000008001d8c                no_os_find_last_set_bit
                0x0000000008001da4                no_os_find_last_set_bit_u64
                0x0000000008001dd4                no_os_find_closest
                0x0000000008001e04                no_os_field_prep
                0x0000000008001e14                no_os_field_prep_u64
                0x0000000008001e44                no_os_field_get
                0x0000000008001e52                no_os_field_max
                0x0000000008001e60                no_os_field_max_u64
                0x0000000008001e88                no_os_log_base_2
                0x0000000008001e8c                no_os_greatest_common_divisor
                0x0000000008001eae                no_os_greatest_common_divisor_u64
                0x0000000008001ee6                no_os_lowest_common_multiple
                0x0000000008001f02                no_os_rational_best_approximation
                0x0000000008001f36                no_os_rational_best_approximation_u64
                0x0000000008001f9c                no_os_hweight8
                0x0000000008001fae                no_os_hweight16
                0x0000000008001fc4                no_os_hweight32
                0x0000000008001fda                no_os_do_div
                0x0000000008001fee                no_os_div64_u64_rem
                0x0000000008001ffc                no_os_div_u64_rem
                0x000000000800200a                no_os_div_s64_rem
                0x0000000008002018                no_os_div_u64
                0x0000000008002022                no_os_div_s64
                0x000000000800202c                no_os_str_to_int32
                0x0000000008002046                no_os_str_to_uint32
                0x0000000008002060                no_os_put_unaligned_be16
                0x0000000008002068                no_os_get_unaligned_be16
                0x0000000008002070                no_os_put_unaligned_le16
                0x0000000008002078                no_os_get_unaligned_le16
                0x000000000800207c                no_os_put_unaligned_be24
                0x0000000008002088                no_os_get_unaligned_be24
                0x0000000008002098                no_os_put_unaligned_le24
                0x00000000080020a4                no_os_get_unaligned_le24
                0x00000000080020ae                no_os_put_unaligned_be32
                0x00000000080020be                no_os_get_unaligned_be32
                0x00000000080020c4                no_os_put_unaligned_le32
                0x00000000080020d4                no_os_get_unaligned_le32
                0x00000000080020d8                no_os_put_unaligned_be64
                0x00000000080020f6                no_os_get_unaligned_be64
                0x0000000008002100                no_os_put_unaligned_le64
                0x000000000800211e                no_os_get_unaligned_le64
                0x0000000008002126                no_os_sign_extend16
                0x0000000008002134                no_os_sign_extend32
                0x0000000008002140                no_os_mul_u32_u32
                0x0000000008002146                no_os_mul_u64_u32_shr
                0x0000000008002190                no_os_mul_u64_u32_div
                0x00000000080021f8                no_os_is_big_endian
                0x00000000080021fc                no_os_memswap64
 *fill*         0x0000000008002242        0x2 
 .text          0x0000000008002244       0x88 obj/pin_intr.o
                0x0000000008002244                ExternIntInit
                0x00000000080022b0                EXTI2_IRQHandler
 .text          0x00000000080022cc      0x2b4 obj/spi.o
                0x00000000080022e4                ethernet_spi_init
                0x00000000080023b0                wizchip_select
                0x00000000080023c0                wizchip_deselect
                0x00000000080023d0                spi_write
                0x00000000080023d2                spi_read
                0x00000000080023d6                spi_write_burst
                0x00000000080023ec                spi_read_burst
                0x0000000008002404                ltc_spi_init
                0x00000000080024ac                spi2_transfer_byte
                0x00000000080024c4                ltc_write_dac_cs
                0x0000000008002518                ltc_write_dac
                0x000000000800251e                ltc_read_data_cs
                0x0000000008002578                ltc_read_data
 .text          0x0000000008002580      0x164 obj/uart.o
                0x0000000008002580                uart1_write
                0x0000000008002594                uart1_read
                0x00000000080025a8                uart1_set_rx_callback
                0x00000000080025b4                uart1_init
                0x0000000008002650                USART1_IRQHandler
                0x0000000008002670                uart1_print
                0x0000000008002682                uart1_print_hex
 .text          0x00000000080026e4      0xca0 obj/socket.o
                0x00000000080029a0                close
                0x0000000008002a0c                socket
                0x0000000008002d68                listen
                0x0000000008002dd2                connect_W5x00
                0x0000000008002dd6                connect_W6x00
                0x0000000008002dd8                disconnect
                0x0000000008002e64                send
                0x0000000008002fc4                recv
                0x000000000800309c                sendto_W5x00
                0x00000000080030b0                sendto_W6x00
                0x00000000080030c4                recvfrom_W5x00
                0x00000000080030c6                recvfrom_W6x00
                0x00000000080030c8                ctlsocket
                0x0000000008003184                setsockopt
                0x0000000008003282                getsockopt
 .text          0x0000000008003384      0x31c obj/w5500.o
                0x0000000008003384                WIZCHIP_READ
                0x00000000080033e0                WIZCHIP_WRITE
                0x0000000008003444                WIZCHIP_READ_BUF
                0x00000000080034b8                WIZCHIP_WRITE_BUF
                0x000000000800352c                getSn_TX_FSR
                0x000000000800356e                getSn_RX_RSR
                0x00000000080035b0                wiz_send_data
                0x000000000800360a                wiz_recv_data
                0x0000000008003664                wiz_recv_ignore
 .text          0x00000000080036a0      0x734 obj/wizchip_conf.o
                0x00000000080036a0                wizchip_cris_enter
                0x00000000080036a2                wizchip_bus_readdata
                0x00000000080036a6                wizchip_bus_writedata
                0x00000000080036aa                wizchip_bus_read_buf
                0x00000000080036e4                wizchip_bus_write_buf
                0x000000000800371c                wizchip_spi_readbyte
                0x0000000008003720                wizchip_spi_writebyte
                0x0000000008003722                wizchip_spi_readburst
                0x0000000008003740                wizchip_spi_writeburst
                0x000000000800375c                wizchip_qspi_read
                0x000000000800375e                wizchip_qspi_write
                0x0000000008003760                wizchip_cris_exit
                0x0000000008003762                wizchip_cs_select
                0x0000000008003764                wizchip_cs_deselect
                0x0000000008003766                reg_wizchip_cris_cbfunc
                0x0000000008003788                reg_wizchip_cs_cbfunc
                0x00000000080037ac                reg_wizchip_bus_cbfunc
                0x00000000080037d8                reg_wizchip_busbuf_cbfunc
                0x0000000008003804                reg_wizchip_spi_cbfunc
                0x0000000008003830                reg_wizchip_spiburst_cbfunc
                0x000000000800385c                reg_wizchip_qspi_cbfunc
                0x0000000008003888                wizchip_sw_reset
                0x0000000008003902                wizchip_init
                0x000000000800397c                wizchip_clrinterrupt
                0x00000000080039aa                wizchip_getinterrupt
                0x00000000080039ca                wizchip_setinterruptmask
                0x00000000080039e6                wizchip_getinterruptmask
                0x0000000008003a02                wizphy_getphylink
                0x0000000008003a12                wizphy_getphypmode
                0x0000000008003a2a                wizphy_reset
                0x0000000008003a5a                wizphy_setphyconf
                0x0000000008003aa0                wizphy_getphyconf
                0x0000000008003b0a                wizphy_getphystat
                0x0000000008003b24                wizphy_setphypmode
                0x0000000008003b76                ctlwizchip
                0x0000000008003c64                wizchip_setnetinfo
                0x0000000008003cb8                wizchip_getnetinfo
                0x0000000008003d0c                wizchip_setnetmode
                0x0000000008003d32                wizchip_getnetmode
                0x0000000008003d38                wizchip_settimeout
                0x0000000008003d60                wizchip_gettimeout
                0x0000000008003d88                ctlnetwork
 *fill*         0x0000000008003dd4        0x4 
 .text          0x0000000008003dd8     0x1afc obj/cJSON.o
                0x000000000800481c                cJSON_GetErrorPtr
                0x000000000800482c                cJSON_Version
                0x0000000008004850                cJSON_InitHooks
                0x000000000800489c                cJSON_Delete
                0x0000000008004c04                cJSON_SetNumberHelper
                0x0000000008004c68                cJSON_ParseWithLengthOpts
                0x0000000008004d3c                cJSON_ParseWithOpts
                0x0000000008004d5c                cJSON_Parse
                0x0000000008004d64                cJSON_ParseWithLength
                0x0000000008004d6c                cJSON_Print
                0x0000000008004d70                cJSON_PrintUnformatted
                0x0000000008004d74                cJSON_PrintBuffered
                0x0000000008004dd0                cJSON_PrintPreallocated
                0x0000000008004e1c                cJSON_GetArraySize
                0x0000000008004e2c                cJSON_GetArrayItem
                0x0000000008004e38                cJSON_GetObjectItem
                0x0000000008004e3e                cJSON_GetObjectItemCaseSensitive
                0x0000000008004e44                cJSON_HasObjectItem
                0x0000000008004e52                cJSON_AddItemToArray
                0x0000000008004e56                cJSON_AddItemToObject
                0x0000000008004e5c                cJSON_AddItemToObjectCS
                0x0000000008004e62                cJSON_AddItemReferenceToArray
                0x0000000008004e7c                cJSON_AddItemReferenceToObject
                0x0000000008004ea0                cJSON_DetachItemViaPointer
                0x0000000008004ede                cJSON_DetachItemFromArray
                0x0000000008004efa                cJSON_DeleteItemFromArray
                0x0000000008004f08                cJSON_DetachItemFromObject
                0x0000000008004f1c                cJSON_DetachItemFromObjectCaseSensitive
                0x0000000008004f30                cJSON_DeleteItemFromObject
                0x0000000008004f3e                cJSON_DeleteItemFromObjectCaseSensitive
                0x0000000008004f4c                cJSON_InsertItemInArray
                0x0000000008004f90                cJSON_ReplaceItemViaPointer
                0x0000000008004fe6                cJSON_ReplaceItemInArray
                0x0000000008005002                cJSON_CreateNull
                0x0000000008005018                cJSON_AddNullToObject
                0x0000000008005040                cJSON_CreateTrue
                0x0000000008005058                cJSON_AddTrueToObject
                0x0000000008005080                cJSON_CreateFalse
                0x0000000008005098                cJSON_AddFalseToObject
                0x00000000080050c0                cJSON_CreateBool
                0x00000000080050e0                cJSON_AddBoolToObject
                0x000000000800510a                cJSON_CreateNumber
                0x0000000008005170                cJSON_AddNumberToObject
                0x000000000800519c                cJSON_CreateString
                0x00000000080051cc                cJSON_AddStringToObject
                0x00000000080051f6                cJSON_CreateStringReference
                0x0000000008005214                cJSON_CreateObjectReference
                0x0000000008005230                cJSON_CreateArrayReference
                0x000000000800524c                cJSON_CreateRaw
                0x000000000800527c                cJSON_AddRawToObject
                0x00000000080052a6                cJSON_CreateArray
                0x00000000080052bc                cJSON_AddArrayToObject
                0x00000000080052e4                cJSON_CreateObject
                0x00000000080052fc                cJSON_AddObjectToObject
                0x0000000008005324                cJSON_CreateIntArray
                0x0000000008005380                cJSON_CreateFloatArray
                0x00000000080053dc                cJSON_CreateDoubleArray
                0x000000000800543c                cJSON_CreateStringArray
                0x0000000008005494                cJSON_Duplicate_rec
                0x0000000008005538                cJSON_Duplicate
                0x0000000008005540                cJSON_Minify
                0x00000000080055e0                cJSON_IsInvalid
                0x00000000080055ec                cJSON_IsFalse
                0x00000000080055f8                cJSON_IsTrue
                0x0000000008005604                cJSON_IsBool
                0x0000000008005612                cJSON_IsNull
                0x000000000800561e                cJSON_IsNumber
                0x000000000800562c                cJSON_GetNumberValue
                0x0000000008005648                cJSON_IsString
                0x0000000008005656                cJSON_GetStringValue
                0x0000000008005664                cJSON_IsArray
                0x0000000008005672                cJSON_IsObject
                0x0000000008005680                cJSON_IsRaw
                0x000000000800568e                cJSON_Compare
                0x0000000008005804                cJSON_malloc
                0x0000000008005810                cJSON_free
                0x000000000800581c                cJSON_SetValuestring
                0x00000000080058ca                cJSON_ReplaceItemInObject
                0x00000000080058ce                cJSON_ReplaceItemInObjectCaseSensitive
 .text          0x00000000080058d4      0x378 /usr/lib/gcc/arm-none-eabi/10.3.1/thumb/v7-m/nofp/libgcc.a(_arm_addsubdf3.o)
                0x00000000080058d4                __aeabi_drsub
                0x00000000080058dc                __aeabi_dsub
                0x00000000080058dc                __subdf3
                0x00000000080058e0                __adddf3
                0x00000000080058e0                __aeabi_dadd
                0x0000000008005b58                __aeabi_ui2d
                0x0000000008005b58                __floatunsidf
                0x0000000008005b78                __floatsidf
                0x0000000008005b78                __aeabi_i2d
                0x0000000008005b9c                __extendsfdf2
                0x0000000008005b9c                __aeabi_f2d
                0x0000000008005be0                __aeabi_ul2d
                0x0000000008005be0                __floatundidf
                0x0000000008005bf0                __floatdidf
                0x0000000008005bf0                __aeabi_l2d
 .text          0x0000000008005c4c      0x110 /usr/lib/gcc/arm-none-eabi/10.3.1/thumb/v7-m/nofp/libgcc.a(_arm_cmpdf2.o)
                0x0000000008005c4c                __gtdf2
                0x0000000008005c4c                __gedf2
                0x0000000008005c54                __ltdf2
                0x0000000008005c54                __ledf2
                0x0000000008005c5c                __cmpdf2
                0x0000000008005c5c                __eqdf2
                0x0000000008005c5c                __nedf2
                0x0000000008005cd8                __aeabi_cdrcmple
                0x0000000008005ce8                __aeabi_cdcmple
                0x0000000008005ce8                __aeabi_cdcmpeq
                0x0000000008005cf8                __aeabi_dcmpeq
                0x0000000008005d0c                __aeabi_dcmplt
                0x0000000008005d20                __aeabi_dcmple
                0x0000000008005d34                __aeabi_dcmpge
                0x0000000008005d48                __aeabi_dcmpgt
 .text          0x0000000008005d5c       0x2c /usr/lib/gcc/arm-none-eabi/10.3.1/thumb/v7-m/nofp/libgcc.a(_arm_unorddf2.o)
                0x0000000008005d5c                __aeabi_dcmpun
                0x0000000008005d5c                __unorddf2
 .text          0x0000000008005d88       0x50 /usr/lib/gcc/arm-none-eabi/10.3.1/thumb/v7-m/nofp/libgcc.a(_arm_fixdfsi.o)
                0x0000000008005d88                __fixdfsi
                0x0000000008005d88                __aeabi_d2iz
 .text          0x0000000008005dd8       0xa0 /usr/lib/gcc/arm-none-eabi/10.3.1/thumb/v7-m/nofp/libgcc.a(_aeabi_ldivmod.o)
                0x0000000008005dd8                __aeabi_ldivmod
 .text          0x0000000008005e78       0x30 /usr/lib/gcc/arm-none-eabi/10.3.1/thumb/v7-m/nofp/libgcc.a(_aeabi_uldivmod.o)
                0x0000000008005e78                __aeabi_uldivmod
 .text          0x0000000008005ea8      0x2d4 /usr/lib/gcc/arm-none-eabi/10.3.1/thumb/v7-m/nofp/libgcc.a(_udivmoddi4.o)
                0x0000000008005ea8                __udivmoddi4
 .text          0x000000000800617c        0x4 /usr/lib/gcc/arm-none-eabi/10.3.1/thumb/v7-m/nofp/libgcc.a(_dvmd_tls.o)
                0x000000000800617c                __aeabi_ldiv0
                0x000000000800617c                __aeabi_idiv0
 .text          0x0000000008006180       0x20 /usr/lib/gcc/arm-none-eabi/10.3.1/../../../arm-none-eabi/lib/thumb/v7-m/nofp/libc_nano.a(lib_a-malloc.o)
                0x0000000008006180                malloc
                0x0000000008006190                free
 .text          0x00000000080061a0       0x68 /usr/lib/gcc/arm-none-eabi/10.3.1/../../../arm-none-eabi/lib/thumb/v7-m/nofp/libc_nano.a(lib_a-memcmp.o)
                0x00000000080061a0                memcmp
 .text          0x0000000008006208       0xec /usr/lib/gcc/arm-none-eabi/10.3.1/../../../arm-none-eabi/lib/thumb/v7-m/nofp/libc_nano.a(lib_a-memcpy.o)
                0x0000000008006208                memcpy
 .text          0x00000000080062f4       0xa4 /usr/lib/gcc/arm-none-eabi/10.3.1/../../../arm-none-eabi/lib/thumb/v7-m/nofp/libc_nano.a(lib_a-memset.o)
                0x00000000080062f4                memset
 .text          0x0000000008006398       0xcc /usr/lib/gcc/arm-none-eabi/10.3.1/../../../arm-none-eabi/lib/thumb/v7-m/nofp/libc_nano.a(lib_a-nano-freer.o)
                0x0000000008006398                _free_r
 .text          0x0000000008006464       0xb8 /usr/lib/gcc/arm-none-eabi/10.3.1/../../../arm-none-eabi/lib/thumb/v7-m/nofp/libc_nano.a(lib_a-nano-mallocr.o)
                0x0000000008006464                _malloc_r
 .text          0x000000000800651c       0x14 /usr/lib/gcc/arm-none-eabi/10.3.1/../../../arm-none-eabi/lib/thumb/v7-m/nofp/libc_nano.a(lib_a-realloc.o)
                0x000000000800651c                realloc
 .text          0x0000000008006530       0x24 /usr/lib/gcc/arm-none-eabi/10.3.1/../../../arm-none-eabi/lib/thumb/v7-m/nofp/libc_nano.a(lib_a-sbrkr.o)
                0x0000000008006530                _sbrk_r
 .text          0x0000000008006554      0x100 /usr/lib/gcc/arm-none-eabi/10.3.1/../../../arm-none-eabi/lib/thumb/v7-m/nofp/libc_nano.a(lib_a-snprintf.o)
                0x0000000008006554                _sniprintf_r
                0x0000000008006554                _snprintf_r
                0x00000000080065d0                snprintf
                0x00000000080065d0                sniprintf
 .text          0x0000000008006654       0x80 /usr/lib/gcc/arm-none-eabi/10.3.1/../../../arm-none-eabi/lib/thumb/v7-m/nofp/libc_nano.a(lib_a-sprintf.o)
                0x0000000008006654                _siprintf_r
                0x0000000008006654                _sprintf_r
                0x0000000008006690                sprintf
                0x0000000008006690                siprintf
 .text          0x00000000080066d4       0xac /usr/lib/gcc/arm-none-eabi/10.3.1/../../../arm-none-eabi/lib/thumb/v7-m/nofp/libc_nano.a(lib_a-sscanf.o)
                0x00000000080066d4                sscanf
                0x00000000080066d4                siscanf
                0x000000000800672c                _siscanf_r
                0x000000000800672c                _sscanf_r
 .text          0x0000000008006780       0x90 /usr/lib/gcc/arm-none-eabi/10.3.1/../../../arm-none-eabi/lib/thumb/v7-m/nofp/libc_nano.a(lib_a-stdio.o)
                0x0000000008006780                __sread
                0x00000000080067a4                __seofread
                0x00000000080067a8                __swrite
                0x00000000080067e8                __sseek
                0x0000000008006808                __sclose
 .text          0x0000000008006810      0x1bc /usr/lib/gcc/arm-none-eabi/10.3.1/../../../arm-none-eabi/lib/thumb/v7-m/nofp/libc_nano.a(lib_a-strcmp.o)
                0x0000000008006810                strcmp
 .text          0x00000000080069cc       0xbc /usr/lib/gcc/arm-none-eabi/10.3.1/../../../arm-none-eabi/lib/thumb/v7-m/nofp/libc_nano.a(lib_a-strcpy.o)
                0x00000000080069cc                strcpy
 .text          0x0000000008006a88       0x5c /usr/lib/gcc/arm-none-eabi/10.3.1/../../../arm-none-eabi/lib/thumb/v7-m/nofp/libc_nano.a(lib_a-strlen-stub.o)
                0x0000000008006a88                strlen
 .text          0x0000000008006ae4       0x7c /usr/lib/gcc/arm-none-eabi/10.3.1/../../../arm-none-eabi/lib/thumb/v7-m/nofp/libc_nano.a(lib_a-strncmp.o)
                0x0000000008006ae4                strncmp
 .text          0x0000000008006b60     0x10b8 /usr/lib/gcc/arm-none-eabi/10.3.1/../../../arm-none-eabi/lib/thumb/v7-m/nofp/libc_nano.a(lib_a-strtod.o)
                0x0000000008006b60                _strtod_l
                0x0000000008007a98                _strtod_r
                0x0000000008007aa4                strtod_l
                0x0000000008007ac0                strtod
                0x0000000008007ad8                strtof_l
                0x0000000008007b78                strtof
 .text          0x0000000008007c18      0x190 /usr/lib/gcc/arm-none-eabi/10.3.1/../../../arm-none-eabi/lib/thumb/v7-m/nofp/libc_nano.a(lib_a-strtol.o)
                0x0000000008007d38                _strtol_r
                0x0000000008007d50                strtol_l
                0x0000000008007d7c                strtol
 .text          0x0000000008007da8      0x178 /usr/lib/gcc/arm-none-eabi/10.3.1/../../../arm-none-eabi/lib/thumb/v7-m/nofp/libc_nano.a(lib_a-strtoul.o)
                0x0000000008007ee4                _strtoul_r
                0x0000000008007ee8                strtoul_l
                0x0000000008007f04                strtoul
 .text          0x0000000008007f20       0xc4 /usr/lib/gcc/arm-none-eabi/10.3.1/../../../arm-none-eabi/lib/thumb/v7-m/nofp/libc_nano.a(lib_a-wbuf.o)
                0x0000000008007f20                __swbuf_r
                0x0000000008007fd0                __swbuf
 .text          0x0000000008007fe4       0x2c /usr/lib/gcc/arm-none-eabi/10.3.1/../../../arm-none-eabi/lib/thumb/v7-m/nofp/libc_nano.a(lib_a-writer.o)
                0x0000000008007fe4                _write_r
 .text          0x0000000008008010      0x104 /usr/lib/gcc/arm-none-eabi/10.3.1/../../../arm-none-eabi/lib/thumb/v7-m/nofp/libc_nano.a(lib_a-wsetup.o)
                0x0000000008008010                __swsetup_r
 .text          0x0000000008008114       0x24 /usr/lib/gcc/arm-none-eabi/10.3.1/../../../arm-none-eabi/lib/thumb/v7-m/nofp/libc_nano.a(lib_a-closer.o)
                0x0000000008008114                _close_r
 .text          0x0000000008008138        0xc /usr/lib/gcc/arm-none-eabi/10.3.1/../../../arm-none-eabi/lib/thumb/v7-m/nofp/libc_nano.a(lib_a-errno.o)
                0x0000000008008138                __errno
 .text          0x0000000008008144      0x1dc /usr/lib/gcc/arm-none-eabi/10.3.1/../../../arm-none-eabi/lib/thumb/v7-m/nofp/libc_nano.a(lib_a-fflush.o)
                0x0000000008008144                __sflush_r
                0x000000000800824c                _fflush_r
                0x00000000080082a0                fflush
 .text          0x0000000008008320      0x230 /usr/lib/gcc/arm-none-eabi/10.3.1/../../../arm-none-eabi/lib/thumb/v7-m/nofp/libc_nano.a(lib_a-findfp.o)
                0x0000000008008324                _cleanup_r
                0x0000000008008334                __sfmoreglue
                0x0000000008008364                __sfp
                0x00000000080084fc                _cleanup
                0x0000000008008510                __sinit
                0x0000000008008518                __sfp_lock_acquire
                0x000000000800851c                __sfp_lock_release
                0x0000000008008520                __sinit_lock_acquire
                0x0000000008008524                __sinit_lock_release
                0x0000000008008528                __fp_lock_all
                0x000000000800853c                __fp_unlock_all
 .text          0x0000000008008550       0x88 /usr/lib/gcc/arm-none-eabi/10.3.1/../../../arm-none-eabi/lib/thumb/v7-m/nofp/libc_nano.a(lib_a-fwalk.o)
                0x0000000008008550                _fwalk
                0x0000000008008590                _fwalk_reent
 .text          0x00000000080085d8      0x668 /usr/lib/gcc/arm-none-eabi/10.3.1/../../../arm-none-eabi/lib/thumb/v7-m/nofp/libc_nano.a(lib_a-gdtoa-gethex.o)
                0x000000000800867c                __gethex
 .text          0x0000000008008c40      0x1e0 /usr/lib/gcc/arm-none-eabi/10.3.1/../../../arm-none-eabi/lib/thumb/v7-m/nofp/libc_nano.a(lib_a-gdtoa-hexnan.o)
                0x0000000008008c40                __match
                0x0000000008008c74                __hexnan
 .text          0x0000000008008e20       0x2c /usr/lib/gcc/arm-none-eabi/10.3.1/../../../arm-none-eabi/lib/thumb/v7-m/nofp/libc_nano.a(lib_a-lseekr.o)
                0x0000000008008e20                _lseek_r
 .text          0x0000000008008e4c      0x11c /usr/lib/gcc/arm-none-eabi/10.3.1/../../../arm-none-eabi/lib/thumb/v7-m/nofp/libc_nano.a(lib_a-makebuf.o)
                0x0000000008008e4c                __smakebuf_r
                0x0000000008008f0c                __swhatbuf_r
 .text          0x0000000008008f68       0x40 /usr/lib/gcc/arm-none-eabi/10.3.1/../../../arm-none-eabi/lib/thumb/v7-m/nofp/libc_nano.a(lib_a-mbtowc_r.o)
                0x0000000008008f68                _mbtowc_r
                0x0000000008008f7c                __ascii_mbtowc
 .text          0x0000000008008fa8        0x8 /usr/lib/gcc/arm-none-eabi/10.3.1/../../../arm-none-eabi/lib/thumb/v7-m/nofp/libc_nano.a(lib_a-mlock.o)
                0x0000000008008fa8                __malloc_lock
                0x0000000008008fac                __malloc_unlock
 .text          0x0000000008008fb0      0xabc /usr/lib/gcc/arm-none-eabi/10.3.1/../../../arm-none-eabi/lib/thumb/v7-m/nofp/libc_nano.a(lib_a-mprec.o)
                0x0000000008008fb0                _Balloc
                0x0000000008009030                _Bfree
                0x0000000008009078                __multadd
                0x0000000008009114                __s2b
                0x00000000080091c8                __hi0bits
                0x0000000008009208                __lo0bits
                0x0000000008009260                __i2b
                0x000000000800928c                __multiply
                0x00000000080093e8                __pow5mult
                0x00000000080094c8                __lshift
                0x00000000080095b0                __mcmp
                0x00000000080095f0                __mdiff
                0x000000000800973c                __ulp
                0x0000000008009780                __b2d
                0x0000000008009850                __d2b
                0x0000000008009914                __ratio
                0x0000000008009974                _mprec_log10
                0x00000000080099ac                __copybits
                0x0000000008009a0c                __any_on
 .text          0x0000000008009a6c       0x1c /usr/lib/gcc/arm-none-eabi/10.3.1/../../../arm-none-eabi/lib/thumb/v7-m/nofp/libc_nano.a(lib_a-nano-callocr.o)
                0x0000000008009a6c                _calloc_r
 .text          0x0000000008009a88       0x50 /usr/lib/gcc/arm-none-eabi/10.3.1/../../../arm-none-eabi/lib/thumb/v7-m/nofp/libc_nano.a(lib_a-nano-reallocr.o)
                0x0000000008009a88                _realloc_r
 .text          0x0000000008009ad8      0x3f4 /usr/lib/gcc/arm-none-eabi/10.3.1/../../../arm-none-eabi/lib/thumb/v7-m/nofp/libc_nano.a(lib_a-nano-svfprintf.o)
                0x0000000008009ad8                __ssputs_r
                0x0000000008009b9c                __ssprint_r
                0x0000000008009c98                _svfprintf_r
                0x0000000008009c98                _svfiprintf_r
 .text          0x0000000008009ecc      0x438 /usr/lib/gcc/arm-none-eabi/10.3.1/../../../arm-none-eabi/lib/thumb/v7-m/nofp/libc_nano.a(lib_a-nano-svfscanf.o)
                0x0000000008009ecc                _sungetc_r
                0x0000000008009f4c                __ssrefill_r
                0x0000000008009f88                __ssvfscanf_r
                0x0000000008009f88                __ssvfiscanf_r
 .text          0x000000000800a304      0x320 /usr/lib/gcc/arm-none-eabi/10.3.1/../../../arm-none-eabi/lib/thumb/v7-m/nofp/libc_nano.a(lib_a-nano-vfprintf.o)
                0x000000000800a32c                __sfputs_r
                0x000000000800a35c                __sprint_r
                0x000000000800a378                _vfiprintf_r
                0x000000000800a378                _vfprintf_r
                0x000000000800a608                vfiprintf
                0x000000000800a608                vfprintf
 .text          0x000000000800a624      0x3d8 /usr/lib/gcc/arm-none-eabi/10.3.1/../../../arm-none-eabi/lib/thumb/v7-m/nofp/libc_nano.a(lib_a-nano-vfprintf_i.o)
                0x000000000800a624                _printf_common
                0x000000000800a750                _printf_i
 .text          0x000000000800a9fc      0x2b4 /usr/lib/gcc/arm-none-eabi/10.3.1/../../../arm-none-eabi/lib/thumb/v7-m/nofp/libc_nano.a(lib_a-nano-vfscanf_i.o)
                0x000000000800a9fc                _scanf_chars
                0x000000000800aac0                _scanf_i
 .text          0x000000000800acb0       0x2c /usr/lib/gcc/arm-none-eabi/10.3.1/../../../arm-none-eabi/lib/thumb/v7-m/nofp/libc_nano.a(lib_a-readr.o)
                0x000000000800acb0                _read_r
 .text          0x000000000800acdc        0xc /usr/lib/gcc/arm-none-eabi/10.3.1/../../../arm-none-eabi/lib/thumb/v7-m/nofp/libc_nano.a(lib_a-s_nan.o)
                0x000000000800acdc                nan
 .text          0x000000000800ace8       0x8c /usr/lib/gcc/arm-none-eabi/10.3.1/../../../arm-none-eabi/lib/thumb/v7-m/nofp/libc_nano.a(lib_a-sccl.o)
                0x000000000800ace8                __sccl
 .text          0x000000000800ad74        0x8 /usr/lib/gcc/arm-none-eabi/10.3.1/../../../arm-none-eabi/lib/thumb/v7-m/nofp/libc_nano.a(lib_a-sf_nan.o)
                0x000000000800ad74                nanf
 .text          0x000000000800ad7c      0x17c /usr/lib/gcc/arm-none-eabi/10.3.1/../../../arm-none-eabi/lib/thumb/v7-m/nofp/libc_nano.a(lib_a-ungetc.o)
                0x000000000800ad7c                __submore
                0x000000000800adf4                _ungetc_r
                0x000000000800aee4                ungetc
 .text          0x000000000800aef8       0x30 /usr/lib/gcc/arm-none-eabi/10.3.1/../../../arm-none-eabi/lib/thumb/v7-m/nofp/libc_nano.a(lib_a-wctomb_r.o)
                0x000000000800aef8                _wctomb_r
                0x000000000800af0c                __ascii_wctomb
 .text          0x000000000800af28       0x4c /usr/lib/gcc/arm-none-eabi/10.3.1/../../../arm-none-eabi/lib/thumb/v7-m/nofp/libc_nano.a(lib_a-assert.o)
                0x000000000800af28                __assert_func
                0x000000000800af68                __assert
 .text          0x000000000800af74       0x44 /usr/lib/gcc/arm-none-eabi/10.3.1/../../../arm-none-eabi/lib/thumb/v7-m/nofp/libc_nano.a(lib_a-fprintf.o)
                0x000000000800af74                _fprintf_r
                0x000000000800af74                _fiprintf_r
                0x000000000800af90                fprintf
                0x000000000800af90                fiprintf
 .text          0x000000000800afb8       0x28 /usr/lib/gcc/arm-none-eabi/10.3.1/../../../arm-none-eabi/lib/thumb/v7-m/nofp/libc_nano.a(lib_a-fstatr.o)
                0x000000000800afb8                _fstat_r
 .text          0x000000000800afe0      0x2f0 /usr/lib/gcc/arm-none-eabi/10.3.1/../../../arm-none-eabi/lib/thumb/v7-m/nofp/libc_nano.a(lib_a-fvwrite.o)
                0x000000000800afe0                __sfvwrite_r
 .text          0x000000000800b2d0       0x24 /usr/lib/gcc/arm-none-eabi/10.3.1/../../../arm-none-eabi/lib/thumb/v7-m/nofp/libc_nano.a(lib_a-isattyr.o)
                0x000000000800b2d0                _isatty_r
 .text          0x000000000800b2f4       0x90 /usr/lib/gcc/arm-none-eabi/10.3.1/../../../arm-none-eabi/lib/thumb/v7-m/nofp/libc_nano.a(lib_a-memchr-stub.o)
                0x000000000800b2f4                memchr
 .text          0x000000000800b384       0xf8 /usr/lib/gcc/arm-none-eabi/10.3.1/../../../arm-none-eabi/lib/thumb/v7-m/nofp/libc_nano.a(lib_a-memmove.o)
                0x000000000800b384                memmove
 .text          0x000000000800b47c       0x14 /usr/lib/gcc/arm-none-eabi/10.3.1/../../../arm-none-eabi/lib/thumb/v7-m/nofp/libc_nano.a(lib_a-nano-msizer.o)
                0x000000000800b47c                _malloc_usable_size_r
 .text          0x000000000800b490       0x10 /usr/lib/gcc/arm-none-eabi/10.3.1/../../../arm-none-eabi/lib/thumb/v7-m/nofp/libc_nano.a(lib_a-abort.o)
                0x000000000800b490                abort
 .text          0x000000000800b4a0      0x26c /usr/lib/gcc/arm-none-eabi/10.3.1/../../../arm-none-eabi/lib/thumb/v7-m/nofp/libc_nano.a(lib_a-signal.o)
                0x000000000800b4a0                _init_signal_r
                0x000000000800b4cc                _signal_r
                0x000000000800b514                _raise_r
                0x000000000800b568                __sigtramp_r
                0x000000000800b5cc                raise
                0x000000000800b624                signal
                0x000000000800b674                _init_signal
                0x000000000800b6a8                __sigtramp
 .text          0x000000000800b70c       0x2c /usr/lib/gcc/arm-none-eabi/10.3.1/../../../arm-none-eabi/lib/thumb/v7-m/nofp/libc_nano.a(lib_a-signalr.o)
                0x000000000800b70c                _kill_r
                0x000000000800b734                _getpid_r
 .text          0x000000000800b738      0x424 /usr/lib/gcc/arm-none-eabi/10.3.1/thumb/v7-m/nofp/libgcc.a(_arm_muldivdf3.o)
                0x000000000800b738                __aeabi_dmul
                0x000000000800b738                __muldf3
                0x000000000800b98c                __aeabi_ddiv
                0x000000000800b98c                __divdf3
 .text          0x000000000800bb5c       0x40 /usr/lib/gcc/arm-none-eabi/10.3.1/thumb/v7-m/nofp/libgcc.a(_arm_fixunsdfsi.o)
                0x000000000800bb5c                __fixunsdfsi
                0x000000000800bb5c                __aeabi_d2uiz
 .text          0x000000000800bb9c       0xa0 /usr/lib/gcc/arm-none-eabi/10.3.1/thumb/v7-m/nofp/libgcc.a(_arm_truncdfsf2.o)
                0x000000000800bb9c                __aeabi_d2f
                0x000000000800bb9c                __truncdfsf2
 .text          0x000000000800bc3c       0xec /usr/lib/gcc/arm-none-eabi/10.3.1/thumb/v7-m/nofp/libgcc.a(_arm_cmpsf2.o)
                0x000000000800bc3c                __gtsf2
                0x000000000800bc3c                __gesf2
                0x000000000800bc44                __lesf2
                0x000000000800bc44                __ltsf2
                0x000000000800bc4c                __nesf2
                0x000000000800bc4c                __eqsf2
                0x000000000800bc4c                __cmpsf2
                0x000000000800bcac                __aeabi_cfrcmple
                0x000000000800bcb4                __aeabi_cfcmple
                0x000000000800bcb4                __aeabi_cfcmpeq
                0x000000000800bcc4                __aeabi_fcmpeq
                0x000000000800bcd8                __aeabi_fcmplt
                0x000000000800bcec                __aeabi_fcmple
                0x000000000800bd00                __aeabi_fcmpge
                0x000000000800bd14                __aeabi_fcmpgt
 .text          0x000000000800bd28       0x2c /usr/lib/gcc/arm-none-eabi/10.3.1/thumb/v7-m/nofp/libgcc.a(_arm_unordsf2.o)
                0x000000000800bd28                __aeabi_fcmpun
                0x000000000800bd28                __unordsf2
 .text          0x000000000800bd54       0x34 /usr/lib/gcc/arm-none-eabi/10.3.1/thumb/v7-m/nofp/libgcc.a(_fixdfdi.o)
                0x000000000800bd54                __aeabi_d2lz
                0x000000000800bd54                __fixdfdi
 .text          0x000000000800bd88       0x3c /usr/lib/gcc/arm-none-eabi/10.3.1/thumb/v7-m/nofp/libgcc.a(_fixunsdfdi.o)
                0x000000000800bd88                __aeabi_d2ulz
                0x000000000800bd88                __fixunsdfdi
 .text          0x000000000800bdc4       0x10 /usr/lib/gcc/arm-none-eabi/10.3.1/../../../arm-none-eabi/lib/thumb/v7-m/nofp/libnosys.a(close.o)
                0x000000000800bdc4                _close
 .text          0x000000000800bdd4       0x10 /usr/lib/gcc/arm-none-eabi/10.3.1/../../../arm-none-eabi/lib/thumb/v7-m/nofp/libnosys.a(fstat.o)
                0x000000000800bdd4                _fstat
 .text          0x000000000800bde4       0x10 /usr/lib/gcc/arm-none-eabi/10.3.1/../../../arm-none-eabi/lib/thumb/v7-m/nofp/libnosys.a(getpid.o)
                0x000000000800bde4                _getpid
 .text          0x000000000800bdf4       0x10 /usr/lib/gcc/arm-none-eabi/10.3.1/../../../arm-none-eabi/lib/thumb/v7-m/nofp/libnosys.a(isatty.o)
                0x000000000800bdf4                _isatty
 .text          0x000000000800be04       0x10 /usr/lib/gcc/arm-none-eabi/10.3.1/../../../arm-none-eabi/lib/thumb/v7-m/nofp/libnosys.a(kill.o)
                0x000000000800be04                _kill
 .text          0x000000000800be14       0x10 /usr/lib/gcc/arm-none-eabi/10.3.1/../../../arm-none-eabi/lib/thumb/v7-m/nofp/libnosys.a(lseek.o)
                0x000000000800be14                _lseek
 .text          0x000000000800be24       0x10 /usr/lib/gcc/arm-none-eabi/10.3.1/../../../arm-none-eabi/lib/thumb/v7-m/nofp/libnosys.a(read.o)
                0x000000000800be24                _read
 .text          0x000000000800be34       0x1c /usr/lib/gcc/arm-none-eabi/10.3.1/../../../arm-none-eabi/lib/thumb/v7-m/nofp/libnosys.a(sbrk.o)
                0x000000000800be34                _sbrk
 .text          0x000000000800be50       0x10 /usr/lib/gcc/arm-none-eabi/10.3.1/../../../arm-none-eabi/lib/thumb/v7-m/nofp/libnosys.a(write.o)
                0x000000000800be50                _write
 .text          0x000000000800be60        0x4 /usr/lib/gcc/arm-none-eabi/10.3.1/../../../arm-none-eabi/lib/thumb/v7-m/nofp/libnosys.a(_exit.o)
                0x000000000800be60                _exit
 *(.text*)
 .text.startup  0x000000000800be64      0x314 obj/main.o
                0x000000000800be64                main
 .text.Reset_Handler
                0x000000000800c178       0x44 obj/all_asm.o
                0x000000000800c178                Reset_Handler
 .text.Default_Handler
                0x000000000800c1bc        0x2 obj/all_asm.o
                0x000000000800c1bc                TIM8_TRG_COM_IRQHandler
                0x000000000800c1bc                TIM8_CC_IRQHandler
                0x000000000800c1bc                DebugMon_Handler
                0x000000000800c1bc                TIM1_CC_IRQHandler
                0x000000000800c1bc                HardFault_Handler
                0x000000000800c1bc                TIM6_IRQHandler
                0x000000000800c1bc                SysTick_Handler
                0x000000000800c1bc                PVD_IRQHandler
                0x000000000800c1bc                SDIO_IRQHandler
                0x000000000800c1bc                PendSV_Handler
                0x000000000800c1bc                NMI_Handler
                0x000000000800c1bc                EXTI3_IRQHandler
                0x000000000800c1bc                EXTI0_IRQHandler
                0x000000000800c1bc                I2C2_EV_IRQHandler
                0x000000000800c1bc                UsageFault_Handler
                0x000000000800c1bc                ADC1_2_IRQHandler
                0x000000000800c1bc                SPI1_IRQHandler
                0x000000000800c1bc                TAMPER_IRQHandler
                0x000000000800c1bc                TIM8_UP_IRQHandler
                0x000000000800c1bc                DMA2_Channel2_IRQHandler
                0x000000000800c1bc                DMA1_Channel4_IRQHandler
                0x000000000800c1bc                USART3_IRQHandler
                0x000000000800c1bc                RTC_IRQHandler
                0x000000000800c1bc                DMA1_Channel7_IRQHandler
                0x000000000800c1bc                CAN1_RX1_IRQHandler
                0x000000000800c1bc                UART5_IRQHandler
                0x000000000800c1bc                ADC3_IRQHandler
                0x000000000800c1bc                TIM4_IRQHandler
                0x000000000800c1bc                DMA2_Channel1_IRQHandler
                0x000000000800c1bc                I2C1_EV_IRQHandler
                0x000000000800c1bc                DMA1_Channel6_IRQHandler
                0x000000000800c1bc                UART4_IRQHandler
                0x000000000800c1bc                TIM3_IRQHandler
                0x000000000800c1bc                RCC_IRQHandler
                0x000000000800c1bc                TIM1_TRG_COM_IRQHandler
                0x000000000800c1bc                DMA1_Channel1_IRQHandler
                0x000000000800c1bc                Default_Handler
                0x000000000800c1bc                EXTI15_10_IRQHandler
                0x000000000800c1bc                TIM7_IRQHandler
                0x000000000800c1bc                TIM5_IRQHandler
                0x000000000800c1bc                EXTI9_5_IRQHandler
                0x000000000800c1bc                SPI2_IRQHandler
                0x000000000800c1bc                MemManage_Handler
                0x000000000800c1bc                SVC_Handler
                0x000000000800c1bc                DMA1_Channel5_IRQHandler
                0x000000000800c1bc                EXTI4_IRQHandler
                0x000000000800c1bc                USB_LP_CAN1_RX0_IRQHandler
                0x000000000800c1bc                USB_HP_CAN1_TX_IRQHandler
                0x000000000800c1bc                DMA1_Channel3_IRQHandler
                0x000000000800c1bc                FSMC_IRQHandler
                0x000000000800c1bc                TIM1_UP_IRQHandler
                0x000000000800c1bc                WWDG_IRQHandler
                0x000000000800c1bc                TIM2_IRQHandler
                0x000000000800c1bc                TIM1_BRK_IRQHandler
                0x000000000800c1bc                EXTI1_IRQHandler
                0x000000000800c1bc                RTCAlarm_IRQHandler
                0x000000000800c1bc                DMA2_Channel4_5_IRQHandler
                0x000000000800c1bc                USART2_IRQHandler
                0x000000000800c1bc                I2C2_ER_IRQHandler
                0x000000000800c1bc                DMA1_Channel2_IRQHandler
                0x000000000800c1bc                TIM8_BRK_IRQHandler
                0x000000000800c1bc                CAN1_SCE_IRQHandler
                0x000000000800c1bc                FLASH_IRQHandler
                0x000000000800c1bc                BusFault_Handler
                0x000000000800c1bc                SPI3_IRQHandler
                0x000000000800c1bc                I2C1_ER_IRQHandler
                0x000000000800c1bc                USBWakeUp_IRQHandler
                0x000000000800c1bc                DMA2_Channel3_IRQHandler
 *(.glue_7)
 .glue_7        0x000000000800c1be        0x0 linker stubs
 *(.glue_7t)
 .glue_7t       0x000000000800c1be        0x0 linker stubs
 *(.eh_frame)
 *fill*         0x000000000800c1be        0x2 
 .eh_frame      0x000000000800c1c0        0x0 /usr/lib/gcc/arm-none-eabi/10.3.1/thumb/v7-m/nofp/crtbegin.o
 *(.init)
 .init          0x000000000800c1c0        0x4 /usr/lib/gcc/arm-none-eabi/10.3.1/thumb/v7-m/nofp/crti.o
                0x000000000800c1c0                _init
 .init          0x000000000800c1c4        0x8 /usr/lib/gcc/arm-none-eabi/10.3.1/thumb/v7-m/nofp/crtn.o
 *(.fini)
 .fini          0x000000000800c1cc        0x4 /usr/lib/gcc/arm-none-eabi/10.3.1/thumb/v7-m/nofp/crti.o
                0x000000000800c1cc                _fini
 .fini          0x000000000800c1d0        0x8 /usr/lib/gcc/arm-none-eabi/10.3.1/thumb/v7-m/nofp/crtn.o
                0x000000000800c1d8                . = ALIGN (0x4)
                0x000000000800c1d8                _etext = .

.vfp11_veneer   0x000000000800c1d8        0x0
 .vfp11_veneer  0x000000000800c1d8        0x0 linker stubs

.v4_bx          0x000000000800c1d8        0x0
 .v4_bx         0x000000000800c1d8        0x0 linker stubs

.iplt           0x000000000800c1d8        0x0
 .iplt          0x000000000800c1d8        0x0 /usr/lib/gcc/arm-none-eabi/10.3.1/thumb/v7-m/nofp/crtbegin.o

.rodata         0x000000000800c1d8     0x15d0
                0x000000000800c1d8                . = ALIGN (0x4)
 *(.rodata)
 .rodata        0x000000000800c1d8       0x74 obj/lantask.o
 .rodata        0x000000000800c24c       0x17 obj/main.o
 *fill*         0x000000000800c263        0x1 
 .rodata        0x000000000800c264       0x1c obj/rest_parser.o
 .rodata        0x000000000800c280      0x269 obj/shell.o
                0x000000000800c280                banner
 *fill*         0x000000000800c4e9        0x3 
 .rodata        0x000000000800c4ec       0x64 obj/shell_commands.o
                0x000000000800c4ec                g_shell_commands
                0x000000000800c54c                g_shell_command_count
 .rodata        0x000000000800c550       0x10 obj/matrix_io.o
 .rodata        0x000000000800c560      0x101 /usr/lib/gcc/arm-none-eabi/10.3.1/../../../arm-none-eabi/lib/thumb/v7-m/nofp/libc_nano.a(lib_a-ctype_.o)
                0x000000000800c560                _ctype_
 *fill*         0x000000000800c661        0x3 
 .rodata        0x000000000800c664        0x4 /usr/lib/gcc/arm-none-eabi/10.3.1/../../../arm-none-eabi/lib/thumb/v7-m/nofp/libc_nano.a(lib_a-impure.o)
                0x000000000800c664                _global_impure_ptr
 .rodata        0x000000000800c668       0x50 /usr/lib/gcc/arm-none-eabi/10.3.1/../../../arm-none-eabi/lib/thumb/v7-m/nofp/libc_nano.a(lib_a-strtod.o)
 .rodata        0x000000000800c6b8       0x60 /usr/lib/gcc/arm-none-eabi/10.3.1/../../../arm-none-eabi/lib/thumb/v7-m/nofp/libc_nano.a(lib_a-findfp.o)
                0x000000000800c6b8                __sf_fake_stderr
                0x000000000800c6d8                __sf_fake_stdout
                0x000000000800c6f8                __sf_fake_stdin
 .rodata        0x000000000800c718      0x100 /usr/lib/gcc/arm-none-eabi/10.3.1/../../../arm-none-eabi/lib/thumb/v7-m/nofp/libc_nano.a(lib_a-gdtoa-gethex.o)
                0x000000000800c718                __hexdig
 .rodata        0x000000000800c818        0xc /usr/lib/gcc/arm-none-eabi/10.3.1/../../../arm-none-eabi/lib/thumb/v7-m/nofp/libc_nano.a(lib_a-lnumeric.o)
                0x000000000800c818                _C_numeric_locale
 *fill*         0x000000000800c824        0x4 
 .rodata        0x000000000800c828      0x128 /usr/lib/gcc/arm-none-eabi/10.3.1/../../../arm-none-eabi/lib/thumb/v7-m/nofp/libc_nano.a(lib_a-mprec.o)
                0x000000000800c838                __mprec_tens
                0x000000000800c900                __mprec_tinytens
                0x000000000800c928                __mprec_bigtens
 .rodata        0x000000000800c950        0xc /usr/lib/gcc/arm-none-eabi/10.3.1/../../../arm-none-eabi/lib/thumb/v7-m/nofp/libc_nano.a(lib_a-nano-vfscanf_i.o)
 *(.rodata*)
 .rodata.str1.1
                0x000000000800c95c       0xd0 obj/lantask.o
 .rodata.str1.1
                0x000000000800ca2c      0x142 obj/main.o
                                        0x166 (size before relaxing)
 .rodata.str1.1
                0x000000000800cb6e       0xe2 obj/parser.o
 .rodata.str1.1
                0x000000000800cc50      0x419 obj/rest_parser.o
                                        0x434 (size before relaxing)
 .rodata.str1.1
                0x000000000800d069       0x4b obj/shell.o
                                         0x4e (size before relaxing)
 .rodata.str1.1
                0x000000000800d0b4      0x43d obj/shell_commands.o
                                        0x488 (size before relaxing)
 .rodata.str1.1
                0x000000000800d4f1      0x11c obj/matrix_io.o
 .rodata.str1.1
                0x000000000800d60d       0x11 obj/uart.o
 .rodata.str1.1
                0x000000000800d61e       0x30 obj/cJSON.o
                                         0x3b (size before relaxing)
 *fill*         0x000000000800d64e        0x2 
 .rodata.str1.4
                0x000000000800d650        0xf /usr/lib/gcc/arm-none-eabi/10.3.1/../../../arm-none-eabi/lib/thumb/v7-m/nofp/libc_nano.a(lib_a-strtod.o)
                                         0x11 (size before relaxing)
 *fill*         0x000000000800d65f        0x1 
 .rodata.str1.4
                0x000000000800d660       0x4e /usr/lib/gcc/arm-none-eabi/10.3.1/../../../arm-none-eabi/lib/thumb/v7-m/nofp/libc_nano.a(lib_a-gdtoa-gethex.o)
 *fill*         0x000000000800d6ae        0x2 
 .rodata.str1.4
                0x000000000800d6b0        0x2 /usr/lib/gcc/arm-none-eabi/10.3.1/../../../arm-none-eabi/lib/thumb/v7-m/nofp/libc_nano.a(lib_a-lnumeric.o)
                                          0x5 (size before relaxing)
 *fill*         0x000000000800d6b2        0x2 
 .rodata.str1.4
                0x000000000800d6b4        0xa /usr/lib/gcc/arm-none-eabi/10.3.1/../../../arm-none-eabi/lib/thumb/v7-m/nofp/libc_nano.a(lib_a-locale.o)
                                         0x12 (size before relaxing)
 *fill*         0x000000000800d6be        0x2 
 .rodata.str1.4
                0x000000000800d6c0       0x4b /usr/lib/gcc/arm-none-eabi/10.3.1/../../../arm-none-eabi/lib/thumb/v7-m/nofp/libc_nano.a(lib_a-mprec.o)
                                         0x5d (size before relaxing)
 *fill*         0x000000000800d70b        0x1 
 .rodata.str1.4
                0x000000000800d70c       0x13 /usr/lib/gcc/arm-none-eabi/10.3.1/../../../arm-none-eabi/lib/thumb/v7-m/nofp/libc_nano.a(lib_a-nano-svfprintf.o)
 .rodata.str1.4
                0x000000000800d71f        0x4 /usr/lib/gcc/arm-none-eabi/10.3.1/../../../arm-none-eabi/lib/thumb/v7-m/nofp/libc_nano.a(lib_a-nano-svfscanf.o)
 .rodata.str1.4
                0x000000000800d71f       0x13 /usr/lib/gcc/arm-none-eabi/10.3.1/../../../arm-none-eabi/lib/thumb/v7-m/nofp/libc_nano.a(lib_a-nano-vfprintf.o)
 *fill*         0x000000000800d71f        0x1 
 .rodata.str1.4
                0x000000000800d720       0x25 /usr/lib/gcc/arm-none-eabi/10.3.1/../../../arm-none-eabi/lib/thumb/v7-m/nofp/libc_nano.a(lib_a-nano-vfprintf_i.o)
 *fill*         0x000000000800d745        0x3 
 .rodata.str1.4
                0x000000000800d748       0x1e /usr/lib/gcc/arm-none-eabi/10.3.1/../../../arm-none-eabi/lib/thumb/v7-m/nofp/libc_nano.a(lib_a-nano-vfscanf_i.o)
 *fill*         0x000000000800d766        0x2 
 .rodata.str1.4
                0x000000000800d768       0x3f /usr/lib/gcc/arm-none-eabi/10.3.1/../../../arm-none-eabi/lib/thumb/v7-m/nofp/libc_nano.a(lib_a-assert.o)
                                         0x43 (size before relaxing)
                0x000000000800d7a8                . = ALIGN (0x4)
 *fill*         0x000000000800d7a7        0x1 

.ARM.extab
 *(.ARM.extab* .gnu.linkonce.armextab.*)

.ARM            0x000000000800d7a8        0x8
                0x000000000800d7a8                __exidx_start = .
 *(.ARM.exidx*)
 .ARM.exidx     0x000000000800d7a8        0x8 /usr/lib/gcc/arm-none-eabi/10.3.1/thumb/v7-m/nofp/libgcc.a(_udivmoddi4.o)
                0x000000000800d7b0                __exidx_end = .

.rel.dyn        0x000000000800d7b0        0x0
 .rel.iplt      0x000000000800d7b0        0x0 /usr/lib/gcc/arm-none-eabi/10.3.1/thumb/v7-m/nofp/crtbegin.o

.preinit_array  0x000000000800d7b0        0x0
                0x000000000800d7b0                PROVIDE (__preinit_array_start = .)
 *(.preinit_array*)
                0x000000000800d7b0                PROVIDE (__preinit_array_end = .)

.init_array     0x000000000800d7b0        0x4
                0x000000000800d7b0                PROVIDE (__init_array_start = .)
 *(SORT_BY_NAME(.init_array.*))
 *(.init_array*)
 .init_array    0x000000000800d7b0        0x4 /usr/lib/gcc/arm-none-eabi/10.3.1/thumb/v7-m/nofp/crtbegin.o
                0x000000000800d7b4                PROVIDE (__init_array_end = .)

.fini_array     0x000000000800d7b4        0x4
                0x000000000800d7b4                PROVIDE (__fini_array_start = .)
 *(SORT_BY_NAME(.fini_array.*))
 *(.fini_array*)
 .fini_array    0x000000000800d7b4        0x4 /usr/lib/gcc/arm-none-eabi/10.3.1/thumb/v7-m/nofp/crtbegin.o
                0x000000000800d7b8                PROVIDE (__fini_array_end = .)
                0x000000000800d7b8                _sidata = LOADADDR (.data)

.data           0x0000000020000000      0x220 load address 0x000000000800d7b8
                0x0000000020000000                . = ALIGN (0x4)
                0x0000000020000000                _sdata = .
 *(.data)
 .data          0x0000000020000000        0x8 obj/I2C.o
 .data          0x0000000020000008        0x3 obj/lantask.o
 *fill*         0x000000002000000b        0x1 
 .data          0x000000002000000c        0x4 obj/system.o
                0x000000002000000c                SystemCoreClock
 .data          0x0000000020000010        0x2 obj/socket.o
 *fill*         0x0000000020000012        0x2 
 .data          0x0000000020000014       0x2c obj/wizchip_conf.o
                0x0000000020000014                WIZCHIP
 .data          0x0000000020000040        0xc obj/cJSON.o
 .data          0x000000002000004c       0x64 /usr/lib/gcc/arm-none-eabi/10.3.1/../../../arm-none-eabi/lib/thumb/v7-m/nofp/libc_nano.a(lib_a-impure.o)
                0x000000002000004c                _impure_ptr
 .data          0x00000000200000b0        0x2 /usr/lib/gcc/arm-none-eabi/10.3.1/../../../arm-none-eabi/lib/thumb/v7-m/nofp/libc_nano.a(lib_a-lnumeric.o)
 *fill*         0x00000000200000b2        0x2 
 .data          0x00000000200000b4      0x16c /usr/lib/gcc/arm-none-eabi/10.3.1/../../../arm-none-eabi/lib/thumb/v7-m/nofp/libc_nano.a(lib_a-locale.o)
                0x00000000200000b4                __global_locale
 *(.data*)
                0x0000000020000220                . = ALIGN (0x4)
                0x0000000020000220                _edata = .

.tm_clone_table
                0x0000000020000220        0x0 load address 0x000000000800d9d8
 .tm_clone_table
                0x0000000020000220        0x0 /usr/lib/gcc/arm-none-eabi/10.3.1/thumb/v7-m/nofp/crtbegin.o
 .tm_clone_table
                0x0000000020000220        0x0 /usr/lib/gcc/arm-none-eabi/10.3.1/thumb/v7-m/nofp/crtend.o

.igot.plt       0x0000000020000220        0x0 load address 0x000000000800d9d8
 .igot.plt      0x0000000020000220        0x0 /usr/lib/gcc/arm-none-eabi/10.3.1/thumb/v7-m/nofp/crtbegin.o
                0x0000000020000220                . = ALIGN (0x4)

.bss            0x0000000020000220      0x8e0 load address 0x000000000800d9d8
                0x0000000020000220                _sbss = .
                0x0000000020000220                __bss_start__ = _sbss
 *(.bss)
 .bss           0x0000000020000220       0x1c /usr/lib/gcc/arm-none-eabi/10.3.1/thumb/v7-m/nofp/crtbegin.o
 .bss           0x000000002000023c        0xe obj/I2C.o
 .bss           0x000000002000024a      0x801 obj/lantask.o
                0x000000002000024a                sn
                0x000000002000024b                g_dat_buf
 .bss           0x0000000020000a4b        0x1 obj/main.o
                0x0000000020000a4b                thereISpkt
 .bss           0x0000000020000a4c       0x43 obj/shell.o
 *fill*         0x0000000020000a8f        0x1 
 .bss           0x0000000020000a90       0x1c obj/interface.o
                0x0000000020000a90                addr_register
 .bss           0x0000000020000aac        0x1 obj/mux_io.o
 *fill*         0x0000000020000aad        0x3 
 .bss           0x0000000020000ab0        0x4 obj/uart.o
 .bss           0x0000000020000ab4       0x1c obj/socket.o
                0x0000000020000ac8                sock_pack_info
 .bss           0x0000000020000ad0        0x5 obj/wizchip_conf.o
 *fill*         0x0000000020000ad5        0x3 
 .bss           0x0000000020000ad8       0x17 obj/cJSON.o
 *fill*         0x0000000020000aef        0x1 
 .bss           0x0000000020000af0        0x8 /usr/lib/gcc/arm-none-eabi/10.3.1/../../../arm-none-eabi/lib/thumb/v7-m/nofp/libc_nano.a(lib_a-nano-mallocr.o)
                0x0000000020000af0                __malloc_free_list
                0x0000000020000af4                __malloc_sbrk_start
 .bss           0x0000000020000af8        0x4 /usr/lib/gcc/arm-none-eabi/10.3.1/../../../arm-none-eabi/lib/thumb/v7-m/nofp/libc_nano.a(lib_a-reent.o)
                0x0000000020000af8                errno
 .bss           0x0000000020000afc        0x4 /usr/lib/gcc/arm-none-eabi/10.3.1/../../../arm-none-eabi/lib/thumb/v7-m/nofp/libnosys.a(sbrk.o)
 *(.bss*)
 *(COMMON)
                0x0000000020000b00                . = ALIGN (0x4)
                0x0000000020000b00                _ebss = .
                0x0000000020000b00                __bss_end__ = _ebss

._user_heap_stack
                0x0000000020000b00      0x600 load address 0x000000000800d9d8
                0x0000000020000b00                . = ALIGN (0x8)
                0x0000000020000b00                PROVIDE (end = .)
                [!provide]                        PROVIDE (_end = .)
                0x0000000020000d00                . = (. + _Min_Heap_Size)
 *fill*         0x0000000020000b00      0x200 
                0x0000000020001100                . = (. + _Min_Stack_Size)
 *fill*         0x0000000020000d00      0x400 
                0x0000000020001100                . = ALIGN (0x8)

/DISCARD/
 libc.a(*)
 libm.a(*)
 libgcc.a(*)

.ARM.attributes
                0x0000000000000000       0x29
 *(.ARM.attributes)
 .ARM.attributes
                0x0000000000000000       0x1d /usr/lib/gcc/arm-none-eabi/10.3.1/thumb/v7-m/nofp/crti.o
 .ARM.attributes
                0x000000000000001d       0x2d /usr/lib/gcc/arm-none-eabi/10.3.1/thumb/v7-m/nofp/crtbegin.o
 .ARM.attributes
                0x000000000000004a       0x2d obj/I2C.o
 .ARM.attributes
                0x0000000000000077       0x2d obj/lantask.o
 .ARM.attributes
                0x00000000000000a4       0x2d obj/main.o
 .ARM.attributes
                0x00000000000000d1       0x2d obj/parser.o
 .ARM.attributes
                0x00000000000000fe       0x2d obj/rest_parser.o
 .ARM.attributes
                0x000000000000012b       0x2d obj/shell.o
 .ARM.attributes
                0x0000000000000158       0x2d obj/shell_commands.o
 .ARM.attributes
                0x0000000000000185       0x33 obj/system.o
 .ARM.attributes
                0x00000000000001b8       0x2d obj/HSE_CLK.o
 .ARM.attributes
                0x00000000000001e5       0x2d obj/delay.o
 .ARM.attributes
                0x0000000000000212       0x2d obj/fact_reset.o
 .ARM.attributes
                0x000000000000023f       0x2d obj/flash.o
 .ARM.attributes
                0x000000000000026c       0x2d obj/interface.o
 .ARM.attributes
                0x0000000000000299       0x2d obj/matrix_io.o
 .ARM.attributes
                0x00000000000002c6       0x2d obj/mux_io.o
 .ARM.attributes
                0x00000000000002f3       0x2d obj/no_os_util.o
 .ARM.attributes
                0x0000000000000320       0x2d obj/pin_intr.o
 .ARM.attributes
                0x000000000000034d       0x2d obj/spi.o
 .ARM.attributes
                0x000000000000037a       0x2d obj/uart.o
 .ARM.attributes
                0x00000000000003a7       0x2d obj/socket.o
 .ARM.attributes
                0x00000000000003d4       0x2d obj/w5500.o
 .ARM.attributes
                0x0000000000000401       0x2d obj/wizchip_conf.o
 .ARM.attributes
                0x000000000000042e       0x2d obj/cJSON.o
 .ARM.attributes
                0x000000000000045b       0x21 obj/all_asm.o
 .ARM.attributes
                0x000000000000047c       0x1d /usr/lib/gcc/arm-none-eabi/10.3.1/thumb/v7-m/nofp/libgcc.a(_arm_addsubdf3.o)
 .ARM.attributes
                0x0000000000000499       0x1d /usr/lib/gcc/arm-none-eabi/10.3.1/thumb/v7-m/nofp/libgcc.a(_arm_cmpdf2.o)
 .ARM.attributes
                0x00000000000004b6       0x1d /usr/lib/gcc/arm-none-eabi/10.3.1/thumb/v7-m/nofp/libgcc.a(_arm_unorddf2.o)
 .ARM.attributes
                0x00000000000004d3       0x1d /usr/lib/gcc/arm-none-eabi/10.3.1/thumb/v7-m/nofp/libgcc.a(_arm_fixdfsi.o)
 .ARM.attributes
                0x00000000000004f0       0x1d /usr/lib/gcc/arm-none-eabi/10.3.1/thumb/v7-m/nofp/libgcc.a(_aeabi_ldivmod.o)
 .ARM.attributes
                0x000000000000050d       0x1d /usr/lib/gcc/arm-none-eabi/10.3.1/thumb/v7-m/nofp/libgcc.a(_aeabi_uldivmod.o)
 .ARM.attributes
                0x000000000000052a       0x2d /usr/lib/gcc/arm-none-eabi/10.3.1/thumb/v7-m/nofp/libgcc.a(_udivmoddi4.o)
 .ARM.attributes
                0x0000000000000557       0x1d /usr/lib/gcc/arm-none-eabi/10.3.1/thumb/v7-m/nofp/libgcc.a(_dvmd_tls.o)
 .ARM.attributes
                0x0000000000000574       0x2d /usr/lib/gcc/arm-none-eabi/10.3.1/../../../arm-none-eabi/lib/thumb/v7-m/nofp/libc_nano.a(lib_a-ctype_.o)
 .ARM.attributes
                0x00000000000005a1       0x2d /usr/lib/gcc/arm-none-eabi/10.3.1/../../../arm-none-eabi/lib/thumb/v7-m/nofp/libc_nano.a(lib_a-impure.o)
 .ARM.attributes
                0x00000000000005ce       0x2d /usr/lib/gcc/arm-none-eabi/10.3.1/../../../arm-none-eabi/lib/thumb/v7-m/nofp/libc_nano.a(lib_a-malloc.o)
 .ARM.attributes
                0x00000000000005fb       0x2d /usr/lib/gcc/arm-none-eabi/10.3.1/../../../arm-none-eabi/lib/thumb/v7-m/nofp/libc_nano.a(lib_a-memcmp.o)
 .ARM.attributes
                0x0000000000000628       0x1b /usr/lib/gcc/arm-none-eabi/10.3.1/../../../arm-none-eabi/lib/thumb/v7-m/nofp/libc_nano.a(lib_a-memcpy.o)
 .ARM.attributes
                0x0000000000000643       0x2d /usr/lib/gcc/arm-none-eabi/10.3.1/../../../arm-none-eabi/lib/thumb/v7-m/nofp/libc_nano.a(lib_a-memset.o)
 .ARM.attributes
                0x0000000000000670       0x2d /usr/lib/gcc/arm-none-eabi/10.3.1/../../../arm-none-eabi/lib/thumb/v7-m/nofp/libc_nano.a(lib_a-nano-freer.o)
 .ARM.attributes
                0x000000000000069d       0x2d /usr/lib/gcc/arm-none-eabi/10.3.1/../../../arm-none-eabi/lib/thumb/v7-m/nofp/libc_nano.a(lib_a-nano-mallocr.o)
 .ARM.attributes
                0x00000000000006ca       0x2d /usr/lib/gcc/arm-none-eabi/10.3.1/../../../arm-none-eabi/lib/thumb/v7-m/nofp/libc_nano.a(lib_a-realloc.o)
 .ARM.attributes
                0x00000000000006f7       0x2d /usr/lib/gcc/arm-none-eabi/10.3.1/../../../arm-none-eabi/lib/thumb/v7-m/nofp/libc_nano.a(lib_a-sbrkr.o)
 .ARM.attributes
                0x0000000000000724       0x2d /usr/lib/gcc/arm-none-eabi/10.3.1/../../../arm-none-eabi/lib/thumb/v7-m/nofp/libc_nano.a(lib_a-snprintf.o)
 .ARM.attributes
                0x0000000000000751       0x2d /usr/lib/gcc/arm-none-eabi/10.3.1/../../../arm-none-eabi/lib/thumb/v7-m/nofp/libc_nano.a(lib_a-sprintf.o)
 .ARM.attributes
                0x000000000000077e       0x2d /usr/lib/gcc/arm-none-eabi/10.3.1/../../../arm-none-eabi/lib/thumb/v7-m/nofp/libc_nano.a(lib_a-sscanf.o)
 .ARM.attributes
                0x00000000000007ab       0x2d /usr/lib/gcc/arm-none-eabi/10.3.1/../../../arm-none-eabi/lib/thumb/v7-m/nofp/libc_nano.a(lib_a-stdio.o)
 .ARM.attributes
                0x00000000000007d8       0x1b /usr/lib/gcc/arm-none-eabi/10.3.1/../../../arm-none-eabi/lib/thumb/v7-m/nofp/libc_nano.a(lib_a-strcmp.o)
 .ARM.attributes
                0x00000000000007f3       0x2d /usr/lib/gcc/arm-none-eabi/10.3.1/../../../arm-none-eabi/lib/thumb/v7-m/nofp/libc_nano.a(lib_a-strcpy.o)
 .ARM.attributes
                0x0000000000000820       0x2d /usr/lib/gcc/arm-none-eabi/10.3.1/../../../arm-none-eabi/lib/thumb/v7-m/nofp/libc_nano.a(lib_a-strlen-stub.o)
 .ARM.attributes
                0x000000000000084d       0x2d /usr/lib/gcc/arm-none-eabi/10.3.1/../../../arm-none-eabi/lib/thumb/v7-m/nofp/libc_nano.a(lib_a-strncmp.o)
 .ARM.attributes
                0x000000000000087a       0x2d /usr/lib/gcc/arm-none-eabi/10.3.1/../../../arm-none-eabi/lib/thumb/v7-m/nofp/libc_nano.a(lib_a-strtod.o)
 .ARM.attributes
                0x00000000000008a7       0x2d /usr/lib/gcc/arm-none-eabi/10.3.1/../../../arm-none-eabi/lib/thumb/v7-m/nofp/libc_nano.a(lib_a-strtol.o)
 .ARM.attributes
                0x00000000000008d4       0x2d /usr/lib/gcc/arm-none-eabi/10.3.1/../../../arm-none-eabi/lib/thumb/v7-m/nofp/libc_nano.a(lib_a-strtoul.o)
 .ARM.attributes
                0x0000000000000901       0x2d /usr/lib/gcc/arm-none-eabi/10.3.1/../../../arm-none-eabi/lib/thumb/v7-m/nofp/libc_nano.a(lib_a-wbuf.o)
 .ARM.attributes
                0x000000000000092e       0x2d /usr/lib/gcc/arm-none-eabi/10.3.1/../../../arm-none-eabi/lib/thumb/v7-m/nofp/libc_nano.a(lib_a-writer.o)
 .ARM.attributes
                0x000000000000095b       0x2d /usr/lib/gcc/arm-none-eabi/10.3.1/../../../arm-none-eabi/lib/thumb/v7-m/nofp/libc_nano.a(lib_a-wsetup.o)
 .ARM.attributes
                0x0000000000000988       0x2d /usr/lib/gcc/arm-none-eabi/10.3.1/../../../arm-none-eabi/lib/thumb/v7-m/nofp/libc_nano.a(lib_a-closer.o)
 .ARM.attributes
                0x00000000000009b5       0x2d /usr/lib/gcc/arm-none-eabi/10.3.1/../../../arm-none-eabi/lib/thumb/v7-m/nofp/libc_nano.a(lib_a-errno.o)
 .ARM.attributes
                0x00000000000009e2       0x2d /usr/lib/gcc/arm-none-eabi/10.3.1/../../../arm-none-eabi/lib/thumb/v7-m/nofp/libc_nano.a(lib_a-fflush.o)
 .ARM.attributes
                0x0000000000000a0f       0x2d /usr/lib/gcc/arm-none-eabi/10.3.1/../../../arm-none-eabi/lib/thumb/v7-m/nofp/libc_nano.a(lib_a-findfp.o)
 .ARM.attributes
                0x0000000000000a3c       0x2d /usr/lib/gcc/arm-none-eabi/10.3.1/../../../arm-none-eabi/lib/thumb/v7-m/nofp/libc_nano.a(lib_a-fwalk.o)
 .ARM.attributes
                0x0000000000000a69       0x2d /usr/lib/gcc/arm-none-eabi/10.3.1/../../../arm-none-eabi/lib/thumb/v7-m/nofp/libc_nano.a(lib_a-gdtoa-gethex.o)
 .ARM.attributes
                0x0000000000000a96       0x2d /usr/lib/gcc/arm-none-eabi/10.3.1/../../../arm-none-eabi/lib/thumb/v7-m/nofp/libc_nano.a(lib_a-gdtoa-hexnan.o)
 .ARM.attributes
                0x0000000000000ac3       0x2d /usr/lib/gcc/arm-none-eabi/10.3.1/../../../arm-none-eabi/lib/thumb/v7-m/nofp/libc_nano.a(lib_a-lnumeric.o)
 .ARM.attributes
                0x0000000000000af0       0x2d /usr/lib/gcc/arm-none-eabi/10.3.1/../../../arm-none-eabi/lib/thumb/v7-m/nofp/libc_nano.a(lib_a-locale.o)
 .ARM.attributes
                0x0000000000000b1d       0x2d /usr/lib/gcc/arm-none-eabi/10.3.1/../../../arm-none-eabi/lib/thumb/v7-m/nofp/libc_nano.a(lib_a-lseekr.o)
 .ARM.attributes
                0x0000000000000b4a       0x2d /usr/lib/gcc/arm-none-eabi/10.3.1/../../../arm-none-eabi/lib/thumb/v7-m/nofp/libc_nano.a(lib_a-makebuf.o)
 .ARM.attributes
                0x0000000000000b77       0x2d /usr/lib/gcc/arm-none-eabi/10.3.1/../../../arm-none-eabi/lib/thumb/v7-m/nofp/libc_nano.a(lib_a-mbtowc_r.o)
 .ARM.attributes
                0x0000000000000ba4       0x2d /usr/lib/gcc/arm-none-eabi/10.3.1/../../../arm-none-eabi/lib/thumb/v7-m/nofp/libc_nano.a(lib_a-mlock.o)
 .ARM.attributes
                0x0000000000000bd1       0x2d /usr/lib/gcc/arm-none-eabi/10.3.1/../../../arm-none-eabi/lib/thumb/v7-m/nofp/libc_nano.a(lib_a-mprec.o)
 .ARM.attributes
                0x0000000000000bfe       0x2d /usr/lib/gcc/arm-none-eabi/10.3.1/../../../arm-none-eabi/lib/thumb/v7-m/nofp/libc_nano.a(lib_a-nano-callocr.o)
 .ARM.attributes
                0x0000000000000c2b       0x2d /usr/lib/gcc/arm-none-eabi/10.3.1/../../../arm-none-eabi/lib/thumb/v7-m/nofp/libc_nano.a(lib_a-nano-reallocr.o)
 .ARM.attributes
                0x0000000000000c58       0x2d /usr/lib/gcc/arm-none-eabi/10.3.1/../../../arm-none-eabi/lib/thumb/v7-m/nofp/libc_nano.a(lib_a-nano-svfprintf.o)
 .ARM.attributes
                0x0000000000000c85       0x2d /usr/lib/gcc/arm-none-eabi/10.3.1/../../../arm-none-eabi/lib/thumb/v7-m/nofp/libc_nano.a(lib_a-nano-svfscanf.o)
 .ARM.attributes
                0x0000000000000cb2       0x2d /usr/lib/gcc/arm-none-eabi/10.3.1/../../../arm-none-eabi/lib/thumb/v7-m/nofp/libc_nano.a(lib_a-nano-vfprintf.o)
 .ARM.attributes
                0x0000000000000cdf       0x2d /usr/lib/gcc/arm-none-eabi/10.3.1/../../../arm-none-eabi/lib/thumb/v7-m/nofp/libc_nano.a(lib_a-nano-vfprintf_i.o)
 .ARM.attributes
                0x0000000000000d0c       0x2d /usr/lib/gcc/arm-none-eabi/10.3.1/../../../arm-none-eabi/lib/thumb/v7-m/nofp/libc_nano.a(lib_a-nano-vfscanf_i.o)
 .ARM.attributes
                0x0000000000000d39       0x2d /usr/lib/gcc/arm-none-eabi/10.3.1/../../../arm-none-eabi/lib/thumb/v7-m/nofp/libc_nano.a(lib_a-readr.o)
 .ARM.attributes
                0x0000000000000d66       0x2d /usr/lib/gcc/arm-none-eabi/10.3.1/../../../arm-none-eabi/lib/thumb/v7-m/nofp/libc_nano.a(lib_a-reent.o)
 .ARM.attributes
                0x0000000000000d93       0x2d /usr/lib/gcc/arm-none-eabi/10.3.1/../../../arm-none-eabi/lib/thumb/v7-m/nofp/libc_nano.a(lib_a-s_nan.o)
 .ARM.attributes
                0x0000000000000dc0       0x2d /usr/lib/gcc/arm-none-eabi/10.3.1/../../../arm-none-eabi/lib/thumb/v7-m/nofp/libc_nano.a(lib_a-sccl.o)
 .ARM.attributes
                0x0000000000000ded       0x2d /usr/lib/gcc/arm-none-eabi/10.3.1/../../../arm-none-eabi/lib/thumb/v7-m/nofp/libc_nano.a(lib_a-sf_nan.o)
 .ARM.attributes
                0x0000000000000e1a       0x2d /usr/lib/gcc/arm-none-eabi/10.3.1/../../../arm-none-eabi/lib/thumb/v7-m/nofp/libc_nano.a(lib_a-ungetc.o)
 .ARM.attributes
                0x0000000000000e47       0x2d /usr/lib/gcc/arm-none-eabi/10.3.1/../../../arm-none-eabi/lib/thumb/v7-m/nofp/libc_nano.a(lib_a-wctomb_r.o)
 .ARM.attributes
                0x0000000000000e74       0x2d /usr/lib/gcc/arm-none-eabi/10.3.1/../../../arm-none-eabi/lib/thumb/v7-m/nofp/libc_nano.a(lib_a-assert.o)
 .ARM.attributes
                0x0000000000000ea1       0x2d /usr/lib/gcc/arm-none-eabi/10.3.1/../../../arm-none-eabi/lib/thumb/v7-m/nofp/libc_nano.a(lib_a-fprintf.o)
 .ARM.attributes
                0x0000000000000ece       0x2d /usr/lib/gcc/arm-none-eabi/10.3.1/../../../arm-none-eabi/lib/thumb/v7-m/nofp/libc_nano.a(lib_a-fstatr.o)
 .ARM.attributes
                0x0000000000000efb       0x2d /usr/lib/gcc/arm-none-eabi/10.3.1/../../../arm-none-eabi/lib/thumb/v7-m/nofp/libc_nano.a(lib_a-fvwrite.o)
 .ARM.attributes
                0x0000000000000f28       0x2d /usr/lib/gcc/arm-none-eabi/10.3.1/../../../arm-none-eabi/lib/thumb/v7-m/nofp/libc_nano.a(lib_a-isattyr.o)
 .ARM.attributes
                0x0000000000000f55       0x2d /usr/lib/gcc/arm-none-eabi/10.3.1/../../../arm-none-eabi/lib/thumb/v7-m/nofp/libc_nano.a(lib_a-memchr-stub.o)
 .ARM.attributes
                0x0000000000000f82       0x2d /usr/lib/gcc/arm-none-eabi/10.3.1/../../../arm-none-eabi/lib/thumb/v7-m/nofp/libc_nano.a(lib_a-memmove.o)
 .ARM.attributes
                0x0000000000000faf       0x2d /usr/lib/gcc/arm-none-eabi/10.3.1/../../../arm-none-eabi/lib/thumb/v7-m/nofp/libc_nano.a(lib_a-nano-msizer.o)
 .ARM.attributes
                0x0000000000000fdc       0x2d /usr/lib/gcc/arm-none-eabi/10.3.1/../../../arm-none-eabi/lib/thumb/v7-m/nofp/libc_nano.a(lib_a-abort.o)
 .ARM.attributes
                0x0000000000001009       0x2d /usr/lib/gcc/arm-none-eabi/10.3.1/../../../arm-none-eabi/lib/thumb/v7-m/nofp/libc_nano.a(lib_a-signal.o)
 .ARM.attributes
                0x0000000000001036       0x2d /usr/lib/gcc/arm-none-eabi/10.3.1/../../../arm-none-eabi/lib/thumb/v7-m/nofp/libc_nano.a(lib_a-signalr.o)
 .ARM.attributes
                0x0000000000001063       0x1d /usr/lib/gcc/arm-none-eabi/10.3.1/thumb/v7-m/nofp/libgcc.a(_arm_muldivdf3.o)
 .ARM.attributes
                0x0000000000001080       0x1d /usr/lib/gcc/arm-none-eabi/10.3.1/thumb/v7-m/nofp/libgcc.a(_arm_fixunsdfsi.o)
 .ARM.attributes
                0x000000000000109d       0x1d /usr/lib/gcc/arm-none-eabi/10.3.1/thumb/v7-m/nofp/libgcc.a(_arm_truncdfsf2.o)
 .ARM.attributes
                0x00000000000010ba       0x1d /usr/lib/gcc/arm-none-eabi/10.3.1/thumb/v7-m/nofp/libgcc.a(_arm_cmpsf2.o)
 .ARM.attributes
                0x00000000000010d7       0x1d /usr/lib/gcc/arm-none-eabi/10.3.1/thumb/v7-m/nofp/libgcc.a(_arm_unordsf2.o)
 .ARM.attributes
                0x00000000000010f4       0x2d /usr/lib/gcc/arm-none-eabi/10.3.1/thumb/v7-m/nofp/libgcc.a(_fixdfdi.o)
 .ARM.attributes
                0x0000000000001121       0x2d /usr/lib/gcc/arm-none-eabi/10.3.1/thumb/v7-m/nofp/libgcc.a(_fixunsdfdi.o)
 .ARM.attributes
                0x000000000000114e       0x2d /usr/lib/gcc/arm-none-eabi/10.3.1/../../../arm-none-eabi/lib/thumb/v7-m/nofp/libnosys.a(close.o)
 .ARM.attributes
                0x000000000000117b       0x2d /usr/lib/gcc/arm-none-eabi/10.3.1/../../../arm-none-eabi/lib/thumb/v7-m/nofp/libnosys.a(fstat.o)
 .ARM.attributes
                0x00000000000011a8       0x2d /usr/lib/gcc/arm-none-eabi/10.3.1/../../../arm-none-eabi/lib/thumb/v7-m/nofp/libnosys.a(getpid.o)
 .ARM.attributes
                0x00000000000011d5       0x2d /usr/lib/gcc/arm-none-eabi/10.3.1/../../../arm-none-eabi/lib/thumb/v7-m/nofp/libnosys.a(isatty.o)
 .ARM.attributes
                0x0000000000001202       0x2d /usr/lib/gcc/arm-none-eabi/10.3.1/../../../arm-none-eabi/lib/thumb/v7-m/nofp/libnosys.a(kill.o)
 .ARM.attributes
                0x000000000000122f       0x2d /usr/lib/gcc/arm-none-eabi/10.3.1/../../../arm-none-eabi/lib/thumb/v7-m/nofp/libnosys.a(lseek.o)
 .ARM.attributes
                0x000000000000125c       0x2d /usr/lib/gcc/arm-none-eabi/10.3.1/../../../arm-none-eabi/lib/thumb/v7-m/nofp/libnosys.a(read.o)
 .ARM.attributes
                0x0000000000001289       0x2d /usr/lib/gcc/arm-none-eabi/10.3.1/../../../arm-none-eabi/lib/thumb/v7-m/nofp/libnosys.a(sbrk.o)
 .ARM.attributes
                0x00000000000012b6       0x2d /usr/lib/gcc/arm-none-eabi/10.3.1/../../../arm-none-eabi/lib/thumb/v7-m/nofp/libnosys.a(write.o)
 .ARM.attributes
                0x00000000000012e3       0x2d /usr/lib/gcc/arm-none-eabi/10.3.1/../../../arm-none-eabi/lib/thumb/v7-m/nofp/libnosys.a(_exit.o)
 .ARM.attributes
                0x0000000000001310       0x2d /usr/lib/gcc/arm-none-eabi/10.3.1/thumb/v7-m/nofp/crtend.o
 .ARM.attributes
                0x000000000000133d       0x1d /usr/lib/gcc/arm-none-eabi/10.3.1/thumb/v7-m/nofp/crtn.o
OUTPUT(bin/firmware.elf elf32-littlearm)
LOAD linker stubs
LOAD /usr/lib/gcc/arm-none-eabi/10.3.1/../../../arm-none-eabi/lib/thumb/v7-m/nofp/libc.a
LOAD /usr/lib/gcc/arm-none-eabi/10.3.1/../../../arm-none-eabi/lib/thumb/v7-m/nofp/libm.a
LOAD /usr/lib/gcc/arm-none-eabi/10.3.1/thumb/v7-m/nofp/libgcc.a

.comment        0x0000000000000000       0x33
 .comment       0x0000000000000000       0x33 /usr/lib/gcc/arm-none-eabi/10.3.1/thumb/v7-m/nofp/crtbegin.o
                                         0x34 (size before relaxing)
 .comment       0x0000000000000033       0x34 obj/I2C.o
 .comment       0x0000000000000033       0x34 obj/lantask.o
 .comment       0x0000000000000033       0x34 obj/main.o
 .comment       0x0000000000000033       0x34 obj/parser.o
 .comment       0x0000000000000033       0x34 obj/rest_parser.o
 .comment       0x0000000000000033       0x34 obj/shell.o
 .comment       0x0000000000000033       0x34 obj/shell_commands.o
 .comment       0x0000000000000033       0x34 obj/system.o
 .comment       0x0000000000000033       0x34 obj/HSE_CLK.o
 .comment       0x0000000000000033       0x34 obj/delay.o
 .comment       0x0000000000000033       0x34 obj/fact_reset.o
 .comment       0x0000000000000033       0x34 obj/flash.o
 .comment       0x0000000000000033       0x34 obj/interface.o
 .comment       0x0000000000000033       0x34 obj/matrix_io.o
 .comment       0x0000000000000033       0x34 obj/mux_io.o
 .comment       0x0000000000000033       0x34 obj/no_os_util.o
 .comment       0x0000000000000033       0x34 obj/pin_intr.o
 .comment       0x0000000000000033       0x34 obj/spi.o
 .comment       0x0000000000000033       0x34 obj/uart.o
 .comment       0x0000000000000033       0x34 obj/socket.o
 .comment       0x0000000000000033       0x34 obj/w5500.o
 .comment       0x0000000000000033       0x34 obj/wizchip_conf.o
 .comment       0x0000000000000033       0x34 obj/cJSON.o
 .comment       0x0000000000000033       0x34 /usr/lib/gcc/arm-none-eabi/10.3.1/thumb/v7-m/nofp/libgcc.a(_udivmoddi4.o)
 .comment       0x0000000000000033       0x34 /usr/lib/gcc/arm-none-eabi/10.3.1/../../../arm-none-eabi/lib/thumb/v7-m/nofp/libc_nano.a(lib_a-ctype_.o)
 .comment       0x0000000000000033       0x34 /usr/lib/gcc/arm-none-eabi/10.3.1/../../../arm-none-eabi/lib/thumb/v7-m/nofp/libc_nano.a(lib_a-impure.o)
 .comment       0x0000000000000033       0x34 /usr/lib/gcc/arm-none-eabi/10.3.1/../../../arm-none-eabi/lib/thumb/v7-m/nofp/libc_nano.a(lib_a-malloc.o)
 .comment       0x0000000000000033       0x34 /usr/lib/gcc/arm-none-eabi/10.3.1/../../../arm-none-eabi/lib/thumb/v7-m/nofp/libc_nano.a(lib_a-memcmp.o)
 .comment       0x0000000000000033       0x34 /usr/lib/gcc/arm-none-eabi/10.3.1/../../../arm-none-eabi/lib/thumb/v7-m/nofp/libc_nano.a(lib_a-memset.o)
 .comment       0x0000000000000033       0x34 /usr/lib/gcc/arm-none-eabi/10.3.1/../../../arm-none-eabi/lib/thumb/v7-m/nofp/libc_nano.a(lib_a-nano-freer.o)
 .comment       0x0000000000000033       0x34 /usr/lib/gcc/arm-none-eabi/10.3.1/../../../arm-none-eabi/lib/thumb/v7-m/nofp/libc_nano.a(lib_a-nano-mallocr.o)
 .comment       0x0000000000000033       0x34 /usr/lib/gcc/arm-none-eabi/10.3.1/../../../arm-none-eabi/lib/thumb/v7-m/nofp/libc_nano.a(lib_a-realloc.o)
 .comment       0x0000000000000033       0x34 /usr/lib/gcc/arm-none-eabi/10.3.1/../../../arm-none-eabi/lib/thumb/v7-m/nofp/libc_nano.a(lib_a-sbrkr.o)
 .comment       0x0000000000000033       0x34 /usr/lib/gcc/arm-none-eabi/10.3.1/../../../arm-none-eabi/lib/thumb/v7-m/nofp/libc_nano.a(lib_a-snprintf.o)
 .comment       0x0000000000000033       0x34 /usr/lib/gcc/arm-none-eabi/10.3.1/../../../arm-none-eabi/lib/thumb/v7-m/nofp/libc_nano.a(lib_a-sprintf.o)
 .comment       0x0000000000000033       0x34 /usr/lib/gcc/arm-none-eabi/10.3.1/../../../arm-none-eabi/lib/thumb/v7-m/nofp/libc_nano.a(lib_a-sscanf.o)
 .comment       0x0000000000000033       0x34 /usr/lib/gcc/arm-none-eabi/10.3.1/../../../arm-none-eabi/lib/thumb/v7-m/nofp/libc_nano.a(lib_a-stdio.o)
 .comment       0x0000000000000033       0x34 /usr/lib/gcc/arm-none-eabi/10.3.1/../../../arm-none-eabi/lib/thumb/v7-m/nofp/libc_nano.a(lib_a-strcpy.o)
 .comment       0x0000000000000033       0x34 /usr/lib/gcc/arm-none-eabi/10.3.1/../../../arm-none-eabi/lib/thumb/v7-m/nofp/libc_nano.a(lib_a-strlen-stub.o)
 .comment       0x0000000000000033       0x34 /usr/lib/gcc/arm-none-eabi/10.3.1/../../../arm-none-eabi/lib/thumb/v7-m/nofp/libc_nano.a(lib_a-strncmp.o)
 .comment       0x0000000000000033       0x34 /usr/lib/gcc/arm-none-eabi/10.3.1/../../../arm-none-eabi/lib/thumb/v7-m/nofp/libc_nano.a(lib_a-strtod.o)
 .comment       0x0000000000000033       0x34 /usr/lib/gcc/arm-none-eabi/10.3.1/../../../arm-none-eabi/lib/thumb/v7-m/nofp/libc_nano.a(lib_a-strtol.o)
 .comment       0x0000000000000033       0x34 /usr/lib/gcc/arm-none-eabi/10.3.1/../../../arm-none-eabi/lib/thumb/v7-m/nofp/libc_nano.a(lib_a-strtoul.o)
 .comment       0x0000000000000033       0x34 /usr/lib/gcc/arm-none-eabi/10.3.1/../../../arm-none-eabi/lib/thumb/v7-m/nofp/libc_nano.a(lib_a-wbuf.o)
 .comment       0x0000000000000033       0x34 /usr/lib/gcc/arm-none-eabi/10.3.1/../../../arm-none-eabi/lib/thumb/v7-m/nofp/libc_nano.a(lib_a-writer.o)
 .comment       0x0000000000000033       0x34 /usr/lib/gcc/arm-none-eabi/10.3.1/../../../arm-none-eabi/lib/thumb/v7-m/nofp/libc_nano.a(lib_a-wsetup.o)
 .comment       0x0000000000000033       0x34 /usr/lib/gcc/arm-none-eabi/10.3.1/../../../arm-none-eabi/lib/thumb/v7-m/nofp/libc_nano.a(lib_a-closer.o)
 .comment       0x0000000000000033       0x34 /usr/lib/gcc/arm-none-eabi/10.3.1/../../../arm-none-eabi/lib/thumb/v7-m/nofp/libc_nano.a(lib_a-errno.o)
 .comment       0x0000000000000033       0x34 /usr/lib/gcc/arm-none-eabi/10.3.1/../../../arm-none-eabi/lib/thumb/v7-m/nofp/libc_nano.a(lib_a-fflush.o)
 .comment       0x0000000000000033       0x34 /usr/lib/gcc/arm-none-eabi/10.3.1/../../../arm-none-eabi/lib/thumb/v7-m/nofp/libc_nano.a(lib_a-findfp.o)
 .comment       0x0000000000000033       0x34 /usr/lib/gcc/arm-none-eabi/10.3.1/../../../arm-none-eabi/lib/thumb/v7-m/nofp/libc_nano.a(lib_a-fwalk.o)
 .comment       0x0000000000000033       0x34 /usr/lib/gcc/arm-none-eabi/10.3.1/../../../arm-none-eabi/lib/thumb/v7-m/nofp/libc_nano.a(lib_a-gdtoa-gethex.o)
 .comment       0x0000000000000033       0x34 /usr/lib/gcc/arm-none-eabi/10.3.1/../../../arm-none-eabi/lib/thumb/v7-m/nofp/libc_nano.a(lib_a-gdtoa-hexnan.o)
 .comment       0x0000000000000033       0x34 /usr/lib/gcc/arm-none-eabi/10.3.1/../../../arm-none-eabi/lib/thumb/v7-m/nofp/libc_nano.a(lib_a-lnumeric.o)
 .comment       0x0000000000000033       0x34 /usr/lib/gcc/arm-none-eabi/10.3.1/../../../arm-none-eabi/lib/thumb/v7-m/nofp/libc_nano.a(lib_a-locale.o)
 .comment       0x0000000000000033       0x34 /usr/lib/gcc/arm-none-eabi/10.3.1/../../../arm-none-eabi/lib/thumb/v7-m/nofp/libc_nano.a(lib_a-lseekr.o)
 .comment       0x0000000000000033       0x34 /usr/lib/gcc/arm-none-eabi/10.3.1/../../../arm-none-eabi/lib/thumb/v7-m/nofp/libc_nano.a(lib_a-makebuf.o)
 .comment       0x0000000000000033       0x34 /usr/lib/gcc/arm-none-eabi/10.3.1/../../../arm-none-eabi/lib/thumb/v7-m/nofp/libc_nano.a(lib_a-mbtowc_r.o)
 .comment       0x0000000000000033       0x34 /usr/lib/gcc/arm-none-eabi/10.3.1/../../../arm-none-eabi/lib/thumb/v7-m/nofp/libc_nano.a(lib_a-mlock.o)
 .comment       0x0000000000000033       0x34 /usr/lib/gcc/arm-none-eabi/10.3.1/../../../arm-none-eabi/lib/thumb/v7-m/nofp/libc_nano.a(lib_a-mprec.o)
 .comment       0x0000000000000033       0x34 /usr/lib/gcc/arm-none-eabi/10.3.1/../../../arm-none-eabi/lib/thumb/v7-m/nofp/libc_nano.a(lib_a-nano-callocr.o)
 .comment       0x0000000000000033       0x34 /usr/lib/gcc/arm-none-eabi/10.3.1/../../../arm-none-eabi/lib/thumb/v7-m/nofp/libc_nano.a(lib_a-nano-reallocr.o)
 .comment       0x0000000000000033       0x34 /usr/lib/gcc/arm-none-eabi/10.3.1/../../../arm-none-eabi/lib/thumb/v7-m/nofp/libc_nano.a(lib_a-nano-svfprintf.o)
 .comment       0x0000000000000033       0x34 /usr/lib/gcc/arm-none-eabi/10.3.1/../../../arm-none-eabi/lib/thumb/v7-m/nofp/libc_nano.a(lib_a-nano-svfscanf.o)
 .comment       0x0000000000000033       0x34 /usr/lib/gcc/arm-none-eabi/10.3.1/../../../arm-none-eabi/lib/thumb/v7-m/nofp/libc_nano.a(lib_a-nano-vfprintf.o)
 .comment       0x0000000000000033       0x34 /usr/lib/gcc/arm-none-eabi/10.3.1/../../../arm-none-eabi/lib/thumb/v7-m/nofp/libc_nano.a(lib_a-nano-vfprintf_i.o)
 .comment       0x0000000000000033       0x34 /usr/lib/gcc/arm-none-eabi/10.3.1/../../../arm-none-eabi/lib/thumb/v7-m/nofp/libc_nano.a(lib_a-nano-vfscanf_i.o)
 .comment       0x0000000000000033       0x34 /usr/lib/gcc/arm-none-eabi/10.3.1/../../../arm-none-eabi/lib/thumb/v7-m/nofp/libc_nano.a(lib_a-readr.o)
 .comment       0x0000000000000033       0x34 /usr/lib/gcc/arm-none-eabi/10.3.1/../../../arm-none-eabi/lib/thumb/v7-m/nofp/libc_nano.a(lib_a-reent.o)
 .comment       0x0000000000000033       0x34 /usr/lib/gcc/arm-none-eabi/10.3.1/../../../arm-none-eabi/lib/thumb/v7-m/nofp/libc_nano.a(lib_a-s_nan.o)
 .comment       0x0000000000000033       0x34 /usr/lib/gcc/arm-none-eabi/10.3.1/../../../arm-none-eabi/lib/thumb/v7-m/nofp/libc_nano.a(lib_a-sccl.o)
 .comment       0x0000000000000033       0x34 /usr/lib/gcc/arm-none-eabi/10.3.1/../../../arm-none-eabi/lib/thumb/v7-m/nofp/libc_nano.a(lib_a-sf_nan.o)
 .comment       0x0000000000000033       0x34 /usr/lib/gcc/arm-none-eabi/10.3.1/../../../arm-none-eabi/lib/thumb/v7-m/nofp/libc_nano.a(lib_a-ungetc.o)
 .comment       0x0000000000000033       0x34 /usr/lib/gcc/arm-none-eabi/10.3.1/../../../arm-none-eabi/lib/thumb/v7-m/nofp/libc_nano.a(lib_a-wctomb_r.o)
 .comment       0x0000000000000033       0x34 /usr/lib/gcc/arm-none-eabi/10.3.1/../../../arm-none-eabi/lib/thumb/v7-m/nofp/libc_nano.a(lib_a-assert.o)
 .comment       0x0000000000000033       0x34 /usr/lib/gcc/arm-none-eabi/10.3.1/../../../arm-none-eabi/lib/thumb/v7-m/nofp/libc_nano.a(lib_a-fprintf.o)
 .comment       0x0000000000000033       0x34 /usr/lib/gcc/arm-none-eabi/10.3.1/../../../arm-none-eabi/lib/thumb/v7-m/nofp/libc_nano.a(lib_a-fstatr.o)
 .comment       0x0000000000000033       0x34 /usr/lib/gcc/arm-none-eabi/10.3.1/../../../arm-none-eabi/lib/thumb/v7-m/nofp/libc_nano.a(lib_a-fvwrite.o)
 .comment       0x0000000000000033       0x34 /usr/lib/gcc/arm-none-eabi/10.3.1/../../../arm-none-eabi/lib/thumb/v7-m/nofp/libc_nano.a(lib_a-isattyr.o)
 .comment       0x0000000000000033       0x34 /usr/lib/gcc/arm-none-eabi/10.3.1/../../../arm-none-eabi/lib/thumb/v7-m/nofp/libc_nano.a(lib_a-memchr-stub.o)
 .comment       0x0000000000000033       0x34 /usr/lib/gcc/arm-none-eabi/10.3.1/../../../arm-none-eabi/lib/thumb/v7-m/nofp/libc_nano.a(lib_a-memmove.o)